Archive member included to satisfy reference by file (symbol)

C:\Workspace\ws_drone_v10\example_starterware_epwm_app\src\sysbios\sysbios.aa8fg(arm_TaskSupport_asm_gnu.o)
                              C:\Workspace\ws_drone_v10\example_starterware_epwm_app\Debug\configPkg\package\cfg\app_pa8fg.oa8fg (ti_sysbios_family_arm_TaskSupport_swap__E)
C:\Workspace\ws_drone_v10\example_starterware_epwm_app\src\sysbios\sysbios.aa8fg(a8_Cache_asm_gnu.o)
                              C:\Workspace\ws_drone_v10\example_starterware_epwm_app\Debug\configPkg\package\cfg\app_pa8fg.oa8fg (ti_sysbios_family_arm_a8_Cache_wb__E)
C:\Workspace\ws_drone_v10\example_starterware_epwm_app\src\sysbios\sysbios.aa8fg(a8_TimestampProvider_asm_gnu.o)
                              C:\Workspace\ws_drone_v10\example_starterware_epwm_app\Debug\configPkg\package\cfg\app_pa8fg.oa8fg (ti_sysbios_family_arm_a8_TimestampProvider_get32__E)
C:\Workspace\ws_drone_v10\example_starterware_epwm_app\src\sysbios\sysbios.aa8fg(intcps_Hwi_asm_gnu.o)
                              C:\Workspace\ws_drone_v10\example_starterware_epwm_app\Debug\configPkg\package\cfg\app_pa8fg.oa8fg (ti_sysbios_family_arm_a8_intcps_Hwi_dispatchIRQ(int0_t))
C:\Workspace\ws_drone_v10\example_starterware_epwm_app\src\sysbios\sysbios.aa8fg(exc_Exception_asm_gnu.o)
                              C:\Workspace\ws_drone_v10\example_starterware_epwm_app\Debug\configPkg\package\cfg\app_pa8fg.oa8fg (ti_sysbios_family_arm_exc_Exception_excHandlerAsm(int0_t))
C:\Workspace\ws_drone_v10\example_starterware_epwm_app\src\sysbios\sysbios.aa8fg(_BIOS.o)
                              C:\Workspace\ws_drone_v10\example_starterware_epwm_app\Debug\configPkg\package\cfg\app_pa8fg.oa8fg (ti_sysbios_BIOS_linkedWithIncorrectBootLibrary__E)
C:\Workspace\ws_drone_v10\example_starterware_epwm_app\src\sysbios\sysbios.aa8fg(arm_IntrinsicsSupport.o)
                              C:\Workspace\ws_drone_v10\example_starterware_epwm_app\Debug\configPkg\package\cfg\app_pa8fg.oa8fg (ti_sysbios_family_arm_IntrinsicsSupport_maxbit__E)
C:\Workspace\ws_drone_v10\example_starterware_epwm_app\src\sysbios\sysbios.aa8fg(arm_TaskSupport.o)
                              C:\Workspace\ws_drone_v10\example_starterware_epwm_app\Debug\configPkg\package\cfg\app_pa8fg.oa8fg (ti_sysbios_family_arm_TaskSupport_start__E)
C:\Workspace\ws_drone_v10\example_starterware_epwm_app\src\sysbios\sysbios.aa8fg(knl_Clock.o)
                              C:\Workspace\ws_drone_v10\example_starterware_epwm_app\Debug\configPkg\package\cfg\app_pa8fg.oa8fg (ti_sysbios_knl_Clock_Module_startup__E)
C:\Workspace\ws_drone_v10\example_starterware_epwm_app\src\sysbios\sysbios.aa8fg(knl_Queue.o)
                              C:\Workspace\ws_drone_v10\example_starterware_epwm_app\Debug\configPkg\package\cfg\app_pa8fg.oa8fg (ti_sysbios_knl_Queue_Instance_init__E)
C:\Workspace\ws_drone_v10\example_starterware_epwm_app\src\sysbios\sysbios.aa8fg(knl_Semaphore.o)
                              C:\Workspace\ws_drone_v10\example_starterware_epwm_app\Debug\configPkg\package\cfg\app_pa8fg.oa8fg (ti_sysbios_knl_Semaphore_Instance_init__E)
C:\Workspace\ws_drone_v10\example_starterware_epwm_app\src\sysbios\sysbios.aa8fg(knl_Swi.o)
                              C:\Workspace\ws_drone_v10\example_starterware_epwm_app\Debug\configPkg\package\cfg\app_pa8fg.oa8fg (ti_sysbios_knl_Swi_Module_startup__E)
C:\Workspace\ws_drone_v10\example_starterware_epwm_app\src\sysbios\sysbios.aa8fg(knl_Task.o)
                              C:\Workspace\ws_drone_v10\example_starterware_epwm_app\Debug\configPkg\package\cfg\app_pa8fg.oa8fg (ti_sysbios_knl_Task_startup__E)
C:\Workspace\ws_drone_v10\example_starterware_epwm_app\src\sysbios\sysbios.aa8fg(hal_Core.o)
                              C:\Workspace\ws_drone_v10\example_starterware_epwm_app\src\sysbios\sysbios.aa8fg(exc_Exception_asm_gnu.o) (ti_sysbios_hal_Core_getId__E)
C:\Workspace\ws_drone_v10\example_starterware_epwm_app\src\sysbios\sysbios.aa8fg(hal_CoreNull.o)
                              C:\Workspace\ws_drone_v10\example_starterware_epwm_app\Debug\configPkg\package\cfg\app_pa8fg.oa8fg (ti_sysbios_hal_CoreNull_lock__E)
C:\Workspace\ws_drone_v10\example_starterware_epwm_app\src\sysbios\sysbios.aa8fg(hal_Hwi.o)
                              C:\Workspace\ws_drone_v10\example_starterware_epwm_app\Debug\configPkg\package\cfg\app_pa8fg.oa8fg (ti_sysbios_hal_Hwi_Module_startup__E)
C:\Workspace\ws_drone_v10\example_starterware_epwm_app\src\sysbios\sysbios.aa8fg(hal_Hwi_stack.o)
                              C:\Workspace\ws_drone_v10\example_starterware_epwm_app\Debug\configPkg\package\cfg\app_pa8fg.oa8fg (ti_sysbios_hal_Hwi_initStack)
C:\Workspace\ws_drone_v10\example_starterware_epwm_app\src\sysbios\sysbios.aa8fg(hal_Hwi_startup.o)
                              C:\Workspace\ws_drone_v10\example_starterware_epwm_app\Debug\configPkg\package\cfg\app_pa8fg.oa8fg (ti_sysbios_hal_Hwi_startup__E)
[...]
Memory Configuration

Name             Origin             Length             Attributes
DDR0             0x80000000         0x10000000
OCMCRAM          0x40300000         0x00040000
SRAM_LO          0x402f0000         0x00000400         xrw
SRAM_HI          0x402f0400         0x0000fc00         xrw
OCMC_SRAM        0x40300000         0x00010000         xrw
DDR2             0x80000000         0x10000000
*default*        0x00000000         0xffffffff

Linker script and memory map

                0x0001c000                STACKSIZE = 0x1c000
                0x00000400                HEAPSIZE = 0x400
LOAD ./Code/epwm_app.o
LOAD ./Code/haptics_motor/haptics_motor_app_main.o

.startcode      0x80000000        0x0
                0x80000000                . = ALIGN (0x4)
 *init.o(.text)

.text           0x80000000    0x168f8
                0x80000000                . = ALIGN (0x4)
 *(.text*)
 .text          0x80000000      0x2d4 ./Code/epwm_app.o
                0x80000240                EPWMAppInit
 .text          0x800002d4      0x270 ./Code/haptics_motor/haptics_motor_app_main.o
                0x80000434                main
 .text          0x80000544        0x0 C:\Workspace\ws_drone_v10\example_starterware_epwm_app\Debug\configPkg\package\cfg\app_pa8fg.oa8fg
 .text.xdc_iargToPtr
                0x80000544       0x24 C:\Workspace\ws_drone_v10\example_starterware_epwm_app\Debug\configPkg\package\cfg\app_pa8fg.oa8fg
 .text.xdc_runtime_IHeap_alloc
                0x80000568       0x4c C:\Workspace\ws_drone_v10\example_starterware_epwm_app\Debug\configPkg\package\cfg\app_pa8fg.oa8fg
 .text.xdc_runtime_IHeap_free
                0x800005b4       0x40 C:\Workspace\ws_drone_v10\example_starterware_epwm_app\Debug\configPkg\package\cfg\app_pa8fg.oa8fg
 .text.ti_sysbios_knl_Clock_Module_State_clockQ
                0x800005f4       0x28 C:\Workspace\ws_drone_v10\example_starterware_epwm_app\Debug\configPkg\package\cfg\app_pa8fg.oa8fg
 .text.ti_sysbios_knl_Semaphore_Params_init
                0x8000061c       0x3c C:\Workspace\ws_drone_v10\example_starterware_epwm_app\Debug\configPkg\package\cfg\app_pa8fg.oa8fg
 .text.ti_sysbios_knl_Semaphore_handle
                0x80000658       0x24 C:\Workspace\ws_drone_v10\example_starterware_epwm_app\Debug\configPkg\package\cfg\app_pa8fg.oa8fg
 .text.ti_sysbios_family_arm_a8_TimestampProvider_Module__startupDone__F
                0x8000067c       0x58 C:\Workspace\ws_drone_v10\example_starterware_epwm_app\Debug\configPkg\package\cfg\app_pa8fg.oa8fg
                0x8000067c                ti_sysbios_family_arm_a8_TimestampProvider_Module__startupDone(void)
 .text.ti_sysbios_family_arm_a8_intcps_Hwi_Module__startupDone__F
                0x800006d4       0x58 C:\Workspace\ws_drone_v10\example_starterware_epwm_app\Debug\configPkg\package\cfg\app_pa8fg.oa8fg
                0x800006d4                ti_sysbios_family_arm_a8_intcps_Hwi_Module__startupDone(void)
 .text.ti_sysbios_timers_dmtimer_Timer_Module__startupDone__F
                0x8000072c       0x58 C:\Workspace\ws_drone_v10\example_starterware_epwm_app\Debug\configPkg\package\cfg\app_pa8fg.oa8fg
                0x8000072c                ti_sysbios_timers_dmtimer_Timer_Module__startupDone(void)
 .text.ti_sysbios_family_arm_a8_ti81xx_TimerSupport_Module__startupDone__F
                0x80000784       0x58 C:\Workspace\ws_drone_v10\example_starterware_epwm_app\Debug\configPkg\package\cfg\app_pa8fg.oa8fg
                0x80000784                ti_sysbios_family_arm_a8_ti81xx_TimerSupport_Module__startupDone(void)
 .text.xdc_runtime_Startup_exec__I
                0x800007dc       0x30 C:\Workspace\ws_drone_v10\example_starterware_epwm_app\Debug\configPkg\package\cfg\app_pa8fg.oa8fg
                0x800007dc                xdc_runtime_Startup_exec(int0_t)
 .text.xdc_runtime_Startup_reset__I
                0x8000080c       0x14 C:\Workspace\ws_drone_v10\example_starterware_epwm_app\Debug\configPkg\package\cfg\app_pa8fg.oa8fg
                0x8000080c                xdc_runtime_Startup_reset(int0_t)
 .text.xdc_runtime_System_printfExtend__I
                0x80000820      0x39c C:\Workspace\ws_drone_v10\example_starterware_epwm_app\Debug\configPkg\package\cfg\app_pa8fg.oa8fg
                0x80000820                xdc_runtime_System_printfExtend(int0_t)
 .text.xdc_runtime_SysMin_output__I
                0x80000bbc       0x84 C:\Workspace\ws_drone_v10\example_starterware_epwm_app\Debug\configPkg\package\cfg\app_pa8fg.oa8fg
                0x80000bbc                xdc_runtime_SysMin_output(int0_t)
 .text.xdc_runtime_Text_visitRope__I
                0x80000c40       0x38 C:\Workspace\ws_drone_v10\example_starterware_epwm_app\Debug\configPkg\package\cfg\app_pa8fg.oa8fg
                0x80000c40                xdc_runtime_Text_visitRope(int0_t)
 .text.ti_sysbios_BIOS_startFunc__I
                0x80000c78       0x3c C:\Workspace\ws_drone_v10\example_starterware_epwm_app\Debug\configPkg\package\cfg\app_pa8fg.oa8fg
                0x80000c78                ti_sysbios_BIOS_startFunc(int0_t)
 .text.ti_sysbios_BIOS_atExitFunc__I
                0x80000cb4       0x28 C:\Workspace\ws_drone_v10\example_starterware_epwm_app\Debug\configPkg\package\cfg\app_pa8fg.oa8fg
                0x80000cb4                ti_sysbios_BIOS_atExitFunc(int0_t)
 .text.ti_sysbios_BIOS_exitFunc__I
                0x80000cdc       0x2c C:\Workspace\ws_drone_v10\example_starterware_epwm_app\Debug\configPkg\package\cfg\app_pa8fg.oa8fg
                0x80000cdc                ti_sysbios_BIOS_exitFunc(int0_t)
 .text.ti_sysbios_BIOS_errorRaiseHook__I
                0x80000d08       0x38 C:\Workspace\ws_drone_v10\example_starterware_epwm_app\Debug\configPkg\package\cfg\app_pa8fg.oa8fg
                0x80000d08                ti_sysbios_BIOS_errorRaiseHook(int0_t)
 .text.ti_sysbios_knl_Clock_doTick__I
                0x80000d40       0x80 C:\Workspace\ws_drone_v10\example_starterware_epwm_app\Debug\configPkg\package\cfg\app_pa8fg.oa8fg
                0x80000d40                ti_sysbios_knl_Clock_doTick(int0_t)
 .text.__getreent
                0x80000dc0       0x38 C:\Workspace\ws_drone_v10\example_starterware_epwm_app\Debug\configPkg\package\cfg\app_pa8fg.oa8fg
                0x80000dc0                __getreent
 .text.__libc_lock_init_recursive
                0x80000df8       0x6c C:\Workspace\ws_drone_v10\example_starterware_epwm_app\Debug\configPkg\package\cfg\app_pa8fg.oa8fg
                0x80000df8                __libc_lock_init_recursive
 .text.__libc_lock_acquire_recursive
                0x80000e64      0x13c C:\Workspace\ws_drone_v10\example_starterware_epwm_app\Debug\configPkg\package\cfg\app_pa8fg.oa8fg
                0x80000e64                __libc_lock_acquire_recursive
 .text.__libc_lock_release_recursive
                0x80000fa0       0x68 C:\Workspace\ws_drone_v10\example_starterware_epwm_app\Debug\configPkg\package\cfg\app_pa8fg.oa8fg
                0x80000fa0                __libc_lock_release_recursive
 .text.__libc_lock_close_recursive
                0x80001008       0x50 C:\Workspace\ws_drone_v10\example_starterware_epwm_app\Debug\configPkg\package\cfg\app_pa8fg.oa8fg
                0x80001008                __libc_lock_close_recursive
 .text.SVC_Handler
                0x80001058        0x8 C:\Workspace\ws_drone_v10\example_starterware_epwm_app\Debug\configPkg\package\cfg\app_pa8fg.oa8fg
                0x80001058                SVC_Handler
 .text.ti_sysbios_family_arm_a8_Mmu_initTableBuf__I
                0x80001060     0x1068 C:\Workspace\ws_drone_v10\example_starterware_epwm_app\Debug\configPkg\package\cfg\app_pa8fg.oa8fg
                0x80001060                ti_sysbios_family_arm_a8_Mmu_initTableBuf(int0_t)
 .text.ti_sysbios_rts_MemAlloc_alloc
                0x800020c8       0x90 C:\Workspace\ws_drone_v10\example_starterware_epwm_app\Debug\configPkg\package\cfg\app_pa8fg.oa8fg
 .text.malloc   0x80002158       0x28 C:\Workspace\ws_drone_v10\example_starterware_epwm_app\Debug\configPkg\package\cfg\app_pa8fg.oa8fg
                0x80002158                malloc
 .text.free     0x80002180       0x68 C:\Workspace\ws_drone_v10\example_starterware_epwm_app\Debug\configPkg\package\cfg\app_pa8fg.oa8fg
                0x80002180                free
 .text._malloc_r
                0x800021e8       0x2c C:\Workspace\ws_drone_v10\example_starterware_epwm_app\Debug\configPkg\package\cfg\app_pa8fg.oa8fg
                0x800021e8                _malloc_r
 .text._free_r  0x80002214       0x28 C:\Workspace\ws_drone_v10\example_starterware_epwm_app\Debug\configPkg\package\cfg\app_pa8fg.oa8fg
                0x80002214                _free_r
 .text.xdc_runtime_System_printf__E
                0x8000223c       0x40 C:\Workspace\ws_drone_v10\example_starterware_epwm_app\Debug\configPkg\package\cfg\app_pa8fg.oa8fg
                0x8000223c                xdc_runtime_System_printf__E
 .text.ti_sysbios_hal_Hwi_HwiProxy_Module__startupDone__S
                0x8000227c       0x18 C:\Workspace\ws_drone_v10\example_starterware_epwm_app\Debug\configPkg\package\cfg\app_pa8fg.oa8fg
                0x8000227c                ti_sysbios_hal_Hwi_HwiProxy_Module__startupDone(void) static
 .text.ti_sysbios_hal_Hwi_HwiProxy_getStackInfo__E
                0x80002294       0x38 C:\Workspace\ws_drone_v10\example_starterware_epwm_app\Debug\configPkg\package\cfg\app_pa8fg.oa8fg
                0x80002294                ti_sysbios_hal_Hwi_HwiProxy_getStackInfo__E
 .text.ti_sysbios_hal_Hwi_HwiProxy_startup__E
                0x800022cc       0x14 C:\Workspace\ws_drone_v10\example_starterware_epwm_app\Debug\configPkg\package\cfg\app_pa8fg.oa8fg
                0x800022cc                ti_sysbios_hal_Hwi_HwiProxy_startup__E
 .text.ti_sysbios_hal_Hwi_HwiProxy_switchFromBootStack__E
                0x800022e0       0x14 C:\Workspace\ws_drone_v10\example_starterware_epwm_app\Debug\configPkg\package\cfg\app_pa8fg.oa8fg
                0x800022e0                ti_sysbios_hal_Hwi_HwiProxy_switchFromBootStack__E
 .text.ti_sysbios_hal_Hwi_HwiProxy_disableInterrupt__E
                0x800022f4       0x28 C:\Workspace\ws_drone_v10\example_starterware_epwm_app\Debug\configPkg\package\cfg\app_pa8fg.oa8fg
                0x800022f4                ti_sysbios_hal_Hwi_HwiProxy_disableInterrupt__E
 .text.ti_sysbios_hal_Hwi_HwiProxy_enableInterrupt__E
                0x8000231c       0x28 C:\Workspace\ws_drone_v10\example_starterware_epwm_app\Debug\configPkg\package\cfg\app_pa8fg.oa8fg
                0x8000231c                ti_sysbios_hal_Hwi_HwiProxy_enableInterrupt__E
 .text.ti_sysbios_hal_Hwi_HwiProxy_clearInterrupt__E
                0x80002344       0x24 C:\Workspace\ws_drone_v10\example_starterware_epwm_app\Debug\configPkg\package\cfg\app_pa8fg.oa8fg
                0x80002344                ti_sysbios_hal_Hwi_HwiProxy_clearInterrupt__E
 .text.ti_sysbios_heaps_HeapMem_Module_GateProxy_query__E
                0x80002368       0x28 C:\Workspace\ws_drone_v10\example_starterware_epwm_app\Debug\configPkg\package\cfg\app_pa8fg.oa8fg
                0x80002368                ti_sysbios_heaps_HeapMem_Module_GateProxy_query__E
 .text.ti_sysbios_heaps_HeapMem_Module_GateProxy_enter__E
                0x80002390       0x28 C:\Workspace\ws_drone_v10\example_starterware_epwm_app\Debug\configPkg\package\cfg\app_pa8fg.oa8fg
                0x80002390                ti_sysbios_heaps_HeapMem_Module_GateProxy_enter__E
 .text.ti_sysbios_heaps_HeapMem_Module_GateProxy_leave__E
                0x800023b8       0x2c C:\Workspace\ws_drone_v10\example_starterware_epwm_app\Debug\configPkg\package\cfg\app_pa8fg.oa8fg
                0x800023b8                ti_sysbios_heaps_HeapMem_Module_GateProxy_leave__E
 .text.ti_sysbios_knl_Clock_TimerProxy_Module__startupDone__S
                0x800023e4       0x18 C:\Workspace\ws_drone_v10\example_starterware_epwm_app\Debug\configPkg\package\cfg\app_pa8fg.oa8fg
                0x800023e4                ti_sysbios_knl_Clock_TimerProxy_Module__startupDone(void) static
 .text.ti_sysbios_knl_Clock_TimerProxy_getMaxTicks__E
                0x800023fc       0x28 C:\Workspace\ws_drone_v10\example_starterware_epwm_app\Debug\configPkg\package\cfg\app_pa8fg.oa8fg
                0x800023fc                ti_sysbios_knl_Clock_TimerProxy_getMaxTicks__E
 .text.ti_sysbios_knl_Intrinsics_SupportProxy_maxbit__E
                0x80002424       0x28 C:\Workspace\ws_drone_v10\example_starterware_epwm_app\Debug\configPkg\package\cfg\app_pa8fg.oa8fg
                0x80002424                ti_sysbios_knl_Intrinsics_SupportProxy_maxbit__E
 .text.ti_sysbios_knl_Task_SupportProxy_Module__startupDone__S
                0x8000244c       0x18 C:\Workspace\ws_drone_v10\example_starterware_epwm_app\Debug\configPkg\package\cfg\app_pa8fg.oa8fg
                0x8000244c                ti_sysbios_knl_Task_SupportProxy_Module__startupDone(void) static
 .text.ti_sysbios_knl_Task_SupportProxy_start__E
                0x80002464       0x40 C:\Workspace\ws_drone_v10\example_starterware_epwm_app\Debug\configPkg\package\cfg\app_pa8fg.oa8fg
                0x80002464                ti_sysbios_knl_Task_SupportProxy_start__E
 .text.ti_sysbios_knl_Task_SupportProxy_swap__E
                0x800024a4       0x2c C:\Workspace\ws_drone_v10\example_starterware_epwm_app\Debug\configPkg\package\cfg\app_pa8fg.oa8fg
                0x800024a4                ti_sysbios_knl_Task_SupportProxy_swap__E
 .text.ti_sysbios_timers_dmtimer_Timer_TimerSupportProxy_Module__startupDone__S
                0x800024d0       0x18 C:\Workspace\ws_drone_v10\example_starterware_epwm_app\Debug\configPkg\package\cfg\app_pa8fg.oa8fg
                0x800024d0                ti_sysbios_timers_dmtimer_Timer_TimerSupportProxy_Module__startupDone(void) static
 .text.ti_sysbios_timers_dmtimer_Timer_TimerSupportProxy_enable__E
                0x800024e8       0x2c C:\Workspace\ws_drone_v10\example_starterware_epwm_app\Debug\configPkg\package\cfg\app_pa8fg.oa8fg
                0x800024e8                ti_sysbios_timers_dmtimer_Timer_TimerSupportProxy_enable__E
 .text.xdc_runtime_LoggerBuf_Module_GateProxy_enter__E
                0x80002514       0x28 C:\Workspace\ws_drone_v10\example_starterware_epwm_app\Debug\configPkg\package\cfg\app_pa8fg.oa8fg
                0x80002514                xdc_runtime_LoggerBuf_Module_GateProxy_enter__E
 .text.xdc_runtime_LoggerBuf_Module_GateProxy_leave__E
                0x8000253c       0x2c C:\Workspace\ws_drone_v10\example_starterware_epwm_app\Debug\configPkg\package\cfg\app_pa8fg.oa8fg
                0x8000253c                xdc_runtime_LoggerBuf_Module_GateProxy_leave__E
 .text.xdc_runtime_LoggerBuf_TimestampProxy_get64__E
                0x80002568       0x24 C:\Workspace\ws_drone_v10\example_starterware_epwm_app\Debug\configPkg\package\cfg\app_pa8fg.oa8fg
                0x80002568                xdc_runtime_LoggerBuf_TimestampProxy_get64__E
 .text.xdc_runtime_Memory_HeapProxy_alloc__E
                0x8000258c       0x40 C:\Workspace\ws_drone_v10\example_starterware_epwm_app\Debug\configPkg\package\cfg\app_pa8fg.oa8fg
                0x8000258c                xdc_runtime_Memory_HeapProxy_alloc__E
 .text.xdc_runtime_Memory_HeapProxy_free__E
                0x800025cc       0x34 C:\Workspace\ws_drone_v10\example_starterware_epwm_app\Debug\configPkg\package\cfg\app_pa8fg.oa8fg
                0x800025cc                xdc_runtime_Memory_HeapProxy_free__E
 .text.xdc_runtime_System_Module_GateProxy_enter__E
                0x80002600       0x28 C:\Workspace\ws_drone_v10\example_starterware_epwm_app\Debug\configPkg\package\cfg\app_pa8fg.oa8fg
                0x80002600                xdc_runtime_System_Module_GateProxy_enter__E
 .text.xdc_runtime_System_Module_GateProxy_leave__E
                0x80002628       0x2c C:\Workspace\ws_drone_v10\example_starterware_epwm_app\Debug\configPkg\package\cfg\app_pa8fg.oa8fg
                0x80002628                xdc_runtime_System_Module_GateProxy_leave__E
 .text.xdc_runtime_System_SupportProxy_abort__E
                0x80002654       0x24 C:\Workspace\ws_drone_v10\example_starterware_epwm_app\Debug\configPkg\package\cfg\app_pa8fg.oa8fg
                0x80002654                xdc_runtime_System_SupportProxy_abort__E
 .text.xdc_runtime_System_SupportProxy_exit__E
                0x80002678       0x24 C:\Workspace\ws_drone_v10\example_starterware_epwm_app\Debug\configPkg\package\cfg\app_pa8fg.oa8fg
                0x80002678                xdc_runtime_System_SupportProxy_exit__E
 .text.xdc_runtime_System_SupportProxy_putch__E
                0x8000269c       0x2c C:\Workspace\ws_drone_v10\example_starterware_epwm_app\Debug\configPkg\package\cfg\app_pa8fg.oa8fg
                0x8000269c                xdc_runtime_System_SupportProxy_putch__E
 .text.xdc_runtime_System_SupportProxy_ready__E
                0x800026c8       0x18 C:\Workspace\ws_drone_v10\example_starterware_epwm_app\Debug\configPkg\package\cfg\app_pa8fg.oa8fg
                0x800026c8                xdc_runtime_System_SupportProxy_ready__E
 .text.xdc_runtime_Timestamp_SupportProxy_Module__startupDone__S
                0x800026e0       0x18 C:\Workspace\ws_drone_v10\example_starterware_epwm_app\Debug\configPkg\package\cfg\app_pa8fg.oa8fg
                0x800026e0                xdc_runtime_Timestamp_SupportProxy_Module__startupDone(void) static
 .text.xdc_runtime_Timestamp_SupportProxy_get32__E
                0x800026f8       0x18 C:\Workspace\ws_drone_v10\example_starterware_epwm_app\Debug\configPkg\package\cfg\app_pa8fg.oa8fg
                0x800026f8                xdc_runtime_Timestamp_SupportProxy_get32__E
 .text.xdc_runtime_Timestamp_SupportProxy_getFreq__E
                0x80002710       0x24 C:\Workspace\ws_drone_v10\example_starterware_epwm_app\Debug\configPkg\package\cfg\app_pa8fg.oa8fg
                0x80002710                xdc_runtime_Timestamp_SupportProxy_getFreq__E
 .text.ti_sysbios_family_arm_TaskSupport_Module__startupDone__S
                0x80002734       0x1c C:\Workspace\ws_drone_v10\example_starterware_epwm_app\Debug\configPkg\package\cfg\app_pa8fg.oa8fg
                0x80002734                ti_sysbios_family_arm_TaskSupport_Module__startupDone(void) static
 .text.ti_sysbios_family_arm_a8_TimestampProvider_Module__startupDone__S
                0x80002750       0x18 C:\Workspace\ws_drone_v10\example_starterware_epwm_app\Debug\configPkg\package\cfg\app_pa8fg.oa8fg
                0x80002750                ti_sysbios_family_arm_a8_TimestampProvider_Module__startupDone(void) static
 .text.ti_sysbios_family_arm_a8_intcps_Hwi_Module__startupDone__S
                0x80002768       0x18 C:\Workspace\ws_drone_v10\example_starterware_epwm_app\Debug\configPkg\package\cfg\app_pa8fg.oa8fg
                0x80002768                ti_sysbios_family_arm_a8_intcps_Hwi_Module__startupDone(void) static
 .text.ti_sysbios_family_arm_a8_ti81xx_TimerSupport_Module__startupDone__S
                0x80002780       0x18 C:\Workspace\ws_drone_v10\example_starterware_epwm_app\Debug\configPkg\package\cfg\app_pa8fg.oa8fg
                0x80002780                ti_sysbios_family_arm_a8_ti81xx_TimerSupport_Module__startupDone(void) static
 .text.ti_sysbios_gates_GateHwi_Handle__label__S
                0x80002798       0x5c C:\Workspace\ws_drone_v10\example_starterware_epwm_app\Debug\configPkg\package\cfg\app_pa8fg.oa8fg
                0x80002798                ti_sysbios_gates_GateHwi_Handle__label(void) static
 .text.ti_sysbios_gates_GateHwi_Object__create__S
                0x800027f4       0x7c C:\Workspace\ws_drone_v10\example_starterware_epwm_app\Debug\configPkg\package\cfg\app_pa8fg.oa8fg
                0x800027f4                ti_sysbios_gates_GateHwi_Object__create(void) static
 .text.ti_sysbios_gates_GateHwi_Object__delete__S
                0x80002870       0x4c C:\Workspace\ws_drone_v10\example_starterware_epwm_app\Debug\configPkg\package\cfg\app_pa8fg.oa8fg
                0x80002870                ti_sysbios_gates_GateHwi_Object__delete(void) static
 .text.ti_sysbios_gates_GateMutex_Handle__label__S
                0x800028bc       0x5c C:\Workspace\ws_drone_v10\example_starterware_epwm_app\Debug\configPkg\package\cfg\app_pa8fg.oa8fg
                0x800028bc                ti_sysbios_gates_GateMutex_Handle__label(void) static
 .text.ti_sysbios_gates_GateMutex_Object__create__S
                0x80002918       0x7c C:\Workspace\ws_drone_v10\example_starterware_epwm_app\Debug\configPkg\package\cfg\app_pa8fg.oa8fg
                0x80002918                ti_sysbios_gates_GateMutex_Object__create(void) static
 .text.ti_sysbios_gates_GateMutex_Object__delete__S
                0x80002994       0x50 C:\Workspace\ws_drone_v10\example_starterware_epwm_app\Debug\configPkg\package\cfg\app_pa8fg.oa8fg
                0x80002994                ti_sysbios_gates_GateMutex_Object__delete(void) static
 .text.ti_sysbios_heaps_HeapMem_Handle__label__S
                0x800029e4       0x5c C:\Workspace\ws_drone_v10\example_starterware_epwm_app\Debug\configPkg\package\cfg\app_pa8fg.oa8fg
                0x800029e4                ti_sysbios_heaps_HeapMem_Handle__label(void) static
 .text.ti_sysbios_heaps_HeapMem_Object__get__S
                0x80002a40       0x60 C:\Workspace\ws_drone_v10\example_starterware_epwm_app\Debug\configPkg\package\cfg\app_pa8fg.oa8fg
                0x80002a40                ti_sysbios_heaps_HeapMem_Object__get(void) static
 .text.ti_sysbios_heaps_HeapMem_Object__create__S
                0x80002aa0       0x7c C:\Workspace\ws_drone_v10\example_starterware_epwm_app\Debug\configPkg\package\cfg\app_pa8fg.oa8fg
                0x80002aa0                ti_sysbios_heaps_HeapMem_Object__create(void) static
 .text.ti_sysbios_heaps_HeapMem_Object__delete__S
                0x80002b1c       0x4c C:\Workspace\ws_drone_v10\example_starterware_epwm_app\Debug\configPkg\package\cfg\app_pa8fg.oa8fg
                0x80002b1c                ti_sysbios_heaps_HeapMem_Object__delete(void) static
 .text.ti_sysbios_knl_Queue_Object__get__S
                0x80002b68       0x48 C:\Workspace\ws_drone_v10\example_starterware_epwm_app\Debug\configPkg\package\cfg\app_pa8fg.oa8fg
                0x80002b68                ti_sysbios_knl_Queue_Object__get(void) static
 .text.ti_sysbios_knl_Queue_construct
                0x80002bb0       0x58 C:\Workspace\ws_drone_v10\example_starterware_epwm_app\Debug\configPkg\package\cfg\app_pa8fg.oa8fg
                0x80002bb0                ti_sysbios_knl_Queue_construct
 .text.ti_sysbios_knl_Queue_destruct
                0x80002c08       0x3c C:\Workspace\ws_drone_v10\example_starterware_epwm_app\Debug\configPkg\package\cfg\app_pa8fg.oa8fg
                0x80002c08                ti_sysbios_knl_Queue_destruct
 .text.ti_sysbios_knl_Semaphore_Params__init__S
                0x80002c44       0x54 C:\Workspace\ws_drone_v10\example_starterware_epwm_app\Debug\configPkg\package\cfg\app_pa8fg.oa8fg
                0x80002c44                ti_sysbios_knl_Semaphore_Params__init(void) static
 .text.ti_sysbios_knl_Semaphore_construct
                0x80002c98       0x60 C:\Workspace\ws_drone_v10\example_starterware_epwm_app\Debug\configPkg\package\cfg\app_pa8fg.oa8fg
                0x80002c98                ti_sysbios_knl_Semaphore_construct
 .text.ti_sysbios_knl_Semaphore_destruct
                0x80002cf8       0x40 C:\Workspace\ws_drone_v10\example_starterware_epwm_app\Debug\configPkg\package\cfg\app_pa8fg.oa8fg
                0x80002cf8                ti_sysbios_knl_Semaphore_destruct
 .text.ti_sysbios_knl_Task_Object__get__S
                0x80002d38       0x4c C:\Workspace\ws_drone_v10\example_starterware_epwm_app\Debug\configPkg\package\cfg\app_pa8fg.oa8fg
                0x80002d38                ti_sysbios_knl_Task_Object__get(void) static
 .text.ti_sysbios_timers_dmtimer_Timer_Module__startupDone__S
                0x80002d84       0x18 C:\Workspace\ws_drone_v10\example_starterware_epwm_app\Debug\configPkg\package\cfg\app_pa8fg.oa8fg
                0x80002d84                ti_sysbios_timers_dmtimer_Timer_Module__startupDone(void) static
 .text.xdc_runtime_LoggerBuf_Handle__label__S
                0x80002d9c       0x5c C:\Workspace\ws_drone_v10\example_starterware_epwm_app\Debug\configPkg\package\cfg\app_pa8fg.oa8fg
                0x80002d9c                xdc_runtime_LoggerBuf_Handle__label(void) static
 .text.xdc_runtime_LoggerBuf_Object__get__S
                0x80002df8       0x60 C:\Workspace\ws_drone_v10\example_starterware_epwm_app\Debug\configPkg\package\cfg\app_pa8fg.oa8fg
                0x80002df8                xdc_runtime_LoggerBuf_Object__get(void) static
 .text.xdc_runtime_LoggerBuf_Object__create__S
                0x80002e58       0xbc C:\Workspace\ws_drone_v10\example_starterware_epwm_app\Debug\configPkg\package\cfg\app_pa8fg.oa8fg
                0x80002e58                xdc_runtime_LoggerBuf_Object__create(void) static
 .text.xdc_runtime_LoggerBuf_Object__delete__S
                0x80002f14       0x50 C:\Workspace\ws_drone_v10\example_starterware_epwm_app\Debug\configPkg\package\cfg\app_pa8fg.oa8fg
                0x80002f14                xdc_runtime_LoggerBuf_Object__delete(void) static
 *fill*         0x80002f64        0xc 
 .text          0x80002f70        0x0 C:\Workspace\ws_drone_v10\example_starterware_epwm_app\src\sysbios\sysbios.aa8fg(arm_TaskSupport_asm_gnu.o)
 .text.ti_sysbios_family_arm_TaskSupport_buildTaskStack
                0x80002f70       0x7c C:\Workspace\ws_drone_v10\example_starterware_epwm_app\src\sysbios\sysbios.aa8fg(arm_TaskSupport_asm_gnu.o)
                0x80002f70                ti_sysbios_family_arm_TaskSupport_buildTaskStack
 .text.ti_sysbios_family_arm_TaskSupport_swap__E
                0x80002fec       0x1c C:\Workspace\ws_drone_v10\example_starterware_epwm_app\src\sysbios\sysbios.aa8fg(arm_TaskSupport_asm_gnu.o)
                0x80002fec                ti_sysbios_family_arm_TaskSupport_swap__E
 .text.ti_sysbios_family_arm_TaskSupport_glue
                0x80003008       0x1c C:\Workspace\ws_drone_v10\example_starterware_epwm_app\src\sysbios\sysbios.aa8fg(arm_TaskSupport_asm_gnu.o)
                0x80003008                ti_sysbios_family_arm_TaskSupport_glue
 *fill*         0x80003024        0xc 
 .text          0x80003030        0x0 C:\Workspace\ws_drone_v10\example_starterware_epwm_app\src\sysbios\sysbios.aa8fg(a8_Cache_asm_gnu.o)
 .text.ti_sysbios_family_arm_a8_Cache_disableL1d__I
                0x80003030       0x1c C:\Workspace\ws_drone_v10\example_starterware_epwm_app\src\sysbios\sysbios.aa8fg(a8_Cache_asm_gnu.o)
                0x80003030                ti_sysbios_family_arm_a8_Cache_disableL1d(int0_t)
 .text.ti_sysbios_family_arm_a8_Cache_disableL1p__I
                0x8000304c       0x14 C:\Workspace\ws_drone_v10\example_starterware_epwm_app\src\sysbios\sysbios.aa8fg(a8_Cache_asm_gnu.o)
                0x8000304c                ti_sysbios_family_arm_a8_Cache_disableL1p(int0_t)
 .text.ti_sysbios_family_arm_a8_Cache_disableL2__I
                0x80003060       0x10 C:\Workspace\ws_drone_v10\example_starterware_epwm_app\src\sysbios\sysbios.aa8fg(a8_Cache_asm_gnu.o)
                0x80003060                ti_sysbios_family_arm_a8_Cache_disableL2(int0_t)
 .text.ti_sysbios_family_arm_a8_Cache_enableL1d__I
                0x80003070       0x10 C:\Workspace\ws_drone_v10\example_starterware_epwm_app\src\sysbios\sysbios.aa8fg(a8_Cache_asm_gnu.o)
                0x80003070                ti_sysbios_family_arm_a8_Cache_enableL1d(int0_t)
 .text.ti_sysbios_family_arm_a8_Cache_enableL1p__I
                0x80003080       0x14 C:\Workspace\ws_drone_v10\example_starterware_epwm_app\src\sysbios\sysbios.aa8fg(a8_Cache_asm_gnu.o)
                0x80003080                ti_sysbios_family_arm_a8_Cache_enableL1p(int0_t)
 .text.ti_sysbios_family_arm_a8_Cache_enableL2__I
                0x80003094       0x10 C:\Workspace\ws_drone_v10\example_starterware_epwm_app\src\sysbios\sysbios.aa8fg(a8_Cache_asm_gnu.o)
                0x80003094                ti_sysbios_family_arm_a8_Cache_enableL2(int0_t)
 .text.ti_sysbios_family_arm_a8_Cache_invL1dAll__E
                0x800030a4       0x94 C:\Workspace\ws_drone_v10\example_starterware_epwm_app\src\sysbios\sysbios.aa8fg(a8_Cache_asm_gnu.o)
                0x800030a4                ti_sysbios_family_arm_a8_Cache_invL1dAll__E
 .text.ti_sysbios_family_arm_a8_Cache_invL1pAll__E
                0x80003138        0x8 C:\Workspace\ws_drone_v10\example_starterware_epwm_app\src\sysbios\sysbios.aa8fg(a8_Cache_asm_gnu.o)
                0x80003138                ti_sysbios_family_arm_a8_Cache_invL1pAll__E
 .text.ti_sysbios_family_arm_a8_Cache_wbInvAll__E
                0x80003140       0x94 C:\Workspace\ws_drone_v10\example_starterware_epwm_app\src\sysbios\sysbios.aa8fg(a8_Cache_asm_gnu.o)
                0x80003140                ti_sysbios_family_arm_a8_Cache_wbInvAll__E
 .text.ti_sysbios_family_arm_a8_Cache_getEnabled__E
                0x800031d4       0x38 C:\Workspace\ws_drone_v10\example_starterware_epwm_app\src\sysbios\sysbios.aa8fg(a8_Cache_asm_gnu.o)
                0x800031d4                ti_sysbios_family_arm_a8_Cache_getEnabled__E
 .text.ti_sysbios_family_arm_a8_Cache_getCacheLevelInfo__I
                0x8000320c        0xc C:\Workspace\ws_drone_v10\example_starterware_epwm_app\src\sysbios\sysbios.aa8fg(a8_Cache_asm_gnu.o)
                0x8000320c                ti_sysbios_family_arm_a8_Cache_getCacheLevelInfo(int0_t)
 .text.ti_sysbios_family_arm_a8_Cache_getLockdownReg__I
                0x80003218        0x8 C:\Workspace\ws_drone_v10\example_starterware_epwm_app\src\sysbios\sysbios.aa8fg(a8_Cache_asm_gnu.o)
                0x80003218                ti_sysbios_family_arm_a8_Cache_getLockdownReg(int0_t)
 .text.ti_sysbios_family_arm_a8_Cache_setLockdownReg__I
                0x80003220        0x8 C:\Workspace\ws_drone_v10\example_starterware_epwm_app\src\sysbios\sysbios.aa8fg(a8_Cache_asm_gnu.o)
                0x80003220                ti_sysbios_family_arm_a8_Cache_setLockdownReg(int0_t)
 .text.ti_sysbios_family_arm_a8_Cache_disableBP__E
                0x80003228       0x1c C:\Workspace\ws_drone_v10\example_starterware_epwm_app\src\sysbios\sysbios.aa8fg(a8_Cache_asm_gnu.o)
                0x80003228                ti_sysbios_family_arm_a8_Cache_disableBP__E
 .text.ti_sysbios_family_arm_a8_Cache_enableBP__E
                0x80003244       0x1c C:\Workspace\ws_drone_v10\example_starterware_epwm_app\src\sysbios\sysbios.aa8fg(a8_Cache_asm_gnu.o)
                0x80003244                ti_sysbios_family_arm_a8_Cache_enableBP__E
 .text          0x80003260        0x0 C:\Workspace\ws_drone_v10\example_starterware_epwm_app\src\sysbios\sysbios.aa8fg(a8_TimestampProvider_asm_gnu.o)
 .text.ti_sysbios_family_arm_a8_TimestampProvider_get32__E
                0x80003260        0x8 C:\Workspace\ws_drone_v10\example_starterware_epwm_app\src\sysbios\sysbios.aa8fg(a8_TimestampProvider_asm_gnu.o)
                0x80003260                ti_sysbios_family_arm_a8_TimestampProvider_get32__E
 .text.ti_sysbios_family_arm_a8_TimestampProvider_initCCNT__I
                0x80003268       0x1c C:\Workspace\ws_drone_v10\example_starterware_epwm_app\src\sysbios\sysbios.aa8fg(a8_TimestampProvider_asm_gnu.o)
                0x80003268                ti_sysbios_family_arm_a8_TimestampProvider_initCCNT(int0_t)
 .text          0x80003284        0x0 C:\Workspace\ws_drone_v10\example_starterware_epwm_app\src\sysbios\sysbios.aa8fg(intcps_Hwi_asm_gnu.o)
 .text.ti_sysbios_family_arm_a8_intcps_Hwi_dispatchIRQ__I
                0x80003284       0xbc C:\Workspace\ws_drone_v10\example_starterware_epwm_app\src\sysbios\sysbios.aa8fg(intcps_Hwi_asm_gnu.o)
                0x80003284                ti_sysbios_family_arm_a8_intcps_Hwi_dispatchIRQ(int0_t)
 .text.ti_sysbios_family_arm_a8_intcps_Hwi_init__I
                0x80003340       0x24 C:\Workspace\ws_drone_v10\example_starterware_epwm_app\src\sysbios\sysbios.aa8fg(intcps_Hwi_asm_gnu.o)
                0x80003340                ti_sysbios_family_arm_a8_intcps_Hwi_init(int0_t)
 .text.ti_sysbios_family_arm_a8_intcps_Hwi_initVbar__I
                0x80003364       0x10 C:\Workspace\ws_drone_v10\example_starterware_epwm_app\src\sysbios\sysbios.aa8fg(intcps_Hwi_asm_gnu.o)
                0x80003364                ti_sysbios_family_arm_a8_intcps_Hwi_initVbar(int0_t)
 .text          0x80003374        0x0 C:\Workspace\ws_drone_v10\example_starterware_epwm_app\src\sysbios\sysbios.aa8fg(exc_Exception_asm_gnu.o)
 .text.ti_sysbios_family_arm_exc_Exception_excHandlerAsm__I
                0x80003374       0x68 C:\Workspace\ws_drone_v10\example_starterware_epwm_app\src\sysbios\sysbios.aa8fg(exc_Exception_asm_gnu.o)
                0x80003374                ti_sysbios_family_arm_exc_Exception_excHandlerAsm(int0_t)
 .text.ti_sysbios_family_arm_exc_Exception_excHandlerDataAsm__I
                0x800033dc       0x6c C:\Workspace\ws_drone_v10\example_starterware_epwm_app\src\sysbios\sysbios.aa8fg(exc_Exception_asm_gnu.o)
                0x800033dc                ti_sysbios_family_arm_exc_Exception_excHandlerDataAsm(int0_t)
 .text.ti_sysbios_family_arm_exc_Exception_initCore0__I
                0x80003448       0x64 C:\Workspace\ws_drone_v10\example_starterware_epwm_app\src\sysbios\sysbios.aa8fg(exc_Exception_asm_gnu.o)
                0x80003448                ti_sysbios_family_arm_exc_Exception_initCore0(int0_t)
 .text          0x800034ac        0x0 C:\Workspace\ws_drone_v10\example_starterware_epwm_app\src\sysbios\sysbios.aa8fg(_BIOS.o)
 .text.ti_sysbios_BIOS_linkedWithIncorrectBootLibrary__E
                0x800034ac        0x4 C:\Workspace\ws_drone_v10\example_starterware_epwm_app\src\sysbios\sysbios.aa8fg(_BIOS.o)
                0x800034ac                ti_sysbios_BIOS_linkedWithIncorrectBootLibrary__E
 .text.ti_sysbios_BIOS_getThreadType__E
                0x800034b0       0x10 C:\Workspace\ws_drone_v10\example_starterware_epwm_app\src\sysbios\sysbios.aa8fg(_BIOS.o)
                0x800034b0                ti_sysbios_BIOS_getThreadType__E
 .text.ti_sysbios_BIOS_setThreadType__E
                0x800034c0       0x18 C:\Workspace\ws_drone_v10\example_starterware_epwm_app\src\sysbios\sysbios.aa8fg(_BIOS.o)
                0x800034c0                ti_sysbios_BIOS_setThreadType__E
 .text.ti_sysbios_BIOS_getCpuFreq__E
                0x800034d8       0x1c C:\Workspace\ws_drone_v10\example_starterware_epwm_app\src\sysbios\sysbios.aa8fg(_BIOS.o)
                0x800034d8                ti_sysbios_BIOS_getCpuFreq__E
 .text.ti_sysbios_BIOS_exit__E
                0x800034f4       0x10 C:\Workspace\ws_drone_v10\example_starterware_epwm_app\src\sysbios\sysbios.aa8fg(_BIOS.o)
                0x800034f4                ti_sysbios_BIOS_exit__E
 .text          0x80003504        0x0 C:\Workspace\ws_drone_v10\example_starterware_epwm_app\src\sysbios\sysbios.aa8fg(arm_IntrinsicsSupport.o)
 .text.ti_sysbios_family_arm_IntrinsicsSupport_maxbit__E
                0x80003504        0x4 C:\Workspace\ws_drone_v10\example_starterware_epwm_app\src\sysbios\sysbios.aa8fg(arm_IntrinsicsSupport.o)
                0x80003504                ti_sysbios_family_arm_IntrinsicsSupport_maxbit__E
 .text          0x80003508        0x0 C:\Workspace\ws_drone_v10\example_starterware_epwm_app\src\sysbios\sysbios.aa8fg(arm_TaskSupport.o)
 .text.ti_sysbios_family_arm_TaskSupport_start__E
                0x80003508       0x3c C:\Workspace\ws_drone_v10\example_starterware_epwm_app\src\sysbios\sysbios.aa8fg(arm_TaskSupport.o)
                0x80003508                ti_sysbios_family_arm_TaskSupport_start__E
 .text          0x80003544        0x0 C:\Workspace\ws_drone_v10\example_starterware_epwm_app\src\sysbios\sysbios.aa8fg(knl_Clock.o)
 .text.ti_sysbios_knl_Clock_Module_startup__E
                0x80003544       0x34 C:\Workspace\ws_drone_v10\example_starterware_epwm_app\src\sysbios\sysbios.aa8fg(knl_Clock.o)
                0x80003544                ti_sysbios_knl_Clock_Module_startup__E
 .text.ti_sysbios_knl_Clock_workFunc__E
                0x80003578       0xec C:\Workspace\ws_drone_v10\example_starterware_epwm_app\src\sysbios\sysbios.aa8fg(knl_Clock.o)
                0x80003578                ti_sysbios_knl_Clock_workFunc__E
 .text.ti_sysbios_knl_Clock_initI__E
                0x80003664       0x1c C:\Workspace\ws_drone_v10\example_starterware_epwm_app\src\sysbios\sysbios.aa8fg(knl_Clock.o)
                0x80003664                ti_sysbios_knl_Clock_initI__E
 .text.ti_sysbios_knl_Clock_enqueueI__E
                0x80003680       0x20 C:\Workspace\ws_drone_v10\example_starterware_epwm_app\src\sysbios\sysbios.aa8fg(knl_Clock.o)
                0x80003680                ti_sysbios_knl_Clock_enqueueI__E
 .text.ti_sysbios_knl_Clock_removeI__E
                0x800036a0        0x4 C:\Workspace\ws_drone_v10\example_starterware_epwm_app\src\sysbios\sysbios.aa8fg(knl_Clock.o)
                0x800036a0                ti_sysbios_knl_Clock_removeI__E
 .text.ti_sysbios_knl_Clock_startI__E
                0x800036a4       0x24 C:\Workspace\ws_drone_v10\example_starterware_epwm_app\src\sysbios\sysbios.aa8fg(knl_Clock.o)
                0x800036a4                ti_sysbios_knl_Clock_startI__E
 .text.ti_sysbios_knl_Clock_stop__E
                0x800036c8        0xc C:\Workspace\ws_drone_v10\example_starterware_epwm_app\src\sysbios\sysbios.aa8fg(knl_Clock.o)
                0x800036c8                ti_sysbios_knl_Clock_stop__E
 .text.ti_sysbios_knl_Clock_logTick__E
                0x800036d4        0x4 C:\Workspace\ws_drone_v10\example_starterware_epwm_app\src\sysbios\sysbios.aa8fg(knl_Clock.o)
                0x800036d4                ti_sysbios_knl_Clock_logTick__E
 .text          0x800036d8        0x0 C:\Workspace\ws_drone_v10\example_starterware_epwm_app\src\sysbios\sysbios.aa8fg(knl_Queue.o)
 .text.ti_sysbios_knl_Queue_Instance_init__E
                0x800036d8        0xc C:\Workspace\ws_drone_v10\example_starterware_epwm_app\src\sysbios\sysbios.aa8fg(knl_Queue.o)
                0x800036d8                ti_sysbios_knl_Queue_Instance_init__E
 .text.ti_sysbios_knl_Queue_dequeue__E
                0x800036e4       0x18 C:\Workspace\ws_drone_v10\example_starterware_epwm_app\src\sysbios\sysbios.aa8fg(knl_Queue.o)
                0x800036e4                ti_sysbios_knl_Queue_dequeue__E
 .text.ti_sysbios_knl_Queue_empty__E
                0x800036fc       0x14 C:\Workspace\ws_drone_v10\example_starterware_epwm_app\src\sysbios\sysbios.aa8fg(knl_Queue.o)
                0x800036fc                ti_sysbios_knl_Queue_empty__E
 .text.ti_sysbios_knl_Queue_enqueue__E
                0x80003710       0x18 C:\Workspace\ws_drone_v10\example_starterware_epwm_app\src\sysbios\sysbios.aa8fg(knl_Queue.o)
                0x80003710                ti_sysbios_knl_Queue_enqueue__E
 .text.ti_sysbios_knl_Queue_head__E
                0x80003728        0x8 C:\Workspace\ws_drone_v10\example_starterware_epwm_app\src\sysbios\sysbios.aa8fg(knl_Queue.o)
                0x80003728                ti_sysbios_knl_Queue_head__E
 .text.ti_sysbios_knl_Queue_elemClear__E
                0x80003730        0xc C:\Workspace\ws_drone_v10\example_starterware_epwm_app\src\sysbios\sysbios.aa8fg(knl_Queue.o)
                0x80003730                ti_sysbios_knl_Queue_elemClear__E
 .text.ti_sysbios_knl_Queue_insert__E
                0x8000373c       0x18 C:\Workspace\ws_drone_v10\example_starterware_epwm_app\src\sysbios\sysbios.aa8fg(knl_Queue.o)
                0x8000373c                ti_sysbios_knl_Queue_insert__E
 .text.ti_sysbios_knl_Queue_next__E
                0x80003754        0x8 C:\Workspace\ws_drone_v10\example_starterware_epwm_app\src\sysbios\sysbios.aa8fg(knl_Queue.o)
                0x80003754                ti_sysbios_knl_Queue_next__E
 .text.ti_sysbios_knl_Queue_prev__E
                0x8000375c        0x8 C:\Workspace\ws_drone_v10\example_starterware_epwm_app\src\sysbios\sysbios.aa8fg(knl_Queue.o)
                0x8000375c                ti_sysbios_knl_Queue_prev__E
 .text.ti_sysbios_knl_Queue_put__E
                0x80003764       0x38 C:\Workspace\ws_drone_v10\example_starterware_epwm_app\src\sysbios\sysbios.aa8fg(knl_Queue.o)
                0x80003764                ti_sysbios_knl_Queue_put__E
 .text.ti_sysbios_knl_Queue_remove__E
                0x8000379c       0x1c C:\Workspace\ws_drone_v10\example_starterware_epwm_app\src\sysbios\sysbios.aa8fg(knl_Queue.o)
                0x8000379c                ti_sysbios_knl_Queue_remove__E
 .text          0x800037b8        0x0 C:\Workspace\ws_drone_v10\example_starterware_epwm_app\src\sysbios\sysbios.aa8fg(knl_Semaphore.o)
 .text.ti_sysbios_knl_Semaphore_pendTimeout__I
                0x800037b8       0x50 C:\Workspace\ws_drone_v10\example_starterware_epwm_app\src\sysbios\sysbios.aa8fg(knl_Semaphore.o)
                0x800037b8                ti_sysbios_knl_Semaphore_pendTimeout(int0_t)
 .text.ti_sysbios_knl_Semaphore_Instance_init__E
                0x80003808       0x40 C:\Workspace\ws_drone_v10\example_starterware_epwm_app\src\sysbios\sysbios.aa8fg(knl_Semaphore.o)
                0x80003808                ti_sysbios_knl_Semaphore_Instance_init__E
 .text.ti_sysbios_knl_Semaphore_Instance_finalize__E
                0x80003848       0x14 C:\Workspace\ws_drone_v10\example_starterware_epwm_app\src\sysbios\sysbios.aa8fg(knl_Semaphore.o)
                0x80003848                ti_sysbios_knl_Semaphore_Instance_finalize__E
 .text.ti_sysbios_knl_Semaphore_pend__E
                0x8000385c      0x1f8 C:\Workspace\ws_drone_v10\example_starterware_epwm_app\src\sysbios\sysbios.aa8fg(knl_Semaphore.o)
                0x8000385c                ti_sysbios_knl_Semaphore_pend__E
 .text.ti_sysbios_knl_Semaphore_post__E
                0x80003a54       0xa8 C:\Workspace\ws_drone_v10\example_starterware_epwm_app\src\sysbios\sysbios.aa8fg(knl_Semaphore.o)
                0x80003a54                ti_sysbios_knl_Semaphore_post__E
 .text          0x80003afc        0x0 C:\Workspace\ws_drone_v10\example_starterware_epwm_app\src\sysbios\sysbios.aa8fg(knl_Swi.o)
 .text.ti_sysbios_knl_Swi_Module_startup__E
                0x80003afc        0x8 C:\Workspace\ws_drone_v10\example_starterware_epwm_app\src\sysbios\sysbios.aa8fg(knl_Swi.o)
                0x80003afc                ti_sysbios_knl_Swi_Module_startup__E
 .text.ti_sysbios_knl_Swi_disable__E
                0x80003b04       0x28 C:\Workspace\ws_drone_v10\example_starterware_epwm_app\src\sysbios\sysbios.aa8fg(knl_Swi.o)
                0x80003b04                ti_sysbios_knl_Swi_disable__E
 .text.ti_sysbios_knl_Swi_restoreHwi__E
                0x80003b2c      0x12c C:\Workspace\ws_drone_v10\example_starterware_epwm_app\src\sysbios\sysbios.aa8fg(knl_Swi.o)
                0x80003b2c                ti_sysbios_knl_Swi_restoreHwi__E
 .text          0x80003c58        0x0 C:\Workspace\ws_drone_v10\example_starterware_epwm_app\src\sysbios\sysbios.aa8fg(knl_Task.o)
 .text.ti_sysbios_knl_Task_schedule__I
                0x80003c58      0x120 C:\Workspace\ws_drone_v10\example_starterware_epwm_app\src\sysbios\sysbios.aa8fg(knl_Task.o)
                0x80003c58                ti_sysbios_knl_Task_schedule(int0_t)
 .text.ti_sysbios_knl_Task_enter__I
                0x80003d78       0x3c C:\Workspace\ws_drone_v10\example_starterware_epwm_app\src\sysbios\sysbios.aa8fg(knl_Task.o)
                0x80003d78                ti_sysbios_knl_Task_enter(int0_t)
 .text.ti_sysbios_knl_Task_exit__E
                0x80003db4      0x198 C:\Workspace\ws_drone_v10\example_starterware_epwm_app\src\sysbios\sysbios.aa8fg(knl_Task.o)
                0x80003db4                ti_sysbios_knl_Task_exit__E
 .text.ti_sysbios_knl_Task_startCore__E
                0x80003f4c      0x110 C:\Workspace\ws_drone_v10\example_starterware_epwm_app\src\sysbios\sysbios.aa8fg(knl_Task.o)
                0x80003f4c                ti_sysbios_knl_Task_startCore__E
 .text.ti_sysbios_knl_Task_startup__E
                0x8000405c        0x8 C:\Workspace\ws_drone_v10\example_starterware_epwm_app\src\sysbios\sysbios.aa8fg(knl_Task.o)
                0x8000405c                ti_sysbios_knl_Task_startup__E
 .text.ti_sysbios_knl_Task_disable__E
                0x80004064       0x28 C:\Workspace\ws_drone_v10\example_starterware_epwm_app\src\sysbios\sysbios.aa8fg(knl_Task.o)
                0x80004064                ti_sysbios_knl_Task_disable__E
 .text.ti_sysbios_knl_Task_restore__E
                0x8000408c       0x50 C:\Workspace\ws_drone_v10\example_starterware_epwm_app\src\sysbios\sysbios.aa8fg(knl_Task.o)
                0x8000408c                ti_sysbios_knl_Task_restore__E
 .text.ti_sysbios_knl_Task_restoreHwi__E
                0x800040dc       0x40 C:\Workspace\ws_drone_v10\example_starterware_epwm_app\src\sysbios\sysbios.aa8fg(knl_Task.o)
                0x800040dc                ti_sysbios_knl_Task_restoreHwi__E
 .text.ti_sysbios_knl_Task_self__E
                0x8000411c       0x10 C:\Workspace\ws_drone_v10\example_starterware_epwm_app\src\sysbios\sysbios.aa8fg(knl_Task.o)
                0x8000411c                ti_sysbios_knl_Task_self__E
 .text.ti_sysbios_knl_Task_postInit__I
                0x8000412c      0x230 C:\Workspace\ws_drone_v10\example_starterware_epwm_app\src\sysbios\sysbios.aa8fg(knl_Task.o)
                0x8000412c                ti_sysbios_knl_Task_postInit(int0_t)
 .text.ti_sysbios_knl_Task_Module_startup__E
                0x8000435c       0xcc C:\Workspace\ws_drone_v10\example_starterware_epwm_app\src\sysbios\sysbios.aa8fg(knl_Task.o)
                0x8000435c                ti_sysbios_knl_Task_Module_startup__E
 .text.ti_sysbios_knl_Task_getHookContext__E
                0x80004428        0xc C:\Workspace\ws_drone_v10\example_starterware_epwm_app\src\sysbios\sysbios.aa8fg(knl_Task.o)
                0x80004428                ti_sysbios_knl_Task_getHookContext__E
 .text.ti_sysbios_knl_Task_setHookContext__E
                0x80004434        0xc C:\Workspace\ws_drone_v10\example_starterware_epwm_app\src\sysbios\sysbios.aa8fg(knl_Task.o)
                0x80004434                ti_sysbios_knl_Task_setHookContext__E
 .text.ti_sysbios_knl_Task_getPri__E
                0x80004440        0x8 C:\Workspace\ws_drone_v10\example_starterware_epwm_app\src\sysbios\sysbios.aa8fg(knl_Task.o)
                0x80004440                ti_sysbios_knl_Task_getPri__E
 .text.ti_sysbios_knl_Task_blockI__E
                0x80004448       0x74 C:\Workspace\ws_drone_v10\example_starterware_epwm_app\src\sysbios\sysbios.aa8fg(knl_Task.o)
                0x80004448                ti_sysbios_knl_Task_blockI__E
 .text.ti_sysbios_knl_Task_unblockI__E
                0x800044bc       0x6c C:\Workspace\ws_drone_v10\example_starterware_epwm_app\src\sysbios\sysbios.aa8fg(knl_Task.o)
                0x800044bc                ti_sysbios_knl_Task_unblockI__E
 .text          0x80004528        0x0 C:\Workspace\ws_drone_v10\example_starterware_epwm_app\src\sysbios\sysbios.aa8fg(hal_Core.o)
 .text          0x80004528        0x0 C:\Workspace\ws_drone_v10\example_starterware_epwm_app\src\sysbios\sysbios.aa8fg(hal_CoreNull.o)
 .text          0x80004528        0x0 C:\Workspace\ws_drone_v10\example_starterware_epwm_app\src\sysbios\sysbios.aa8fg(hal_Hwi.o)
 .text.ti_sysbios_hal_Hwi_Module_startup__E
                0x80004528       0x18 C:\Workspace\ws_drone_v10\example_starterware_epwm_app\src\sysbios\sysbios.aa8fg(hal_Hwi.o)
                0x80004528                ti_sysbios_hal_Hwi_Module_startup__E
 .text.ti_sysbios_hal_Hwi_disableInterrupt__E
                0x80004540        0x4 C:\Workspace\ws_drone_v10\example_starterware_epwm_app\src\sysbios\sysbios.aa8fg(hal_Hwi.o)
                0x80004540                ti_sysbios_hal_Hwi_disableInterrupt__E
 .text.ti_sysbios_hal_Hwi_enableInterrupt__E
                0x80004544        0x4 C:\Workspace\ws_drone_v10\example_starterware_epwm_app\src\sysbios\sysbios.aa8fg(hal_Hwi.o)
                0x80004544                ti_sysbios_hal_Hwi_enableInterrupt__E
 .text.ti_sysbios_hal_Hwi_clearInterrupt__E
                0x80004548        0x4 C:\Workspace\ws_drone_v10\example_starterware_epwm_app\src\sysbios\sysbios.aa8fg(hal_Hwi.o)
                0x80004548                ti_sysbios_hal_Hwi_clearInterrupt__E
 .text.ti_sysbios_hal_Hwi_getStackInfo__E
                0x8000454c        0x4 C:\Workspace\ws_drone_v10\example_starterware_epwm_app\src\sysbios\sysbios.aa8fg(hal_Hwi.o)
                0x8000454c                ti_sysbios_hal_Hwi_getStackInfo__E
 .text.ti_sysbios_hal_Hwi_switchFromBootStack__E
                0x80004550        0x4 C:\Workspace\ws_drone_v10\example_starterware_epwm_app\src\sysbios\sysbios.aa8fg(hal_Hwi.o)
                0x80004550                ti_sysbios_hal_Hwi_switchFromBootStack__E
 .text          0x80004554        0x0 C:\Workspace\ws_drone_v10\example_starterware_epwm_app\src\sysbios\sysbios.aa8fg(hal_Hwi_stack.o)
 .text.ti_sysbios_hal_Hwi_initStack
                0x80004554       0x3c C:\Workspace\ws_drone_v10\example_starterware_epwm_app\src\sysbios\sysbios.aa8fg(hal_Hwi_stack.o)
                0x80004554                ti_sysbios_hal_Hwi_initStack
 .text.ti_sysbios_hal_Hwi_checkStack
                0x80004590       0x5c C:\Workspace\ws_drone_v10\example_starterware_epwm_app\src\sysbios\sysbios.aa8fg(hal_Hwi_stack.o)
                0x80004590                ti_sysbios_hal_Hwi_checkStack
 .text          0x800045ec        0x0 C:\Workspace\ws_drone_v10\example_starterware_epwm_app\src\sysbios\sysbios.aa8fg(hal_Hwi_startup.o)
 .text.ti_sysbios_hal_Hwi_startup__E
                0x800045ec        0x4 C:\Workspace\ws_drone_v10\example_starterware_epwm_app\src\sysbios\sysbios.aa8fg(hal_Hwi_startup.o)
                0x800045ec                ti_sysbios_hal_Hwi_startup__E
 .text          0x800045f0        0x0 C:\Workspace\ws_drone_v10\example_starterware_epwm_app\src\sysbios\sysbios.aa8fg(gnu_ReentSupport.o)
 .text.ti_sysbios_rts_gnu_ReentSupport_Module_startup__E
                0x800045f0       0x40 C:\Workspace\ws_drone_v10\example_starterware_epwm_app\src\sysbios\sysbios.aa8fg(gnu_ReentSupport.o)
                0x800045f0                ti_sysbios_rts_gnu_ReentSupport_Module_startup__E
 .text.ti_sysbios_rts_gnu_ReentSupport_taskRegHook__I
                0x80004630       0x10 C:\Workspace\ws_drone_v10\example_starterware_epwm_app\src\sysbios\sysbios.aa8fg(gnu_ReentSupport.o)
                0x80004630                ti_sysbios_rts_gnu_ReentSupport_taskRegHook(int0_t)
 .text.ti_sysbios_rts_gnu_ReentSupport_taskDeleteHook__I
                0x80004640       0x60 C:\Workspace\ws_drone_v10\example_starterware_epwm_app\src\sysbios\sysbios.aa8fg(gnu_ReentSupport.o)
                0x80004640                ti_sysbios_rts_gnu_ReentSupport_taskDeleteHook(int0_t)
 .text.ti_sysbios_rts_gnu_ReentSupport_getReent__I
                0x800046a0       0xb0 C:\Workspace\ws_drone_v10\example_starterware_epwm_app\src\sysbios\sysbios.aa8fg(gnu_ReentSupport.o)
                0x800046a0                ti_sysbios_rts_gnu_ReentSupport_getReent(int0_t)
 .text          0x80004750        0x0 C:\Workspace\ws_drone_v10\example_starterware_epwm_app\src\sysbios\sysbios.aa8fg(gnu_SemiHostSupport.o)
 .text.ti_sysbios_rts_gnu_SemiHostSupport_startup__I
                0x80004750        0x4 C:\Workspace\ws_drone_v10\example_starterware_epwm_app\src\sysbios\sysbios.aa8fg(gnu_SemiHostSupport.o)
                0x80004750                ti_sysbios_rts_gnu_SemiHostSupport_startup(int0_t)
 .text          0x80004754        0x0 C:\Workspace\ws_drone_v10\example_starterware_epwm_app\src\sysbios\sysbios.aa8fg(a8_Cache.o)
 .text.ti_sysbios_family_arm_a8_Cache_startup__I
                0x80004754      0x198 C:\Workspace\ws_drone_v10\example_starterware_epwm_app\src\sysbios\sysbios.aa8fg(a8_Cache.o)
                0x80004754                ti_sysbios_family_arm_a8_Cache_startup(int0_t)
 .text.ti_sysbios_family_arm_a8_Cache_disable__E
                0x800048ec       0xb4 C:\Workspace\ws_drone_v10\example_starterware_epwm_app\src\sysbios\sysbios.aa8fg(a8_Cache.o)
                0x800048ec                ti_sysbios_family_arm_a8_Cache_disable__E
 .text.ti_sysbios_family_arm_a8_Cache_enable__E
                0x800049a0       0x48 C:\Workspace\ws_drone_v10\example_starterware_epwm_app\src\sysbios\sysbios.aa8fg(a8_Cache.o)
                0x800049a0                ti_sysbios_family_arm_a8_Cache_enable__E
 .text          0x800049e8        0x0 C:\Workspace\ws_drone_v10\example_starterware_epwm_app\src\sysbios\sysbios.aa8fg(a8_Mmu.o)
 .text.ti_sysbios_family_arm_a8_Mmu_Module_startup__E
                0x800049e8       0xf0 C:\Workspace\ws_drone_v10\example_starterware_epwm_app\src\sysbios\sysbios.aa8fg(a8_Mmu.o)
                0x800049e8                ti_sysbios_family_arm_a8_Mmu_Module_startup__E
 .text.ti_sysbios_family_arm_a8_Mmu_disable__E
                0x80004ad8       0x48 C:\Workspace\ws_drone_v10\example_starterware_epwm_app\src\sysbios\sysbios.aa8fg(a8_Mmu.o)
                0x80004ad8                ti_sysbios_family_arm_a8_Mmu_disable__E
 .text          0x80004b20        0x0 C:\Workspace\ws_drone_v10\example_starterware_epwm_app\src\sysbios\sysbios.aa8fg(a8_TimestampProvider.o)
 .text.ti_sysbios_family_arm_a8_TimestampProvider_Module_startup__E
                0x80004b20       0x10 C:\Workspace\ws_drone_v10\example_starterware_epwm_app\src\sysbios\sysbios.aa8fg(a8_TimestampProvider.o)
                0x80004b20                ti_sysbios_family_arm_a8_TimestampProvider_Module_startup__E
 .text.ti_sysbios_family_arm_a8_TimestampProvider_get64__E
                0x80004b30       0x54 C:\Workspace\ws_drone_v10\example_starterware_epwm_app\src\sysbios\sysbios.aa8fg(a8_TimestampProvider.o)
                0x80004b30                ti_sysbios_family_arm_a8_TimestampProvider_get64__E
 .text.ti_sysbios_family_arm_a8_TimestampProvider_getFreq__E
                0x80004b84        0x4 C:\Workspace\ws_drone_v10\example_starterware_epwm_app\src\sysbios\sysbios.aa8fg(a8_TimestampProvider.o)
                0x80004b84                ti_sysbios_family_arm_a8_TimestampProvider_getFreq__E
 .text.ti_sysbios_family_arm_a8_TimestampProvider_autoRefreshFxn__I
                0x80004b88       0x48 C:\Workspace\ws_drone_v10\example_starterware_epwm_app\src\sysbios\sysbios.aa8fg(a8_TimestampProvider.o)
                0x80004b88                ti_sysbios_family_arm_a8_TimestampProvider_autoRefreshFxn(int0_t)
 .text          0x80004bd0        0x0 C:\Workspace\ws_drone_v10\example_starterware_epwm_app\src\sysbios\sysbios.aa8fg(intcps_Hwi.o)
 .text.ti_sysbios_family_arm_a8_intcps_Hwi_Module_startup__E
                0x80004bd0      0x198 C:\Workspace\ws_drone_v10\example_starterware_epwm_app\src\sysbios\sysbios.aa8fg(intcps_Hwi.o)
                0x80004bd0                ti_sysbios_family_arm_a8_intcps_Hwi_Module_startup__E
 .text.ti_sysbios_family_arm_a8_intcps_Hwi_startup__E
                0x80004d68       0x1c C:\Workspace\ws_drone_v10\example_starterware_epwm_app\src\sysbios\sysbios.aa8fg(intcps_Hwi.o)
                0x80004d68                ti_sysbios_family_arm_a8_intcps_Hwi_startup__E
 .text.ti_sysbios_family_xxx_Hwi_switchToIsrStack
                0x80004d84       0x20 C:\Workspace\ws_drone_v10\example_starterware_epwm_app\src\sysbios\sysbios.aa8fg(intcps_Hwi.o)
                0x80004d84                ti_sysbios_family_xxx_Hwi_switchToIsrStack
 .text.ti_sysbios_family_xxx_Hwi_switchToTaskStack
                0x80004da4       0x1c C:\Workspace\ws_drone_v10\example_starterware_epwm_app\src\sysbios\sysbios.aa8fg(intcps_Hwi.o)
                0x80004da4                ti_sysbios_family_xxx_Hwi_switchToTaskStack
 .text.ti_sysbios_family_arm_a8_intcps_Hwi_disableInterrupt__E
                0x80004dc0      0x150 C:\Workspace\ws_drone_v10\example_starterware_epwm_app\src\sysbios\sysbios.aa8fg(intcps_Hwi.o)
                0x80004dc0                ti_sysbios_family_arm_a8_intcps_Hwi_disableInterrupt__E
 .text.ti_sysbios_family_arm_a8_intcps_Hwi_enableInterrupt__E
                0x80004f10      0x154 C:\Workspace\ws_drone_v10\example_starterware_epwm_app\src\sysbios\sysbios.aa8fg(intcps_Hwi.o)
                0x80004f10                ti_sysbios_family_arm_a8_intcps_Hwi_enableInterrupt__E
 .text.ti_sysbios_family_arm_a8_intcps_Hwi_clearInterrupt__E
                0x80005064       0x14 C:\Workspace\ws_drone_v10\example_starterware_epwm_app\src\sysbios\sysbios.aa8fg(intcps_Hwi.o)
                0x80005064                ti_sysbios_family_arm_a8_intcps_Hwi_clearInterrupt__E
 .text.ti_sysbios_family_arm_a8_intcps_Hwi_switchFromBootStack__E
                0x80005078       0x20 C:\Workspace\ws_drone_v10\example_starterware_epwm_app\src\sysbios\sysbios.aa8fg(intcps_Hwi.o)
                0x80005078                ti_sysbios_family_arm_a8_intcps_Hwi_switchFromBootStack__E
 .text.ti_sysbios_family_arm_a8_intcps_Hwi_getStackInfo__E
                0x80005098       0x78 C:\Workspace\ws_drone_v10\example_starterware_epwm_app\src\sysbios\sysbios.aa8fg(intcps_Hwi.o)
                0x80005098                ti_sysbios_family_arm_a8_intcps_Hwi_getStackInfo__E
 .text.ti_sysbios_family_arm_a8_intcps_Hwi_nonPluggedHwiHandler__I
                0x80005110       0x5c C:\Workspace\ws_drone_v10\example_starterware_epwm_app\src\sysbios\sysbios.aa8fg(intcps_Hwi.o)
                0x80005110                ti_sysbios_family_arm_a8_intcps_Hwi_nonPluggedHwiHandler(int0_t)
 .text.ti_sysbios_family_arm_a8_intcps_Hwi_dispatchFIQC__I
                0x8000516c       0x40 C:\Workspace\ws_drone_v10\example_starterware_epwm_app\src\sysbios\sysbios.aa8fg(intcps_Hwi.o)
                0x8000516c                ti_sysbios_family_arm_a8_intcps_Hwi_dispatchFIQC(int0_t)
 .text.ti_sysbios_family_arm_a8_intcps_Hwi_dispatchIRQC__I
                0x800051ac       0xd8 C:\Workspace\ws_drone_v10\example_starterware_epwm_app\src\sysbios\sysbios.aa8fg(intcps_Hwi.o)
                0x800051ac                ti_sysbios_family_arm_a8_intcps_Hwi_dispatchIRQC(int0_t)
 .text          0x80005284        0x0 C:\Workspace\ws_drone_v10\example_starterware_epwm_app\src\sysbios\sysbios.aa8fg(exc_Exception.o)
 .text.ti_sysbios_family_arm_exc_Exception_Module_startup__E
                0x80005284       0x10 C:\Workspace\ws_drone_v10\example_starterware_epwm_app\src\sysbios\sysbios.aa8fg(exc_Exception.o)
                0x80005284                ti_sysbios_family_arm_exc_Exception_Module_startup__E
 .text.ti_sysbios_family_arm_exc_Exception_excDumpContext__I
                0x80005294      0x188 C:\Workspace\ws_drone_v10\example_starterware_epwm_app\src\sysbios\sysbios.aa8fg(exc_Exception.o)
                0x80005294                ti_sysbios_family_arm_exc_Exception_excDumpContext(int0_t)
 .text.ti_sysbios_family_arm_exc_Exception_excHandler__I
                0x8000541c      0x514 C:\Workspace\ws_drone_v10\example_starterware_epwm_app\src\sysbios\sysbios.aa8fg(exc_Exception.o)
                0x8000541c                ti_sysbios_family_arm_exc_Exception_excHandler(int0_t)
 .text          0x80005930        0x0 C:\Workspace\ws_drone_v10\example_starterware_epwm_app\src\sysbios\sysbios.aa8fg(gates_GateHwi.o)
 .text.ti_sysbios_gates_GateHwi_Instance_init__E
                0x80005930        0x4 C:\Workspace\ws_drone_v10\example_starterware_epwm_app\src\sysbios\sysbios.aa8fg(gates_GateHwi.o)
                0x80005930                ti_sysbios_gates_GateHwi_Instance_init__E
 .text.ti_sysbios_gates_GateHwi_enter__E
                0x80005934        0xc C:\Workspace\ws_drone_v10\example_starterware_epwm_app\src\sysbios\sysbios.aa8fg(gates_GateHwi.o)
                0x80005934                ti_sysbios_gates_GateHwi_enter__E
 .text.ti_sysbios_gates_GateHwi_leave__E
                0x80005940       0x18 C:\Workspace\ws_drone_v10\example_starterware_epwm_app\src\sysbios\sysbios.aa8fg(gates_GateHwi.o)
                0x80005940                ti_sysbios_gates_GateHwi_leave__E
 .text.ti_sysbios_gates_GateHwi_query__E
                0x80005958        0x8 C:\Workspace\ws_drone_v10\example_starterware_epwm_app\src\sysbios\sysbios.aa8fg(gates_GateHwi.o)
                0x80005958                ti_sysbios_gates_GateHwi_query__E
 .text          0x80005960        0x0 C:\Workspace\ws_drone_v10\example_starterware_epwm_app\src\sysbios\sysbios.aa8fg(gates_GateMutex.o)
 .text.ti_sysbios_gates_GateMutex_Instance_init__E
                0x80005960       0x30 C:\Workspace\ws_drone_v10\example_starterware_epwm_app\src\sysbios\sysbios.aa8fg(gates_GateMutex.o)
                0x80005960                ti_sysbios_gates_GateMutex_Instance_init__E
 .text.ti_sysbios_gates_GateMutex_Instance_finalize__E
                0x80005990       0x14 C:\Workspace\ws_drone_v10\example_starterware_epwm_app\src\sysbios\sysbios.aa8fg(gates_GateMutex.o)
                0x80005990                ti_sysbios_gates_GateMutex_Instance_finalize__E
 .text.ti_sysbios_gates_GateMutex_enter__E
                0x800059a4       0x48 C:\Workspace\ws_drone_v10\example_starterware_epwm_app\src\sysbios\sysbios.aa8fg(gates_GateMutex.o)
                0x800059a4                ti_sysbios_gates_GateMutex_enter__E
 .text.ti_sysbios_gates_GateMutex_leave__E
                0x800059ec       0x20 C:\Workspace\ws_drone_v10\example_starterware_epwm_app\src\sysbios\sysbios.aa8fg(gates_GateMutex.o)
                0x800059ec                ti_sysbios_gates_GateMutex_leave__E
 .text.ti_sysbios_gates_GateMutex_query__E
                0x80005a0c        0x8 C:\Workspace\ws_drone_v10\example_starterware_epwm_app\src\sysbios\sysbios.aa8fg(gates_GateMutex.o)
                0x80005a0c                ti_sysbios_gates_GateMutex_query__E
 .text          0x80005a14        0x0 C:\Workspace\ws_drone_v10\example_starterware_epwm_app\src\sysbios\sysbios.aa8fg(heaps_HeapMem.o)
 .text.ti_sysbios_heaps_HeapMem_init__I
                0x80005a14       0x68 C:\Workspace\ws_drone_v10\example_starterware_epwm_app\src\sysbios\sysbios.aa8fg(heaps_HeapMem.o)
                0x80005a14                ti_sysbios_heaps_HeapMem_init(int0_t)
 .text.ti_sysbios_heaps_HeapMem_Instance_init__E
                0x80005a7c       0x6c C:\Workspace\ws_drone_v10\example_starterware_epwm_app\src\sysbios\sysbios.aa8fg(heaps_HeapMem.o)
                0x80005a7c                ti_sysbios_heaps_HeapMem_Instance_init__E
 .text.ti_sysbios_heaps_HeapMem_alloc__E
                0x80005ae8      0x168 C:\Workspace\ws_drone_v10\example_starterware_epwm_app\src\sysbios\sysbios.aa8fg(heaps_HeapMem.o)
                0x80005ae8                ti_sysbios_heaps_HeapMem_alloc__E
 .text.ti_sysbios_heaps_HeapMem_free__E
                0x80005c50       0xec C:\Workspace\ws_drone_v10\example_starterware_epwm_app\src\sysbios\sysbios.aa8fg(heaps_HeapMem.o)
                0x80005c50                ti_sysbios_heaps_HeapMem_free__E
 .text.ti_sysbios_heaps_HeapMem_isBlocking__E
                0x80005d3c        0x8 C:\Workspace\ws_drone_v10\example_starterware_epwm_app\src\sysbios\sysbios.aa8fg(heaps_HeapMem.o)
                0x80005d3c                ti_sysbios_heaps_HeapMem_isBlocking__E
 .text.ti_sysbios_heaps_HeapMem_getStats__E
                0x80005d44       0x84 C:\Workspace\ws_drone_v10\example_starterware_epwm_app\src\sysbios\sysbios.aa8fg(heaps_HeapMem.o)
                0x80005d44                ti_sysbios_heaps_HeapMem_getStats__E
 .text          0x80005dc8        0x0 C:\Workspace\ws_drone_v10\example_starterware_epwm_app\src\sysbios\sysbios.aa8fg(dmtimer_Timer.o)
 .text.ti_sysbios_timers_dmtimer_Timer_stub__E
                0x80005dc8       0x38 C:\Workspace\ws_drone_v10\example_starterware_epwm_app\src\sysbios\sysbios.aa8fg(dmtimer_Timer.o)
                0x80005dc8                ti_sysbios_timers_dmtimer_Timer_stub__E
 .text.ti_sysbios_timers_dmtimer_Timer_getMaxTicks__E
                0x80005e00       0x14 C:\Workspace\ws_drone_v10\example_starterware_epwm_app\src\sysbios\sysbios.aa8fg(dmtimer_Timer.o)
                0x80005e00                ti_sysbios_timers_dmtimer_Timer_getMaxTicks__E
 .text.ti_sysbios_timers_dmtimer_Timer_setPeriodMicroSecs__E
                0x80005e14      0x14c C:\Workspace\ws_drone_v10\example_starterware_epwm_app\src\sysbios\sysbios.aa8fg(dmtimer_Timer.o)
                0x80005e14                ti_sysbios_timers_dmtimer_Timer_setPeriodMicroSecs__E
 .text.ti_sysbios_timers_dmtimer_Timer_deviceConfig__I
                0x80005f60      0x278 C:\Workspace\ws_drone_v10\example_starterware_epwm_app\src\sysbios\sysbios.aa8fg(dmtimer_Timer.o)
                0x80005f60                ti_sysbios_timers_dmtimer_Timer_deviceConfig(int0_t)
 .text.ti_sysbios_timers_dmtimer_Timer_start__E
                0x800061d8      0x114 C:\Workspace\ws_drone_v10\example_starterware_epwm_app\src\sysbios\sysbios.aa8fg(dmtimer_Timer.o)
                0x800061d8                ti_sysbios_timers_dmtimer_Timer_start__E
 .text.ti_sysbios_timers_dmtimer_Timer_startup__E
                0x800062ec       0x80 C:\Workspace\ws_drone_v10\example_starterware_epwm_app\src\sysbios\sysbios.aa8fg(dmtimer_Timer.o)
                0x800062ec                ti_sysbios_timers_dmtimer_Timer_startup__E
 .text.ti_sysbios_timers_dmtimer_Timer_checkFreq__I
                0x8000636c      0x1c4 C:\Workspace\ws_drone_v10\example_starterware_epwm_app\src\sysbios\sysbios.aa8fg(dmtimer_Timer.o)
                0x8000636c                ti_sysbios_timers_dmtimer_Timer_checkFreq(int0_t)
 .text.ti_sysbios_timers_dmtimer_Timer_Module_startup__E
                0x80006530      0x12c C:\Workspace\ws_drone_v10\example_starterware_epwm_app\src\sysbios\sysbios.aa8fg(dmtimer_Timer.o)
                0x80006530                ti_sysbios_timers_dmtimer_Timer_Module_startup__E
 .text          0x8000665c        0x0 C:\Workspace\ws_drone_v10\example_starterware_epwm_app\src\sysbios\sysbios.aa8fg(ti81xx_TimerSupport.o)
 .text.ti_sysbios_family_arm_a8_ti81xx_TimerSupport_Module_startup__E
                0x8000665c        0x8 C:\Workspace\ws_drone_v10\example_starterware_epwm_app\src\sysbios\sysbios.aa8fg(ti81xx_TimerSupport.o)
                0x8000665c                ti_sysbios_family_arm_a8_ti81xx_TimerSupport_Module_startup__E
 .text.ti_sysbios_family_arm_a8_ti81xx_TimerSupport_enable__E
                0x80006664        0x4 C:\Workspace\ws_drone_v10\example_starterware_epwm_app\src\sysbios\sysbios.aa8fg(ti81xx_TimerSupport.o)
                0x80006664                ti_sysbios_family_arm_a8_ti81xx_TimerSupport_enable__E
 .text          0x80006668        0x0 C:\Workspace\ws_drone_v10\example_starterware_epwm_app\src\sysbios\sysbios.aa8fg(arm_IntrinsicsSupport_asm_gnu.o)
 .text.ti_sysbios_family_arm_IntrinsicsSupport_maxbitA__I
                0x80006668        0xc C:\Workspace\ws_drone_v10\example_starterware_epwm_app\src\sysbios\sysbios.aa8fg(arm_IntrinsicsSupport_asm_gnu.o)
                0x80006668                ti_sysbios_family_arm_IntrinsicsSupport_maxbitA(int0_t)
 .text          0x80006674        0x0 C:\Workspace\ws_drone_v10\example_starterware_epwm_app\src\sysbios\sysbios.aa8fg(a8_Mmu_asm_gnu.o)
 .text.ti_sysbios_family_arm_a8_Mmu_init__I
                0x80006674       0x14 C:\Workspace\ws_drone_v10\example_starterware_epwm_app\src\sysbios\sysbios.aa8fg(a8_Mmu_asm_gnu.o)
                0x80006674                ti_sysbios_family_arm_a8_Mmu_init(int0_t)
 .text.ti_sysbios_family_arm_a8_Mmu_disableAsm__I
                0x80006688       0x20 C:\Workspace\ws_drone_v10\example_starterware_epwm_app\src\sysbios\sysbios.aa8fg(a8_Mmu_asm_gnu.o)
                0x80006688                ti_sysbios_family_arm_a8_Mmu_disableAsm(int0_t)
 .text.ti_sysbios_family_arm_a8_Mmu_enableAsm__I
                0x800066a8       0x30 C:\Workspace\ws_drone_v10\example_starterware_epwm_app\src\sysbios\sysbios.aa8fg(a8_Mmu_asm_gnu.o)
                0x800066a8                ti_sysbios_family_arm_a8_Mmu_enableAsm(int0_t)
 .text.ti_sysbios_family_arm_a8_Mmu_isEnabled__E
                0x800066d8       0x14 C:\Workspace\ws_drone_v10\example_starterware_epwm_app\src\sysbios\sysbios.aa8fg(a8_Mmu_asm_gnu.o)
                0x800066d8                ti_sysbios_family_arm_a8_Mmu_isEnabled__E
 .text.ti_sysbios_family_arm_a8_Mmu_setDomainAccessCtrlReg__E
                0x800066ec        0x8 C:\Workspace\ws_drone_v10\example_starterware_epwm_app\src\sysbios\sysbios.aa8fg(a8_Mmu_asm_gnu.o)
                0x800066ec                ti_sysbios_family_arm_a8_Mmu_setDomainAccessCtrlReg__E
 .text          0x800066f4        0xc C:\Workspace\ws_drone_v10\example_starterware_epwm_app\src\sysbios\sysbios.aa8fg(dmtimer_Timer_asm_gnu.o)
                0x800066f4                ti_sysbios_timers_dmtimer_Timer_spinLoop(int0_t)
 .text          0x80006700        0x0 C:\Workspace\ws_drone_v10\example_starterware_epwm_app\src\sysbios\sysbios.aa8fg(knl_Idle.o)
 .text.ti_sysbios_knl_Idle_run__E
                0x80006700       0x34 C:\Workspace\ws_drone_v10\example_starterware_epwm_app\src\sysbios\sysbios.aa8fg(knl_Idle.o)
                0x80006700                ti_sysbios_knl_Idle_run__E
 .text          0x80006734        0x0 C:\ti\pdk_am335x_1_0_17\packages\ti\starterware\binary\soc\lib\am335x-beagleboneblack\a8\debug\gcc\libsoc.a(soc.o)
 .text.SOCGetSocFamilyId
                0x80006734       0x30 C:\ti\pdk_am335x_1_0_17\packages\ti\starterware\binary\soc\lib\am335x-beagleboneblack\a8\debug\gcc\libsoc.a(soc.o)
                0x80006734                SOCGetSocFamilyId
 .text.SOCGetCoreId
                0x80006764       0x30 C:\ti\pdk_am335x_1_0_17\packages\ti\starterware\binary\soc\lib\am335x-beagleboneblack\a8\debug\gcc\libsoc.a(soc.o)
                0x80006764                SOCGetCoreId
 .text.SOCGetSocFamilyName
                0x80006794       0xb8 C:\ti\pdk_am335x_1_0_17\packages\ti\starterware\binary\soc\lib\am335x-beagleboneblack\a8\debug\gcc\libsoc.a(soc.o)
                0x80006794                SOCGetSocFamilyName
 .text.SOCGetCoreName
                0x8000684c       0xb8 C:\ti\pdk_am335x_1_0_17\packages\ti\starterware\binary\soc\lib\am335x-beagleboneblack\a8\debug\gcc\libsoc.a(soc.o)
                0x8000684c                SOCGetCoreName
 .text.SOCPrintInfo
                0x80006904       0x60 C:\ti\pdk_am335x_1_0_17\packages\ti\starterware\binary\soc\lib\am335x-beagleboneblack\a8\debug\gcc\libsoc.a(soc.o)
                0x80006904                SOCPrintInfo
 .text          0x80006964        0x0 C:\ti\pdk_am335x_1_0_17\packages\ti\starterware\binary\soc\lib\am335x-beagleboneblack\a8\debug\gcc\libsoc.a(am335x_chipdb.o)
 .text.HW_RD_REG32
                0x80006964       0x34 C:\ti\pdk_am335x_1_0_17\packages\ti\starterware\binary\soc\lib\am335x-beagleboneblack\a8\debug\gcc\libsoc.a(am335x_chipdb.o)
 .text.CHIPDBIsResourcePresent
                0x80006998      0x140 C:\ti\pdk_am335x_1_0_17\packages\ti\starterware\binary\soc\lib\am335x-beagleboneblack\a8\debug\gcc\libsoc.a(am335x_chipdb.o)
                0x80006998                CHIPDBIsResourcePresent
 .text.CHIPDBSecurityLevel
                0x80006ad8       0x20 C:\ti\pdk_am335x_1_0_17\packages\ti\starterware\binary\soc\lib\am335x-beagleboneblack\a8\debug\gcc\libsoc.a(am335x_chipdb.o)
                0x80006ad8                CHIPDBSecurityLevel
 .text.CHIPDBBaseAddress
                0x80006af8       0x78 C:\ti\pdk_am335x_1_0_17\packages\ti\starterware\binary\soc\lib\am335x-beagleboneblack\a8\debug\gcc\libsoc.a(am335x_chipdb.o)
                0x80006af8                CHIPDBBaseAddress
 .text.ChipDBReadBasePNEncoding
                0x80006b70       0x1c C:\ti\pdk_am335x_1_0_17\packages\ti\starterware\binary\soc\lib\am335x-beagleboneblack\a8\debug\gcc\libsoc.a(am335x_chipdb.o)
 .text.ChipDBReadSecurityLevel
                0x80006b8c       0xd0 C:\ti\pdk_am335x_1_0_17\packages\ti\starterware\binary\soc\lib\am335x-beagleboneblack\a8\debug\gcc\libsoc.a(am335x_chipdb.o)
 .text          0x80006c5c        0x0 C:\ti\pdk_am335x_1_0_17\packages\ti\starterware\binary\soc\lib\am335x-beagleboneblack\a8\debug\gcc\libsoc.a(hw_am335x_chipdb.o)
 .text.CHIPDBIsSecureModule
                0x80006c5c       0x64 C:\ti\pdk_am335x_1_0_17\packages\ti\starterware\binary\soc\lib\am335x-beagleboneblack\a8\debug\gcc\libsoc.a(hw_am335x_chipdb.o)
                0x80006c5c                CHIPDBIsSecureModule
 .text          0x80006cc0        0x0 C:\ti\pdk_am335x_1_0_17\packages\ti\starterware\binary\soc\lib\am335x-beagleboneblack\a8\debug\gcc\libsoc.a(hw_am335x_chipdb_baseaddr.o)
 .text          0x80006cc0        0x0 C:\ti\pdk_am335x_1_0_17\packages\ti\starterware\binary\soc\lib\am335x-beagleboneblack\a8\debug\gcc\libsoc.a(hw_am335x_chipdb_interrupt.o)
 .text          0x80006cc0        0x0 C:\ti\pdk_am335x_1_0_17\packages\ti\starterware\binary\soc\lib\am335x-beagleboneblack\a8\debug\gcc\libsoc.a(cache_arm.o)
 .text.CACHEEnable
                0x80006cc0       0x84 C:\ti\pdk_am335x_1_0_17\packages\ti\starterware\binary\soc\lib\am335x-beagleboneblack\a8\debug\gcc\libsoc.a(cache_arm.o)
                0x80006cc0                CACHEEnable
 .text          0x80006d44        0x0 C:\ti\pdk_am335x_1_0_17\packages\ti\starterware\binary\soc\lib\am335x-beagleboneblack\a8\debug\gcc\libsoc.a(am335x_control.o)
 .text.HW_RD_REG32
                0x80006d44       0x34 C:\ti\pdk_am335x_1_0_17\packages\ti\starterware\binary\soc\lib\am335x-beagleboneblack\a8\debug\gcc\libsoc.a(am335x_control.o)
 .text.HW_WR_REG32
                0x80006d78       0x34 C:\ti\pdk_am335x_1_0_17\packages\ti\starterware\binary\soc\lib\am335x-beagleboneblack\a8\debug\gcc\libsoc.a(am335x_control.o)
 .text.SOCCtrlPwmssTimebaseClkEnable
                0x80006dac       0x9c C:\ti\pdk_am335x_1_0_17\packages\ti\starterware\binary\soc\lib\am335x-beagleboneblack\a8\debug\gcc\libsoc.a(am335x_control.o)
                0x80006dac                SOCCtrlPwmssTimebaseClkEnable
 .text          0x80006e48        0x0 C:\ti\pdk_am335x_1_0_17\packages\ti\starterware\binary\soc\lib\am335x-beagleboneblack\a8\debug\gcc\libsoc.a(am335x_prcm.o)
 .text.HW_RD_REG32
                0x80006e48       0x34 C:\ti\pdk_am335x_1_0_17\packages\ti\starterware\binary\soc\lib\am335x-beagleboneblack\a8\debug\gcc\libsoc.a(am335x_prcm.o)
 .text.HW_WR_REG32
                0x80006e7c       0x34 C:\ti\pdk_am335x_1_0_17\packages\ti\starterware\binary\soc\lib\am335x-beagleboneblack\a8\debug\gcc\libsoc.a(am335x_prcm.o)
 .text.enableModule
                0x80006eb0       0xe0 C:\ti\pdk_am335x_1_0_17\packages\ti\starterware\binary\soc\lib\am335x-beagleboneblack\a8\debug\gcc\libsoc.a(am335x_prcm.o)
                0x80006eb0                enableModule
 .text.PRCMModuleEnable
                0x80006f90      0x904 C:\ti\pdk_am335x_1_0_17\packages\ti\starterware\binary\soc\lib\am335x-beagleboneblack\a8\debug\gcc\libsoc.a(am335x_prcm.o)
                0x80006f90                PRCMModuleEnable
 .text          0x80007894        0x0 C:\ti\pdk_am335x_1_0_17\packages\ti\starterware\binary\board\lib\am335x-beagleboneblack\a8\debug\gcc\libboard.a(board.o)
 .text.BOARDInit
                0x80007894       0xf8 C:\ti\pdk_am335x_1_0_17\packages\ti\starterware\binary\board\lib\am335x-beagleboneblack\a8\debug\gcc\libboard.a(board.o)
                0x80007894                BOARDInit
 .text.BOARDGetId
                0x8000798c       0x90 C:\ti\pdk_am335x_1_0_17\packages\ti\starterware\binary\board\lib\am335x-beagleboneblack\a8\debug\gcc\libboard.a(board.o)
                0x8000798c                BOARDGetId
 .text.BOARDGetBoardName
                0x80007a1c       0xac C:\ti\pdk_am335x_1_0_17\packages\ti\starterware\binary\board\lib\am335x-beagleboneblack\a8\debug\gcc\libboard.a(board.o)
                0x80007a1c                BOARDGetBoardName
 .text.BOARDGetBaseBoardRevName
                0x80007ac8       0x54 C:\ti\pdk_am335x_1_0_17\packages\ti\starterware\binary\board\lib\am335x-beagleboneblack\a8\debug\gcc\libboard.a(board.o)
                0x80007ac8                BOARDGetBaseBoardRevName
 .text.BOARDGetDcRevName
                0x80007b1c       0x54 C:\ti\pdk_am335x_1_0_17\packages\ti\starterware\binary\board\lib\am335x-beagleboneblack\a8\debug\gcc\libboard.a(board.o)
                0x80007b1c                BOARDGetDcRevName
 .text.BOARDGetData
                0x80007b70       0x54 C:\ti\pdk_am335x_1_0_17\packages\ti\starterware\binary\board\lib\am335x-beagleboneblack\a8\debug\gcc\libboard.a(board.o)
                0x80007b70                BOARDGetData
 .text.BOARDGetDeviceCtrlModId
                0x80007bc4      0x198 C:\ti\pdk_am335x_1_0_17\packages\ti\starterware\binary\board\lib\am335x-beagleboneblack\a8\debug\gcc\libboard.a(board.o)
                0x80007bc4                BOARDGetDeviceCtrlModId
 .text.BOARDGetDeviceCtrlModInstNum
                0x80007d5c       0xdc C:\ti\pdk_am335x_1_0_17\packages\ti\starterware\binary\board\lib\am335x-beagleboneblack\a8\debug\gcc\libboard.a(board.o)
                0x80007d5c                BOARDGetDeviceCtrlModInstNum
 .text.BOARDGetDeviceCtrlInfo
                0x80007e38       0xbc C:\ti\pdk_am335x_1_0_17\packages\ti\starterware\binary\board\lib\am335x-beagleboneblack\a8\debug\gcc\libboard.a(board.o)
                0x80007e38                BOARDGetDeviceCtrlInfo
 .text.BOARDPrintInfo
                0x80007ef4       0x88 C:\ti\pdk_am335x_1_0_17\packages\ti\starterware\binary\board\lib\am335x-beagleboneblack\a8\debug\gcc\libboard.a(board.o)
                0x80007ef4                BOARDPrintInfo
 .text          0x80007f7c        0x0 C:\ti\pdk_am335x_1_0_17\packages\ti\starterware\binary\board\lib\am335x-beagleboneblack\a8\debug\gcc\libboard.a(dcard.o)
 .text.DCARDGetDCardList
                0x80007f7c       0x4c C:\ti\pdk_am335x_1_0_17\packages\ti\starterware\binary\board\lib\am335x-beagleboneblack\a8\debug\gcc\libboard.a(dcard.o)
                0x80007f7c                DCARDGetDCardList
 .text.DCARDIsDevPresent
                0x80007fc8       0xb4 C:\ti\pdk_am335x_1_0_17\packages\ti\starterware\binary\board\lib\am335x-beagleboneblack\a8\debug\gcc\libboard.a(dcard.o)
                0x80007fc8                DCARDIsDevPresent
 .text.DCARDGetDeviceCtrlModId
                0x8000807c       0xe4 C:\ti\pdk_am335x_1_0_17\packages\ti\starterware\binary\board\lib\am335x-beagleboneblack\a8\debug\gcc\libboard.a(dcard.o)
                0x8000807c                DCARDGetDeviceCtrlModId
 .text.DCARDGetRevStr
                0x80008160       0x50 C:\ti\pdk_am335x_1_0_17\packages\ti\starterware\binary\board\lib\am335x-beagleboneblack\a8\debug\gcc\libboard.a(dcard.o)
                0x80008160                DCARDGetRevStr
 .text.DCARDGetData
                0x800081b0       0x70 C:\ti\pdk_am335x_1_0_17\packages\ti\starterware\binary\board\lib\am335x-beagleboneblack\a8\debug\gcc\libboard.a(dcard.o)
                0x800081b0                DCARDGetData
 .text.DCARDGetRevTable
                0x80008220       0x40 C:\ti\pdk_am335x_1_0_17\packages\ti\starterware\binary\board\lib\am335x-beagleboneblack\a8\debug\gcc\libboard.a(dcard.o)
                0x80008220                DCARDGetRevTable
 .text          0x80008260        0x0 C:\ti\pdk_am335x_1_0_17\packages\ti\starterware\binary\board\lib\am335x-beagleboneblack\a8\debug\gcc\libboard.a(platform.o)
 .text.PLATFORMGetId
                0x80008260       0x28 C:\ti\pdk_am335x_1_0_17\packages\ti\starterware\binary\board\lib\am335x-beagleboneblack\a8\debug\gcc\libboard.a(platform.o)
                0x80008260                PLATFORMGetId
 .text          0x80008288        0x0 C:\ti\pdk_am335x_1_0_17\packages\ti\starterware\binary\board\lib\am335x-beagleboneblack\a8\debug\gcc\libboard.a(pinmux.o)
 .text.HW_WR_REG32
                0x80008288       0x34 C:\ti\pdk_am335x_1_0_17\packages\ti\starterware\binary\board\lib\am335x-beagleboneblack\a8\debug\gcc\libboard.a(pinmux.o)
 .text.PINMUXModuleConfig
                0x800082bc      0x30c C:\ti\pdk_am335x_1_0_17\packages\ti\starterware\binary\board\lib\am335x-beagleboneblack\a8\debug\gcc\libboard.a(pinmux.o)
                0x800082bc                PINMUXModuleConfig
 .text          0x800085c8        0x0 C:\ti\pdk_am335x_1_0_17\packages\ti\starterware\binary\board\lib\am335x-beagleboneblack\a8\debug\gcc\libboard.a(board_am335x.o)
 .text.BoardAm335xInit
                0x800085c8       0xd8 C:\ti\pdk_am335x_1_0_17\packages\ti\starterware\binary\board\lib\am335x-beagleboneblack\a8\debug\gcc\libboard.a(board_am335x.o)
                0x800085c8                BoardAm335xInit
 .text.BoardGetIdAm335x
                0x800086a0      0x378 C:\ti\pdk_am335x_1_0_17\packages\ti\starterware\binary\board\lib\am335x-beagleboneblack\a8\debug\gcc\libboard.a(board_am335x.o)
                0x800086a0                BoardGetIdAm335x
 .text.BoardGetBaseBoardRevAm335x
                0x80008a18      0x110 C:\ti\pdk_am335x_1_0_17\packages\ti\starterware\binary\board\lib\am335x-beagleboneblack\a8\debug\gcc\libboard.a(board_am335x.o)
                0x80008a18                BoardGetBaseBoardRevAm335x
 .text.BoardGetBaseBoardRevNameAm335x
                0x80008b28       0x68 C:\ti\pdk_am335x_1_0_17\packages\ti\starterware\binary\board\lib\am335x-beagleboneblack\a8\debug\gcc\libboard.a(board_am335x.o)
                0x80008b28                BoardGetBaseBoardRevNameAm335x
 .text.BoardGetDcRevAm335x
                0x80008b90       0x68 C:\ti\pdk_am335x_1_0_17\packages\ti\starterware\binary\board\lib\am335x-beagleboneblack\a8\debug\gcc\libboard.a(board_am335x.o)
                0x80008b90                BoardGetDcRevAm335x
 .text.BoardGetDcRevNameAm335x
                0x80008bf8       0x70 C:\ti\pdk_am335x_1_0_17\packages\ti\starterware\binary\board\lib\am335x-beagleboneblack\a8\debug\gcc\libboard.a(board_am335x.o)
                0x80008bf8                BoardGetDcRevNameAm335x
 .text.BoardGetI2cDataAm335x
                0x80008c68       0x20 C:\ti\pdk_am335x_1_0_17\packages\ti\starterware\binary\board\lib\am335x-beagleboneblack\a8\debug\gcc\libboard.a(board_am335x.o)
                0x80008c68                BoardGetI2cDataAm335x
 .text.BoardGetDataAm335x
                0x80008c88       0x4c C:\ti\pdk_am335x_1_0_17\packages\ti\starterware\binary\board\lib\am335x-beagleboneblack\a8\debug\gcc\libboard.a(board_am335x.o)
                0x80008c88                BoardGetDataAm335x
 .text          0x80008cd4        0x0 C:\ti\pdk_am335x_1_0_17\packages\ti\starterware\binary\board\lib\am335x-beagleboneblack\a8\debug\gcc\libboard.a(dcard_am335x.o)
 .text.DCardAm335xGetDCardList
                0x80008cd4       0x20 C:\ti\pdk_am335x_1_0_17\packages\ti\starterware\binary\board\lib\am335x-beagleboneblack\a8\debug\gcc\libboard.a(dcard_am335x.o)
                0x80008cd4                DCardAm335xGetDCardList
 .text          0x80008cf4        0x0 C:\ti\pdk_am335x_1_0_17\packages\ti\starterware\binary\board\lib\am335x-beagleboneblack\a8\debug\gcc\libboard.a(am335x_gpevm.o)
 .text.BoardAm335xGpevmLcdDevicePowerOn
                0x80008cf4      0x164 C:\ti\pdk_am335x_1_0_17\packages\ti\starterware\binary\board\lib\am335x-beagleboneblack\a8\debug\gcc\libboard.a(am335x_gpevm.o)
                0x80008cf4                BoardAm335xGpevmLcdDevicePowerOn
 .text.BoardAm335xGpevmGetLcdDevData
                0x80008e58       0x64 C:\ti\pdk_am335x_1_0_17\packages\ti\starterware\binary\board\lib\am335x-beagleboneblack\a8\debug\gcc\libboard.a(am335x_gpevm.o)
                0x80008e58                BoardAm335xGpevmGetLcdDevData
 .text.BoardAm335xGpevmLcdUpdnPinControl
                0x80008ebc      0x1e8 C:\ti\pdk_am335x_1_0_17\packages\ti\starterware\binary\board\lib\am335x-beagleboneblack\a8\debug\gcc\libboard.a(am335x_gpevm.o)
                0x80008ebc                BoardAm335xGpevmLcdUpdnPinControl
 .text.BoardAm335xGpevmGpioCfg
                0x800090a4       0xb8 C:\ti\pdk_am335x_1_0_17\packages\ti\starterware\binary\board\lib\am335x-beagleboneblack\a8\debug\gcc\libboard.a(am335x_gpevm.o)
                0x800090a4                BoardAm335xGpevmGpioCfg
 .text          0x8000915c        0x0 C:\ti\pdk_am335x_1_0_17\packages\ti\starterware\binary\board\lib\am335x-beagleboneblack\a8\debug\gcc\libboard.a(am335x_evmsk.o)
 .text          0x8000915c        0x0 C:\ti\pdk_am335x_1_0_17\packages\ti\starterware\binary\board\lib\am335x-beagleboneblack\a8\debug\gcc\libboard.a(am335x_beaglebone.o)
 .text          0x8000915c        0x0 C:\ti\pdk_am335x_1_0_17\packages\ti\starterware\binary\board\lib\am335x-beagleboneblack\a8\debug\gcc\libboard.a(am335x_beagleboneblack.o)
 .text.BoardAm335xBBBPowerOnDCardDev
                0x8000915c      0x100 C:\ti\pdk_am335x_1_0_17\packages\ti\starterware\binary\board\lib\am335x-beagleboneblack\a8\debug\gcc\libboard.a(am335x_beagleboneblack.o)
                0x8000915c                BoardAm335xBBBPowerOnDCardDev
 .text.BoardAm335xBBBGetLcdDevData
                0x8000925c       0x64 C:\ti\pdk_am335x_1_0_17\packages\ti\starterware\binary\board\lib\am335x-beagleboneblack\a8\debug\gcc\libboard.a(am335x_beagleboneblack.o)
                0x8000925c                BoardAm335xBBBGetLcdDevData
 .text.BoardAm335xBBBLcdBacklightEnable
                0x800092c0       0xe0 C:\ti\pdk_am335x_1_0_17\packages\ti\starterware\binary\board\lib\am335x-beagleboneblack\a8\debug\gcc\libboard.a(am335x_beagleboneblack.o)
                0x800092c0                BoardAm335xBBBLcdBacklightEnable
 .text.BoardAm335xBBBLcdAvddEnable
                0x800093a0       0xe0 C:\ti\pdk_am335x_1_0_17\packages\ti\starterware\binary\board\lib\am335x-beagleboneblack\a8\debug\gcc\libboard.a(am335x_beagleboneblack.o)
                0x800093a0                BoardAm335xBBBLcdAvddEnable
 .text.BoardAm335xBBBGpioCfg
                0x80009480       0xb8 C:\ti\pdk_am335x_1_0_17\packages\ti\starterware\binary\board\lib\am335x-beagleboneblack\a8\debug\gcc\libboard.a(am335x_beagleboneblack.o)
                0x80009480                BoardAm335xBBBGpioCfg
 .text          0x80009538        0x0 C:\ti\pdk_am335x_1_0_17\packages\ti\starterware\binary\board\lib\am335x-beagleboneblack\a8\debug\gcc\libboard.a(am335x_icev1.o)
 .text          0x80009538        0x0 C:\ti\pdk_am335x_1_0_17\packages\ti\starterware\binary\board\lib\am335x-beagleboneblack\a8\debug\gcc\libboard.a(am335x_icev2.o)
 .text.BoardAm335xIceV2PhySetupAndReset
                0x80009538      0x394 C:\ti\pdk_am335x_1_0_17\packages\ti\starterware\binary\board\lib\am335x-beagleboneblack\a8\debug\gcc\libboard.a(am335x_icev2.o)
                0x80009538                BoardAm335xIceV2PhySetupAndReset
 .text          0x800098cc        0x0 C:\ti\pdk_am335x_1_0_17\packages\ti\starterware\binary\board\lib\am335x-beagleboneblack\a8\debug\gcc\libboard.a(am335x_amic110.o)
 .text.BoardAm335xAMIC110PhySetupAndReset
                0x800098cc      0x394 C:\ti\pdk_am335x_1_0_17\packages\ti\starterware\binary\board\lib\am335x-beagleboneblack\a8\debug\gcc\libboard.a(am335x_amic110.o)
                0x800098cc                BoardAm335xAMIC110PhySetupAndReset
 .text          0x80009c60        0x0 C:\ti\pdk_am335x_1_0_17\packages\ti\starterware\binary\board\lib\am335x-beagleboneblack\a8\debug\gcc\libboard.a(am335x_custom.o)
 .text          0x80009c60        0x0 C:\ti\pdk_am335x_1_0_17\packages\ti\starterware\binary\board\lib\am335x-beagleboneblack\a8\debug\gcc\libboard.a(am335x_gpevm_pinmux_data.o)
 .text          0x80009c60        0x0 C:\ti\pdk_am335x_1_0_17\packages\ti\starterware\binary\board\lib\am335x-beagleboneblack\a8\debug\gcc\libboard.a(am335x_evmsk_pinmux_data.o)
 .text          0x80009c60        0x0 C:\ti\pdk_am335x_1_0_17\packages\ti\starterware\binary\board\lib\am335x-beagleboneblack\a8\debug\gcc\libboard.a(am335x_beaglebone_pinmux_data.o)
 .text          0x80009c60        0x0 C:\ti\pdk_am335x_1_0_17\packages\ti\starterware\binary\board\lib\am335x-beagleboneblack\a8\debug\gcc\libboard.a(am335x_beagleboneblack_pinmux_data.o)
 .text          0x80009c60        0x0 C:\ti\pdk_am335x_1_0_17\packages\ti\starterware\binary\board\lib\am335x-beagleboneblack\a8\debug\gcc\libboard.a(am335x_icev1_pinmux_data.o)
 .text          0x80009c60        0x0 C:\ti\pdk_am335x_1_0_17\packages\ti\starterware\binary\board\lib\am335x-beagleboneblack\a8\debug\gcc\libboard.a(am335x_icev2_pinmux_data.o)
 .text          0x80009c60        0x0 C:\ti\pdk_am335x_1_0_17\packages\ti\starterware\binary\board\lib\am335x-beagleboneblack\a8\debug\gcc\libboard.a(am335x_amic11x_pinmux_data.o)
 .text          0x80009c60        0x0 C:\ti\pdk_am335x_1_0_17\packages\ti\starterware\binary\board\lib\am335x-beagleboneblack\a8\debug\gcc\libboard.a(am335x_lcd4_dcard.o)
 .text.DCardAm335xLCD4GetEepromOffset
                0x80009c60       0x54 C:\ti\pdk_am335x_1_0_17\packages\ti\starterware\binary\board\lib\am335x-beagleboneblack\a8\debug\gcc\libboard.a(am335x_lcd4_dcard.o)
                0x80009c60                DCardAm335xLCD4GetEepromOffset
 .text.DCardAm335xLCD4GetEepromOffsetSize
                0x80009cb4       0x1c C:\ti\pdk_am335x_1_0_17\packages\ti\starterware\binary\board\lib\am335x-beagleboneblack\a8\debug\gcc\libboard.a(am335x_lcd4_dcard.o)
                0x80009cb4                DCardAm335xLCD4GetEepromOffsetSize
 .text          0x80009cd0        0x0 C:\ti\pdk_am335x_1_0_17\packages\ti\starterware\binary\utils\lib\am335x-beagleboneblack\a8\debug\gcc\libutils.a(console_utils.o)
 .text.CONSOLEUtilsInit
                0x80009cd0       0x20 C:\ti\pdk_am335x_1_0_17\packages\ti\starterware\binary\utils\lib\am335x-beagleboneblack\a8\debug\gcc\libutils.a(console_utils.o)
                0x80009cd0                CONSOLEUtilsInit
 .text.CONSOLEUtilsSetType
                0x80009cf0       0x68 C:\ti\pdk_am335x_1_0_17\packages\ti\starterware\binary\utils\lib\am335x-beagleboneblack\a8\debug\gcc\libutils.a(console_utils.o)
                0x80009cf0                CONSOLEUtilsSetType
 .text.CONSOLEUtilsPrintf
                0x80009d58       0xa0 C:\ti\pdk_am335x_1_0_17\packages\ti\starterware\binary\utils\lib\am335x-beagleboneblack\a8\debug\gcc\libutils.a(console_utils.o)
                0x80009d58                CONSOLEUtilsPrintf
 .text          0x80009df8        0x0 C:\ti\pdk_am335x_1_0_17\packages\ti\starterware\binary\utils\lib\am335x-beagleboneblack\a8\debug\gcc\libutils.a(i2c_utils.o)
 .text.HW_RD_REG32
                0x80009df8       0x34 C:\ti\pdk_am335x_1_0_17\packages\ti\starterware\binary\utils\lib\am335x-beagleboneblack\a8\debug\gcc\libutils.a(i2c_utils.o)
 .text.HW_WR_REG32
                0x80009e2c       0x34 C:\ti\pdk_am335x_1_0_17\packages\ti\starterware\binary\utils\lib\am335x-beagleboneblack\a8\debug\gcc\libutils.a(i2c_utils.o)
 .text.I2CUtilsInit
                0x80009e60      0x21c C:\ti\pdk_am335x_1_0_17\packages\ti\starterware\binary\utils\lib\am335x-beagleboneblack\a8\debug\gcc\libutils.a(i2c_utils.o)
                0x80009e60                I2CUtilsInit
 .text.I2CUtilsWrite
                0x8000a07c      0x1c8 C:\ti\pdk_am335x_1_0_17\packages\ti\starterware\binary\utils\lib\am335x-beagleboneblack\a8\debug\gcc\libutils.a(i2c_utils.o)
                0x8000a07c                I2CUtilsWrite
 .text.I2CUtilsRead
                0x8000a244      0x1cc C:\ti\pdk_am335x_1_0_17\packages\ti\starterware\binary\utils\lib\am335x-beagleboneblack\a8\debug\gcc\libutils.a(i2c_utils.o)
                0x8000a244                I2CUtilsRead
 .text.I2cUtilsCtrlInit
                0x8000a410      0x190 C:\ti\pdk_am335x_1_0_17\packages\ti\starterware\binary\utils\lib\am335x-beagleboneblack\a8\debug\gcc\libutils.a(i2c_utils.o)
 .text.I2cUtilsTransceive
                0x8000a5a0      0x864 C:\ti\pdk_am335x_1_0_17\packages\ti\starterware\binary\utils\lib\am335x-beagleboneblack\a8\debug\gcc\libutils.a(i2c_utils.o)
 .text.I2cUtilsStatusCheck
                0x8000ae04       0xe8 C:\ti\pdk_am335x_1_0_17\packages\ti\starterware\binary\utils\lib\am335x-beagleboneblack\a8\debug\gcc\libutils.a(i2c_utils.o)
 .text.I2cUtilsPinmuxConfig
                0x8000aeec       0xf0 C:\ti\pdk_am335x_1_0_17\packages\ti\starterware\binary\utils\lib\am335x-beagleboneblack\a8\debug\gcc\libutils.a(i2c_utils.o)
 .text.I2cUtilsModuleClockConfig
                0x8000afdc       0x84 C:\ti\pdk_am335x_1_0_17\packages\ti\starterware\binary\utils\lib\am335x-beagleboneblack\a8\debug\gcc\libutils.a(i2c_utils.o)
 .text.I2cUtilsParamsValidate
                0x8000b060       0xcc C:\ti\pdk_am335x_1_0_17\packages\ti\starterware\binary\utils\lib\am335x-beagleboneblack\a8\debug\gcc\libutils.a(i2c_utils.o)
 .text.I2cUtilsUpdateInfo
                0x8000b12c       0x40 C:\ti\pdk_am335x_1_0_17\packages\ti\starterware\binary\utils\lib\am335x-beagleboneblack\a8\debug\gcc\libutils.a(i2c_utils.o)
 .text.I2C1ModuleClkConfig
                0x8000b16c       0xd4 C:\ti\pdk_am335x_1_0_17\packages\ti\starterware\binary\utils\lib\am335x-beagleboneblack\a8\debug\gcc\libutils.a(i2c_utils.o)
                0x8000b16c                I2C1ModuleClkConfig
 .text.I2C0ModuleClkConfig
                0x8000b240       0xfc C:\ti\pdk_am335x_1_0_17\packages\ti\starterware\binary\utils\lib\am335x-beagleboneblack\a8\debug\gcc\libutils.a(i2c_utils.o)
                0x8000b240                I2C0ModuleClkConfig
 .text.I2C2ModuleClkConfig
                0x8000b33c      0x134 C:\ti\pdk_am335x_1_0_17\packages\ti\starterware\binary\utils\lib\am335x-beagleboneblack\a8\debug\gcc\libutils.a(i2c_utils.o)
                0x8000b33c                I2C2ModuleClkConfig
 .text          0x8000b470        0x0 C:\ti\pdk_am335x_1_0_17\packages\ti\starterware\binary\utils\lib\am335x-beagleboneblack\a8\debug\gcc\libutils.a(time_utils.o)
 .text.TIMEGetTimeStamp