Archive member included to satisfy reference by file (symbol)

C:\Workspace\ws_drone_v10\.git\drone_bbb\example_starterware_epwm_app\src\sysbios\sysbios.aa8fg(arm_TaskSupport_asm_gnu.o)
                              C:\Workspace\ws_drone_v10\.git\drone_bbb\example_starterware_epwm_app\Debug\configPkg\package\cfg\app_pa8fg.oa8fg (ti_sysbios_family_arm_TaskSupport_swap__E)
C:\Workspace\ws_drone_v10\.git\drone_bbb\example_starterware_epwm_app\src\sysbios\sysbios.aa8fg(a8_Cache_asm_gnu.o)
                              C:\Workspace\ws_drone_v10\.git\drone_bbb\example_starterware_epwm_app\Debug\configPkg\package\cfg\app_pa8fg.oa8fg (ti_sysbios_family_arm_a8_Cache_wb__E)
C:\Workspace\ws_drone_v10\.git\drone_bbb\example_starterware_epwm_app\src\sysbios\sysbios.aa8fg(a8_TimestampProvider_asm_gnu.o)
                              C:\Workspace\ws_drone_v10\.git\drone_bbb\example_starterware_epwm_app\Debug\configPkg\package\cfg\app_pa8fg.oa8fg (ti_sysbios_family_arm_a8_TimestampProvider_get32__E)
C:\Workspace\ws_drone_v10\.git\drone_bbb\example_starterware_epwm_app\src\sysbios\sysbios.aa8fg(intcps_Hwi_asm_gnu.o)
                              C:\Workspace\ws_drone_v10\.git\drone_bbb\example_starterware_epwm_app\Debug\configPkg\package\cfg\app_pa8fg.oa8fg (ti_sysbios_family_arm_a8_intcps_Hwi_dispatchIRQ(int0_t))
C:\Workspace\ws_drone_v10\.git\drone_bbb\example_starterware_epwm_app\src\sysbios\sysbios.aa8fg(exc_Exception_asm_gnu.o)
                              C:\Workspace\ws_drone_v10\.git\drone_bbb\example_starterware_epwm_app\Debug\configPkg\package\cfg\app_pa8fg.oa8fg (ti_sysbios_family_arm_exc_Exception_excHandlerAsm(int0_t))
C:\Workspace\ws_drone_v10\.git\drone_bbb\example_starterware_epwm_app\src\sysbios\sysbios.aa8fg(_BIOS.o)
                              C:\Workspace\ws_drone_v10\.git\drone_bbb\example_starterware_epwm_app\Debug\configPkg\package\cfg\app_pa8fg.oa8fg (ti_sysbios_BIOS_linkedWithIncorrectBootLibrary__E)
C:\Workspace\ws_drone_v10\.git\drone_bbb\example_starterware_epwm_app\src\sysbios\sysbios.aa8fg(arm_IntrinsicsSupport.o)
                              C:\Workspace\ws_drone_v10\.git\drone_bbb\example_starterware_epwm_app\Debug\configPkg\package\cfg\app_pa8fg.oa8fg (ti_sysbios_family_arm_IntrinsicsSupport_maxbit__E)
C:\Workspace\ws_drone_v10\.git\drone_bbb\example_starterware_epwm_app\src\sysbios\sysbios.aa8fg(arm_TaskSupport.o)
                              C:\Workspace\ws_drone_v10\.git\drone_bbb\example_starterware_epwm_app\Debug\configPkg\package\cfg\app_pa8fg.oa8fg (ti_sysbios_family_arm_TaskSupport_start__E)
C:\Workspace\ws_drone_v10\.git\drone_bbb\example_starterware_epwm_app\src\sysbios\sysbios.aa8fg(knl_Clock.o)
                              C:\Workspace\ws_drone_v10\.git\drone_bbb\example_starterware_epwm_app\Debug\configPkg\package\cfg\app_pa8fg.oa8fg (ti_sysbios_knl_Clock_Module_startup__E)
C:\Workspace\ws_drone_v10\.git\drone_bbb\example_starterware_epwm_app\src\sysbios\sysbios.aa8fg(knl_Queue.o)
                              C:\Workspace\ws_drone_v10\.git\drone_bbb\example_starterware_epwm_app\Debug\configPkg\package\cfg\app_pa8fg.oa8fg (ti_sysbios_knl_Queue_Instance_init__E)
C:\Workspace\ws_drone_v10\.git\drone_bbb\example_starterware_epwm_app\src\sysbios\sysbios.aa8fg(knl_Semaphore.o)
                              C:\Workspace\ws_drone_v10\.git\drone_bbb\example_starterware_epwm_app\Debug\configPkg\package\cfg\app_pa8fg.oa8fg (ti_sysbios_knl_Semaphore_Instance_init__E)
C:\Workspace\ws_drone_v10\.git\drone_bbb\example_starterware_epwm_app\src\sysbios\sysbios.aa8fg(knl_Swi.o)
                              C:\Workspace\ws_drone_v10\.git\drone_bbb\example_starterware_epwm_app\Debug\configPkg\package\cfg\app_pa8fg.oa8fg (ti_sysbios_knl_Swi_Module_startup__E)
C:\Workspace\ws_drone_v10\.git\drone_bbb\example_starterware_epwm_app\src\sysbios\sysbios.aa8fg(knl_Task.o)
                              C:\Workspace\ws_drone_v10\.git\drone_bbb\example_starterware_epwm_app\Debug\configPkg\package\cfg\app_pa8fg.oa8fg (ti_sysbios_knl_Task_startup__E)
C:\Workspace\ws_drone_v10\.git\drone_bbb\example_starterware_epwm_app\src\sysbios\sysbios.aa8fg(hal_Core.o)
                              C:\Workspace\ws_drone_v10\.git\drone_bbb\example_starterware_epwm_app\src\sysbios\sysbios.aa8fg(exc_Exception_asm_gnu.o) (ti_sysbios_hal_Core_getId__E)
C:\Workspace\ws_drone_v10\.git\drone_bbb\example_starterware_epwm_app\src\sysbios\sysbios.aa8fg(hal_CoreNull.o)
                              C:\Workspace\ws_drone_v10\.git\drone_bbb\example_starterware_epwm_app\Debug\configPkg\package\cfg\app_pa8fg.oa8fg (ti_sysbios_hal_CoreNull_lock__E)
C:\Workspace\ws_drone_v10\.git\drone_bbb\example_starterware_epwm_app\src\sysbios\sysbios.aa8fg(hal_Hwi.o)
                              C:\Workspace\ws_drone_v10\.git\drone_bbb\example_starterware_epwm_app\Debug\configPkg\package\cfg\app_pa8fg.oa8fg (ti_sysbios_hal_Hwi_Module_startup__E)
[...]
Memory Configuration

Name             Origin             Length             Attributes
DDR0             0x80000000         0x10000000
OCMCRAM          0x40300000         0x00040000
SRAM_LO          0x402f0000         0x00000400         xrw
SRAM_HI          0x402f0400         0x0000fc00         xrw
OCMC_SRAM        0x40300000         0x00010000         xrw
DDR2             0x80000000         0x10000000
*default*        0x00000000         0xffffffff

Linker script and memory map

                0x0001c000                STACKSIZE = 0x1c000
                0x00000400                HEAPSIZE = 0x400
LOAD ./Code/epwm_app.o
LOAD ./Code/haptics_motor/haptics_motor_app_main.o

.startcode      0x80000000        0x0
                0x80000000                . = ALIGN (0x4)
 *init.o(.text)

.text           0x80000000    0x1554c
                0x80000000                . = ALIGN (0x4)
 *(.text*)
 .text          0x80000000      0x2d4 ./Code/epwm_app.o
                0x80000240                EPWMAppInit
 .text          0x800002d4      0x260 ./Code/haptics_motor/haptics_motor_app_main.o
                0x80000434                main
 .text          0x80000534        0x0 C:\Workspace\ws_drone_v10\.git\drone_bbb\example_starterware_epwm_app\Debug\configPkg\package\cfg\app_pa8fg.oa8fg
 .text.xdc_iargToPtr
                0x80000534       0x24 C:\Workspace\ws_drone_v10\.git\drone_bbb\example_starterware_epwm_app\Debug\configPkg\package\cfg\app_pa8fg.oa8fg
 .text.xdc_runtime_IHeap_alloc
                0x80000558       0x4c C:\Workspace\ws_drone_v10\.git\drone_bbb\example_starterware_epwm_app\Debug\configPkg\package\cfg\app_pa8fg.oa8fg
 .text.xdc_runtime_IHeap_free
                0x800005a4       0x40 C:\Workspace\ws_drone_v10\.git\drone_bbb\example_starterware_epwm_app\Debug\configPkg\package\cfg\app_pa8fg.oa8fg
 .text.ti_sysbios_knl_Clock_Module_State_clockQ
                0x800005e4       0x28 C:\Workspace\ws_drone_v10\.git\drone_bbb\example_starterware_epwm_app\Debug\configPkg\package\cfg\app_pa8fg.oa8fg
 .text.ti_sysbios_knl_Semaphore_Params_init
                0x8000060c       0x3c C:\Workspace\ws_drone_v10\.git\drone_bbb\example_starterware_epwm_app\Debug\configPkg\package\cfg\app_pa8fg.oa8fg
 .text.ti_sysbios_knl_Semaphore_handle
                0x80000648       0x24 C:\Workspace\ws_drone_v10\.git\drone_bbb\example_starterware_epwm_app\Debug\configPkg\package\cfg\app_pa8fg.oa8fg
 .text.ti_sysbios_family_arm_a8_TimestampProvider_Module__startupDone__F
                0x8000066c       0x58 C:\Workspace\ws_drone_v10\.git\drone_bbb\example_starterware_epwm_app\Debug\configPkg\package\cfg\app_pa8fg.oa8fg
                0x8000066c                ti_sysbios_family_arm_a8_TimestampProvider_Module__startupDone(void)
 .text.ti_sysbios_family_arm_a8_intcps_Hwi_Module__startupDone__F
                0x800006c4       0x58 C:\Workspace\ws_drone_v10\.git\drone_bbb\example_starterware_epwm_app\Debug\configPkg\package\cfg\app_pa8fg.oa8fg
                0x800006c4                ti_sysbios_family_arm_a8_intcps_Hwi_Module__startupDone(void)
 .text.ti_sysbios_timers_dmtimer_Timer_Module__startupDone__F
                0x8000071c       0x58 C:\Workspace\ws_drone_v10\.git\drone_bbb\example_starterware_epwm_app\Debug\configPkg\package\cfg\app_pa8fg.oa8fg
                0x8000071c                ti_sysbios_timers_dmtimer_Timer_Module__startupDone(void)
 .text.ti_sysbios_family_arm_a8_ti81xx_TimerSupport_Module__startupDone__F
                0x80000774       0x58 C:\Workspace\ws_drone_v10\.git\drone_bbb\example_starterware_epwm_app\Debug\configPkg\package\cfg\app_pa8fg.oa8fg
                0x80000774                ti_sysbios_family_arm_a8_ti81xx_TimerSupport_Module__startupDone(void)
 .text.xdc_runtime_Startup_exec__I
                0x800007cc       0x30 C:\Workspace\ws_drone_v10\.git\drone_bbb\example_starterware_epwm_app\Debug\configPkg\package\cfg\app_pa8fg.oa8fg
                0x800007cc                xdc_runtime_Startup_exec(int0_t)
 .text.xdc_runtime_Startup_reset__I
                0x800007fc       0x14 C:\Workspace\ws_drone_v10\.git\drone_bbb\example_starterware_epwm_app\Debug\configPkg\package\cfg\app_pa8fg.oa8fg
                0x800007fc                xdc_runtime_Startup_reset(int0_t)
 .text.xdc_runtime_System_printfExtend__I
                0x80000810      0x39c C:\Workspace\ws_drone_v10\.git\drone_bbb\example_starterware_epwm_app\Debug\configPkg\package\cfg\app_pa8fg.oa8fg
                0x80000810                xdc_runtime_System_printfExtend(int0_t)
 .text.xdc_runtime_SysMin_output__I
                0x80000bac       0x84 C:\Workspace\ws_drone_v10\.git\drone_bbb\example_starterware_epwm_app\Debug\configPkg\package\cfg\app_pa8fg.oa8fg
                0x80000bac                xdc_runtime_SysMin_output(int0_t)
 .text.xdc_runtime_Text_visitRope__I
                0x80000c30       0x38 C:\Workspace\ws_drone_v10\.git\drone_bbb\example_starterware_epwm_app\Debug\configPkg\package\cfg\app_pa8fg.oa8fg
                0x80000c30                xdc_runtime_Text_visitRope(int0_t)
 .text.ti_sysbios_BIOS_startFunc__I
                0x80000c68       0x3c C:\Workspace\ws_drone_v10\.git\drone_bbb\example_starterware_epwm_app\Debug\configPkg\package\cfg\app_pa8fg.oa8fg
                0x80000c68                ti_sysbios_BIOS_startFunc(int0_t)
 .text.ti_sysbios_BIOS_atExitFunc__I
                0x80000ca4       0x28 C:\Workspace\ws_drone_v10\.git\drone_bbb\example_starterware_epwm_app\Debug\configPkg\package\cfg\app_pa8fg.oa8fg
                0x80000ca4                ti_sysbios_BIOS_atExitFunc(int0_t)
 .text.ti_sysbios_BIOS_exitFunc__I
                0x80000ccc       0x2c C:\Workspace\ws_drone_v10\.git\drone_bbb\example_starterware_epwm_app\Debug\configPkg\package\cfg\app_pa8fg.oa8fg
                0x80000ccc                ti_sysbios_BIOS_exitFunc(int0_t)
 .text.ti_sysbios_BIOS_errorRaiseHook__I
                0x80000cf8       0x38 C:\Workspace\ws_drone_v10\.git\drone_bbb\example_starterware_epwm_app\Debug\configPkg\package\cfg\app_pa8fg.oa8fg
                0x80000cf8                ti_sysbios_BIOS_errorRaiseHook(int0_t)
 .text.ti_sysbios_knl_Clock_doTick__I
                0x80000d30       0x80 C:\Workspace\ws_drone_v10\.git\drone_bbb\example_starterware_epwm_app\Debug\configPkg\package\cfg\app_pa8fg.oa8fg
                0x80000d30                ti_sysbios_knl_Clock_doTick(int0_t)
 .text.__getreent
                0x80000db0       0x38 C:\Workspace\ws_drone_v10\.git\drone_bbb\example_starterware_epwm_app\Debug\configPkg\package\cfg\app_pa8fg.oa8fg
                0x80000db0                __getreent
 .text.__libc_lock_init_recursive
                0x80000de8       0x6c C:\Workspace\ws_drone_v10\.git\drone_bbb\example_starterware_epwm_app\Debug\configPkg\package\cfg\app_pa8fg.oa8fg
                0x80000de8                __libc_lock_init_recursive
 .text.__libc_lock_acquire_recursive
                0x80000e54      0x13c C:\Workspace\ws_drone_v10\.git\drone_bbb\example_starterware_epwm_app\Debug\configPkg\package\cfg\app_pa8fg.oa8fg
                0x80000e54                __libc_lock_acquire_recursive
 .text.__libc_lock_release_recursive
                0x80000f90       0x68 C:\Workspace\ws_drone_v10\.git\drone_bbb\example_starterware_epwm_app\Debug\configPkg\package\cfg\app_pa8fg.oa8fg
                0x80000f90                __libc_lock_release_recursive
 .text.__libc_lock_close_recursive
                0x80000ff8       0x50 C:\Workspace\ws_drone_v10\.git\drone_bbb\example_starterware_epwm_app\Debug\configPkg\package\cfg\app_pa8fg.oa8fg
                0x80000ff8                __libc_lock_close_recursive
 .text.SVC_Handler
                0x80001048        0x8 C:\Workspace\ws_drone_v10\.git\drone_bbb\example_starterware_epwm_app\Debug\configPkg\package\cfg\app_pa8fg.oa8fg
                0x80001048                SVC_Handler
 .text.ti_sysbios_family_arm_a8_Mmu_initTableBuf__I
                0x80001050     0x1068 C:\Workspace\ws_drone_v10\.git\drone_bbb\example_starterware_epwm_app\Debug\configPkg\package\cfg\app_pa8fg.oa8fg
                0x80001050                ti_sysbios_family_arm_a8_Mmu_initTableBuf(int0_t)
 .text.ti_sysbios_rts_MemAlloc_alloc
                0x800020b8       0x90 C:\Workspace\ws_drone_v10\.git\drone_bbb\example_starterware_epwm_app\Debug\configPkg\package\cfg\app_pa8fg.oa8fg
 .text.malloc   0x80002148       0x28 C:\Workspace\ws_drone_v10\.git\drone_bbb\example_starterware_epwm_app\Debug\configPkg\package\cfg\app_pa8fg.oa8fg
                0x80002148                malloc
 .text.free     0x80002170       0x68 C:\Workspace\ws_drone_v10\.git\drone_bbb\example_starterware_epwm_app\Debug\configPkg\package\cfg\app_pa8fg.oa8fg
                0x80002170                free
 .text._malloc_r
                0x800021d8       0x2c C:\Workspace\ws_drone_v10\.git\drone_bbb\example_starterware_epwm_app\Debug\configPkg\package\cfg\app_pa8fg.oa8fg
                0x800021d8                _malloc_r
 .text._free_r  0x80002204       0x28 C:\Workspace\ws_drone_v10\.git\drone_bbb\example_starterware_epwm_app\Debug\configPkg\package\cfg\app_pa8fg.oa8fg
                0x80002204                _free_r
 .text.xdc_runtime_System_printf__E
                0x8000222c       0x40 C:\Workspace\ws_drone_v10\.git\drone_bbb\example_starterware_epwm_app\Debug\configPkg\package\cfg\app_pa8fg.oa8fg
                0x8000222c                xdc_runtime_System_printf__E
 .text.ti_sysbios_hal_Hwi_HwiProxy_Module__startupDone__S
                0x8000226c       0x18 C:\Workspace\ws_drone_v10\.git\drone_bbb\example_starterware_epwm_app\Debug\configPkg\package\cfg\app_pa8fg.oa8fg
                0x8000226c                ti_sysbios_hal_Hwi_HwiProxy_Module__startupDone(void) static
 .text.ti_sysbios_hal_Hwi_HwiProxy_getStackInfo__E
                0x80002284       0x38 C:\Workspace\ws_drone_v10\.git\drone_bbb\example_starterware_epwm_app\Debug\configPkg\package\cfg\app_pa8fg.oa8fg
                0x80002284                ti_sysbios_hal_Hwi_HwiProxy_getStackInfo__E
 .text.ti_sysbios_hal_Hwi_HwiProxy_startup__E
                0x800022bc       0x14 C:\Workspace\ws_drone_v10\.git\drone_bbb\example_starterware_epwm_app\Debug\configPkg\package\cfg\app_pa8fg.oa8fg
                0x800022bc                ti_sysbios_hal_Hwi_HwiProxy_startup__E
 .text.ti_sysbios_hal_Hwi_HwiProxy_switchFromBootStack__E
                0x800022d0       0x14 C:\Workspace\ws_drone_v10\.git\drone_bbb\example_starterware_epwm_app\Debug\configPkg\package\cfg\app_pa8fg.oa8fg
                0x800022d0                ti_sysbios_hal_Hwi_HwiProxy_switchFromBootStack__E
 .text.ti_sysbios_hal_Hwi_HwiProxy_disableInterrupt__E
                0x800022e4       0x28 C:\Workspace\ws_drone_v10\.git\drone_bbb\example_starterware_epwm_app\Debug\configPkg\package\cfg\app_pa8fg.oa8fg
                0x800022e4                ti_sysbios_hal_Hwi_HwiProxy_disableInterrupt__E
 .text.ti_sysbios_hal_Hwi_HwiProxy_enableInterrupt__E
                0x8000230c       0x28 C:\Workspace\ws_drone_v10\.git\drone_bbb\example_starterware_epwm_app\Debug\configPkg\package\cfg\app_pa8fg.oa8fg
                0x8000230c                ti_sysbios_hal_Hwi_HwiProxy_enableInterrupt__E
 .text.ti_sysbios_hal_Hwi_HwiProxy_clearInterrupt__E
                0x80002334       0x24 C:\Workspace\ws_drone_v10\.git\drone_bbb\example_starterware_epwm_app\Debug\configPkg\package\cfg\app_pa8fg.oa8fg
                0x80002334                ti_sysbios_hal_Hwi_HwiProxy_clearInterrupt__E
 .text.ti_sysbios_heaps_HeapMem_Module_GateProxy_query__E
                0x80002358       0x28 C:\Workspace\ws_drone_v10\.git\drone_bbb\example_starterware_epwm_app\Debug\configPkg\package\cfg\app_pa8fg.oa8fg
                0x80002358                ti_sysbios_heaps_HeapMem_Module_GateProxy_query__E
 .text.ti_sysbios_heaps_HeapMem_Module_GateProxy_enter__E
                0x80002380       0x28 C:\Workspace\ws_drone_v10\.git\drone_bbb\example_starterware_epwm_app\Debug\configPkg\package\cfg\app_pa8fg.oa8fg
                0x80002380                ti_sysbios_heaps_HeapMem_Module_GateProxy_enter__E
 .text.ti_sysbios_heaps_HeapMem_Module_GateProxy_leave__E
                0x800023a8       0x2c C:\Workspace\ws_drone_v10\.git\drone_bbb\example_starterware_epwm_app\Debug\configPkg\package\cfg\app_pa8fg.oa8fg
                0x800023a8                ti_sysbios_heaps_HeapMem_Module_GateProxy_leave__E
 .text.ti_sysbios_knl_Clock_TimerProxy_Module__startupDone__S
                0x800023d4       0x18 C:\Workspace\ws_drone_v10\.git\drone_bbb\example_starterware_epwm_app\Debug\configPkg\package\cfg\app_pa8fg.oa8fg
                0x800023d4                ti_sysbios_knl_Clock_TimerProxy_Module__startupDone(void) static
 .text.ti_sysbios_knl_Clock_TimerProxy_getMaxTicks__E
                0x800023ec       0x28 C:\Workspace\ws_drone_v10\.git\drone_bbb\example_starterware_epwm_app\Debug\configPkg\package\cfg\app_pa8fg.oa8fg
                0x800023ec                ti_sysbios_knl_Clock_TimerProxy_getMaxTicks__E
 .text.ti_sysbios_knl_Intrinsics_SupportProxy_maxbit__E
                0x80002414       0x28 C:\Workspace\ws_drone_v10\.git\drone_bbb\example_starterware_epwm_app\Debug\configPkg\package\cfg\app_pa8fg.oa8fg
                0x80002414                ti_sysbios_knl_Intrinsics_SupportProxy_maxbit__E
 .text.ti_sysbios_knl_Task_SupportProxy_Module__startupDone__S
                0x8000243c       0x18 C:\Workspace\ws_drone_v10\.git\drone_bbb\example_starterware_epwm_app\Debug\configPkg\package\cfg\app_pa8fg.oa8fg
                0x8000243c                ti_sysbios_knl_Task_SupportProxy_Module__startupDone(void) static
 .text.ti_sysbios_knl_Task_SupportProxy_start__E
                0x80002454       0x40 C:\Workspace\ws_drone_v10\.git\drone_bbb\example_starterware_epwm_app\Debug\configPkg\package\cfg\app_pa8fg.oa8fg
                0x80002454                ti_sysbios_knl_Task_SupportProxy_start__E
 .text.ti_sysbios_knl_Task_SupportProxy_swap__E
                0x80002494       0x2c C:\Workspace\ws_drone_v10\.git\drone_bbb\example_starterware_epwm_app\Debug\configPkg\package\cfg\app_pa8fg.oa8fg
                0x80002494                ti_sysbios_knl_Task_SupportProxy_swap__E
 .text.ti_sysbios_timers_dmtimer_Timer_TimerSupportProxy_Module__startupDone__S
                0x800024c0       0x18 C:\Workspace\ws_drone_v10\.git\drone_bbb\example_starterware_epwm_app\Debug\configPkg\package\cfg\app_pa8fg.oa8fg
                0x800024c0                ti_sysbios_timers_dmtimer_Timer_TimerSupportProxy_Module__startupDone(void) static
 .text.ti_sysbios_timers_dmtimer_Timer_TimerSupportProxy_enable__E
                0x800024d8       0x2c C:\Workspace\ws_drone_v10\.git\drone_bbb\example_starterware_epwm_app\Debug\configPkg\package\cfg\app_pa8fg.oa8fg
                0x800024d8                ti_sysbios_timers_dmtimer_Timer_TimerSupportProxy_enable__E
 .text.xdc_runtime_LoggerBuf_Module_GateProxy_enter__E
                0x80002504       0x28 C:\Workspace\ws_drone_v10\.git\drone_bbb\example_starterware_epwm_app\Debug\configPkg\package\cfg\app_pa8fg.oa8fg
                0x80002504                xdc_runtime_LoggerBuf_Module_GateProxy_enter__E
 .text.xdc_runtime_LoggerBuf_Module_GateProxy_leave__E
                0x8000252c       0x2c C:\Workspace\ws_drone_v10\.git\drone_bbb\example_starterware_epwm_app\Debug\configPkg\package\cfg\app_pa8fg.oa8fg
                0x8000252c                xdc_runtime_LoggerBuf_Module_GateProxy_leave__E
 .text.xdc_runtime_LoggerBuf_TimestampProxy_get64__E
                0x80002558       0x24 C:\Workspace\ws_drone_v10\.git\drone_bbb\example_starterware_epwm_app\Debug\configPkg\package\cfg\app_pa8fg.oa8fg
                0x80002558                xdc_runtime_LoggerBuf_TimestampProxy_get64__E
 .text.xdc_runtime_Memory_HeapProxy_alloc__E
                0x8000257c       0x40 C:\Workspace\ws_drone_v10\.git\drone_bbb\example_starterware_epwm_app\Debug\configPkg\package\cfg\app_pa8fg.oa8fg
                0x8000257c                xdc_runtime_Memory_HeapProxy_alloc__E
 .text.xdc_runtime_Memory_HeapProxy_free__E
                0x800025bc       0x34 C:\Workspace\ws_drone_v10\.git\drone_bbb\example_starterware_epwm_app\Debug\configPkg\package\cfg\app_pa8fg.oa8fg
                0x800025bc                xdc_runtime_Memory_HeapProxy_free__E
 .text.xdc_runtime_System_Module_GateProxy_enter__E
                0x800025f0       0x28 C:\Workspace\ws_drone_v10\.git\drone_bbb\example_starterware_epwm_app\Debug\configPkg\package\cfg\app_pa8fg.oa8fg
                0x800025f0                xdc_runtime_System_Module_GateProxy_enter__E
 .text.xdc_runtime_System_Module_GateProxy_leave__E
                0x80002618       0x2c C:\Workspace\ws_drone_v10\.git\drone_bbb\example_starterware_epwm_app\Debug\configPkg\package\cfg\app_pa8fg.oa8fg
                0x80002618                xdc_runtime_System_Module_GateProxy_leave__E
 .text.xdc_runtime_System_SupportProxy_abort__E
                0x80002644       0x24 C:\Workspace\ws_drone_v10\.git\drone_bbb\example_starterware_epwm_app\Debug\configPkg\package\cfg\app_pa8fg.oa8fg
                0x80002644                xdc_runtime_System_SupportProxy_abort__E
 .text.xdc_runtime_System_SupportProxy_exit__E
                0x80002668       0x24 C:\Workspace\ws_drone_v10\.git\drone_bbb\example_starterware_epwm_app\Debug\configPkg\package\cfg\app_pa8fg.oa8fg
                0x80002668                xdc_runtime_System_SupportProxy_exit__E
 .text.xdc_runtime_System_SupportProxy_putch__E
                0x8000268c       0x2c C:\Workspace\ws_drone_v10\.git\drone_bbb\example_starterware_epwm_app\Debug\configPkg\package\cfg\app_pa8fg.oa8fg
                0x8000268c                xdc_runtime_System_SupportProxy_putch__E
 .text.xdc_runtime_System_SupportProxy_ready__E
                0x800026b8       0x18 C:\Workspace\ws_drone_v10\.git\drone_bbb\example_starterware_epwm_app\Debug\configPkg\package\cfg\app_pa8fg.oa8fg
                0x800026b8                xdc_runtime_System_SupportProxy_ready__E
 .text.xdc_runtime_Timestamp_SupportProxy_Module__startupDone__S
                0x800026d0       0x18 C:\Workspace\ws_drone_v10\.git\drone_bbb\example_starterware_epwm_app\Debug\configPkg\package\cfg\app_pa8fg.oa8fg
                0x800026d0                xdc_runtime_Timestamp_SupportProxy_Module__startupDone(void) static
 .text.xdc_runtime_Timestamp_SupportProxy_get32__E
                0x800026e8       0x18 C:\Workspace\ws_drone_v10\.git\drone_bbb\example_starterware_epwm_app\Debug\configPkg\package\cfg\app_pa8fg.oa8fg
                0x800026e8                xdc_runtime_Timestamp_SupportProxy_get32__E
 .text.xdc_runtime_Timestamp_SupportProxy_getFreq__E
                0x80002700       0x24 C:\Workspace\ws_drone_v10\.git\drone_bbb\example_starterware_epwm_app\Debug\configPkg\package\cfg\app_pa8fg.oa8fg
                0x80002700                xdc_runtime_Timestamp_SupportProxy_getFreq__E
 .text.ti_sysbios_family_arm_TaskSupport_Module__startupDone__S
                0x80002724       0x1c C:\Workspace\ws_drone_v10\.git\drone_bbb\example_starterware_epwm_app\Debug\configPkg\package\cfg\app_pa8fg.oa8fg
                0x80002724                ti_sysbios_family_arm_TaskSupport_Module__startupDone(void) static
 .text.ti_sysbios_family_arm_a8_TimestampProvider_Module__startupDone__S
                0x80002740       0x18 C:\Workspace\ws_drone_v10\.git\drone_bbb\example_starterware_epwm_app\Debug\configPkg\package\cfg\app_pa8fg.oa8fg
                0x80002740                ti_sysbios_family_arm_a8_TimestampProvider_Module__startupDone(void) static
 .text.ti_sysbios_family_arm_a8_intcps_Hwi_Module__startupDone__S
                0x80002758       0x18 C:\Workspace\ws_drone_v10\.git\drone_bbb\example_starterware_epwm_app\Debug\configPkg\package\cfg\app_pa8fg.oa8fg
                0x80002758                ti_sysbios_family_arm_a8_intcps_Hwi_Module__startupDone(void) static
 .text.ti_sysbios_family_arm_a8_ti81xx_TimerSupport_Module__startupDone__S
                0x80002770       0x18 C:\Workspace\ws_drone_v10\.git\drone_bbb\example_starterware_epwm_app\Debug\configPkg\package\cfg\app_pa8fg.oa8fg
                0x80002770                ti_sysbios_family_arm_a8_ti81xx_TimerSupport_Module__startupDone(void) static
 .text.ti_sysbios_gates_GateHwi_Handle__label__S
                0x80002788       0x5c C:\Workspace\ws_drone_v10\.git\drone_bbb\example_starterware_epwm_app\Debug\configPkg\package\cfg\app_pa8fg.oa8fg
                0x80002788                ti_sysbios_gates_GateHwi_Handle__label(void) static
 .text.ti_sysbios_gates_GateHwi_Object__create__S
                0x800027e4       0x7c C:\Workspace\ws_drone_v10\.git\drone_bbb\example_starterware_epwm_app\Debug\configPkg\package\cfg\app_pa8fg.oa8fg
                0x800027e4                ti_sysbios_gates_GateHwi_Object__create(void) static
 .text.ti_sysbios_gates_GateHwi_Object__delete__S
                0x80002860       0x4c C:\Workspace\ws_drone_v10\.git\drone_bbb\example_starterware_epwm_app\Debug\configPkg\package\cfg\app_pa8fg.oa8fg
                0x80002860                ti_sysbios_gates_GateHwi_Object__delete(void) static
 .text.ti_sysbios_gates_GateMutex_Handle__label__S
                0x800028ac       0x5c C:\Workspace\ws_drone_v10\.git\drone_bbb\example_starterware_epwm_app\Debug\configPkg\package\cfg\app_pa8fg.oa8fg
                0x800028ac                ti_sysbios_gates_GateMutex_Handle__label(void) static
 .text.ti_sysbios_gates_GateMutex_Object__create__S
                0x80002908       0x7c C:\Workspace\ws_drone_v10\.git\drone_bbb\example_starterware_epwm_app\Debug\configPkg\package\cfg\app_pa8fg.oa8fg
                0x80002908                ti_sysbios_gates_GateMutex_Object__create(void) static
 .text.ti_sysbios_gates_GateMutex_Object__delete__S
                0x80002984       0x50 C:\Workspace\ws_drone_v10\.git\drone_bbb\example_starterware_epwm_app\Debug\configPkg\package\cfg\app_pa8fg.oa8fg
                0x80002984                ti_sysbios_gates_GateMutex_Object__delete(void) static
 .text.ti_sysbios_heaps_HeapMem_Handle__label__S
                0x800029d4       0x5c C:\Workspace\ws_drone_v10\.git\drone_bbb\example_starterware_epwm_app\Debug\configPkg\package\cfg\app_pa8fg.oa8fg
                0x800029d4                ti_sysbios_heaps_HeapMem_Handle__label(void) static
 .text.ti_sysbios_heaps_HeapMem_Object__get__S
                0x80002a30       0x60 C:\Workspace\ws_drone_v10\.git\drone_bbb\example_starterware_epwm_app\Debug\configPkg\package\cfg\app_pa8fg.oa8fg
                0x80002a30                ti_sysbios_heaps_HeapMem_Object__get(void) static
 .text.ti_sysbios_heaps_HeapMem_Object__create__S
                0x80002a90       0x7c C:\Workspace\ws_drone_v10\.git\drone_bbb\example_starterware_epwm_app\Debug\configPkg\package\cfg\app_pa8fg.oa8fg
                0x80002a90                ti_sysbios_heaps_HeapMem_Object__create(void) static
 .text.ti_sysbios_heaps_HeapMem_Object__delete__S
                0x80002b0c       0x4c C:\Workspace\ws_drone_v10\.git\drone_bbb\example_starterware_epwm_app\Debug\configPkg\package\cfg\app_pa8fg.oa8fg
                0x80002b0c                ti_sysbios_heaps_HeapMem_Object__delete(void) static
 .text.ti_sysbios_knl_Queue_Object__get__S
                0x80002b58       0x48 C:\Workspace\ws_drone_v10\.git\drone_bbb\example_starterware_epwm_app\Debug\configPkg\package\cfg\app_pa8fg.oa8fg
                0x80002b58                ti_sysbios_knl_Queue_Object__get(void) static
 .text.ti_sysbios_knl_Queue_construct
                0x80002ba0       0x58 C:\Workspace\ws_drone_v10\.git\drone_bbb\example_starterware_epwm_app\Debug\configPkg\package\cfg\app_pa8fg.oa8fg
                0x80002ba0                ti_sysbios_knl_Queue_construct
 .text.ti_sysbios_knl_Queue_destruct
                0x80002bf8       0x3c C:\Workspace\ws_drone_v10\.git\drone_bbb\example_starterware_epwm_app\Debug\configPkg\package\cfg\app_pa8fg.oa8fg
                0x80002bf8                ti_sysbios_knl_Queue_destruct
 .text.ti_sysbios_knl_Semaphore_Params__init__S
                0x80002c34       0x54 C:\Workspace\ws_drone_v10\.git\drone_bbb\example_starterware_epwm_app\Debug\configPkg\package\cfg\app_pa8fg.oa8fg
                0x80002c34                ti_sysbios_knl_Semaphore_Params__init(void) static
 .text.ti_sysbios_knl_Semaphore_construct
                0x80002c88       0x60 C:\Workspace\ws_drone_v10\.git\drone_bbb\example_starterware_epwm_app\Debug\configPkg\package\cfg\app_pa8fg.oa8fg
                0x80002c88                ti_sysbios_knl_Semaphore_construct
 .text.ti_sysbios_knl_Semaphore_destruct
                0x80002ce8       0x40 C:\Workspace\ws_drone_v10\.git\drone_bbb\example_starterware_epwm_app\Debug\configPkg\package\cfg\app_pa8fg.oa8fg
                0x80002ce8                ti_sysbios_knl_Semaphore_destruct
 .text.ti_sysbios_knl_Task_Object__get__S
                0x80002d28       0x4c C:\Workspace\ws_drone_v10\.git\drone_bbb\example_starterware_epwm_app\Debug\configPkg\package\cfg\app_pa8fg.oa8fg
                0x80002d28                ti_sysbios_knl_Task_Object__get(void) static
 .text.ti_sysbios_timers_dmtimer_Timer_Module__startupDone__S
                0x80002d74       0x18 C:\Workspace\ws_drone_v10\.git\drone_bbb\example_starterware_epwm_app\Debug\configPkg\package\cfg\app_pa8fg.oa8fg
                0x80002d74                ti_sysbios_timers_dmtimer_Timer_Module__startupDone(void) static
 .text.xdc_runtime_LoggerBuf_Handle__label__S
                0x80002d8c       0x5c C:\Workspace\ws_drone_v10\.git\drone_bbb\example_starterware_epwm_app\Debug\configPkg\package\cfg\app_pa8fg.oa8fg
                0x80002d8c                xdc_runtime_LoggerBuf_Handle__label(void) static
 .text.xdc_runtime_LoggerBuf_Object__get__S
                0x80002de8       0x60 C:\Workspace\ws_drone_v10\.git\drone_bbb\example_starterware_epwm_app\Debug\configPkg\package\cfg\app_pa8fg.oa8fg
                0x80002de8                xdc_runtime_LoggerBuf_Object__get(void) static
 .text.xdc_runtime_LoggerBuf_Object__create__S
                0x80002e48       0xbc C:\Workspace\ws_drone_v10\.git\drone_bbb\example_starterware_epwm_app\Debug\configPkg\package\cfg\app_pa8fg.oa8fg
                0x80002e48                xdc_runtime_LoggerBuf_Object__create(void) static
 .text.xdc_runtime_LoggerBuf_Object__delete__S
                0x80002f04       0x50 C:\Workspace\ws_drone_v10\.git\drone_bbb\example_starterware_epwm_app\Debug\configPkg\package\cfg\app_pa8fg.oa8fg
                0x80002f04                xdc_runtime_LoggerBuf_Object__delete(void) static
 *fill*         0x80002f54        0xc 
 .text          0x80002f60        0x0 C:\Workspace\ws_drone_v10\.git\drone_bbb\example_starterware_epwm_app\src\sysbios\sysbios.aa8fg(arm_TaskSupport_asm_gnu.o)
 .text.ti_sysbios_family_arm_TaskSupport_buildTaskStack
                0x80002f60       0x7c C:\Workspace\ws_drone_v10\.git\drone_bbb\example_starterware_epwm_app\src\sysbios\sysbios.aa8fg(arm_TaskSupport_asm_gnu.o)
                0x80002f60                ti_sysbios_family_arm_TaskSupport_buildTaskStack
 .text.ti_sysbios_family_arm_TaskSupport_swap__E
                0x80002fdc       0x1c C:\Workspace\ws_drone_v10\.git\drone_bbb\example_starterware_epwm_app\src\sysbios\sysbios.aa8fg(arm_TaskSupport_asm_gnu.o)
                0x80002fdc                ti_sysbios_family_arm_TaskSupport_swap__E
 .text.ti_sysbios_family_arm_TaskSupport_glue
                0x80002ff8       0x1c C:\Workspace\ws_drone_v10\.git\drone_bbb\example_starterware_epwm_app\src\sysbios\sysbios.aa8fg(arm_TaskSupport_asm_gnu.o)
                0x80002ff8                ti_sysbios_family_arm_TaskSupport_glue
 *fill*         0x80003014        0xc 
 .text          0x80003020        0x0 C:\Workspace\ws_drone_v10\.git\drone_bbb\example_starterware_epwm_app\src\sysbios\sysbios.aa8fg(a8_Cache_asm_gnu.o)
 .text.ti_sysbios_family_arm_a8_Cache_disableL1d__I
                0x80003020       0x1c C:\Workspace\ws_drone_v10\.git\drone_bbb\example_starterware_epwm_app\src\sysbios\sysbios.aa8fg(a8_Cache_asm_gnu.o)
                0x80003020                ti_sysbios_family_arm_a8_Cache_disableL1d(int0_t)
 .text.ti_sysbios_family_arm_a8_Cache_disableL1p__I
                0x8000303c       0x14 C:\Workspace\ws_drone_v10\.git\drone_bbb\example_starterware_epwm_app\src\sysbios\sysbios.aa8fg(a8_Cache_asm_gnu.o)
                0x8000303c                ti_sysbios_family_arm_a8_Cache_disableL1p(int0_t)
 .text.ti_sysbios_family_arm_a8_Cache_disableL2__I
                0x80003050       0x10 C:\Workspace\ws_drone_v10\.git\drone_bbb\example_starterware_epwm_app\src\sysbios\sysbios.aa8fg(a8_Cache_asm_gnu.o)
                0x80003050                ti_sysbios_family_arm_a8_Cache_disableL2(int0_t)
 .text.ti_sysbios_family_arm_a8_Cache_enableL1d__I
                0x80003060       0x10 C:\Workspace\ws_drone_v10\.git\drone_bbb\example_starterware_epwm_app\src\sysbios\sysbios.aa8fg(a8_Cache_asm_gnu.o)
                0x80003060                ti_sysbios_family_arm_a8_Cache_enableL1d(int0_t)
 .text.ti_sysbios_family_arm_a8_Cache_enableL1p__I
                0x80003070       0x14 C:\Workspace\ws_drone_v10\.git\drone_bbb\example_starterware_epwm_app\src\sysbios\sysbios.aa8fg(a8_Cache_asm_gnu.o)
                0x80003070                ti_sysbios_family_arm_a8_Cache_enableL1p(int0_t)
 .text.ti_sysbios_family_arm_a8_Cache_enableL2__I
                0x80003084       0x10 C:\Workspace\ws_drone_v10\.git\drone_bbb\example_starterware_epwm_app\src\sysbios\sysbios.aa8fg(a8_Cache_asm_gnu.o)
                0x80003084                ti_sysbios_family_arm_a8_Cache_enableL2(int0_t)
 .text.ti_sysbios_family_arm_a8_Cache_invL1dAll__E
                0x80003094       0x94 C:\Workspace\ws_drone_v10\.git\drone_bbb\example_starterware_epwm_app\src\sysbios\sysbios.aa8fg(a8_Cache_asm_gnu.o)
                0x80003094                ti_sysbios_family_arm_a8_Cache_invL1dAll__E
 .text.ti_sysbios_family_arm_a8_Cache_invL1pAll__E
                0x80003128        0x8 C:\Workspace\ws_drone_v10\.git\drone_bbb\example_starterware_epwm_app\src\sysbios\sysbios.aa8fg(a8_Cache_asm_gnu.o)
                0x80003128                ti_sysbios_family_arm_a8_Cache_invL1pAll__E
 .text.ti_sysbios_family_arm_a8_Cache_wbInvAll__E
                0x80003130       0x94 C:\Workspace\ws_drone_v10\.git\drone_bbb\example_starterware_epwm_app\src\sysbios\sysbios.aa8fg(a8_Cache_asm_gnu.o)
                0x80003130                ti_sysbios_family_arm_a8_Cache_wbInvAll__E
 .text.ti_sysbios_family_arm_a8_Cache_getEnabled__E
                0x800031c4       0x38 C:\Workspace\ws_drone_v10\.git\drone_bbb\example_starterware_epwm_app\src\sysbios\sysbios.aa8fg(a8_Cache_asm_gnu.o)
                0x800031c4                ti_sysbios_family_arm_a8_Cache_getEnabled__E
 .text.ti_sysbios_family_arm_a8_Cache_getCacheLevelInfo__I
                0x800031fc        0xc C:\Workspace\ws_drone_v10\.git\drone_bbb\example_starterware_epwm_app\src\sysbios\sysbios.aa8fg(a8_Cache_asm_gnu.o)
                0x800031fc                ti_sysbios_family_arm_a8_Cache_getCacheLevelInfo(int0_t)
 .text.ti_sysbios_family_arm_a8_Cache_getLockdownReg__I
                0x80003208        0x8 C:\Workspace\ws_drone_v10\.git\drone_bbb\example_starterware_epwm_app\src\sysbios\sysbios.aa8fg(a8_Cache_asm_gnu.o)
                0x80003208                ti_sysbios_family_arm_a8_Cache_getLockdownReg(int0_t)
 .text.ti_sysbios_family_arm_a8_Cache_setLockdownReg__I
                0x80003210        0x8 C:\Workspace\ws_drone_v10\.git\drone_bbb\example_starterware_epwm_app\src\sysbios\sysbios.aa8fg(a8_Cache_asm_gnu.o)
                0x80003210                ti_sysbios_family_arm_a8_Cache_setLockdownReg(int0_t)
 .text.ti_sysbios_family_arm_a8_Cache_disableBP__E
                0x80003218       0x1c C:\Workspace\ws_drone_v10\.git\drone_bbb\example_starterware_epwm_app\src\sysbios\sysbios.aa8fg(a8_Cache_asm_gnu.o)
                0x80003218                ti_sysbios_family_arm_a8_Cache_disableBP__E
 .text.ti_sysbios_family_arm_a8_Cache_enableBP__E
                0x80003234       0x1c C:\Workspace\ws_drone_v10\.git\drone_bbb\example_starterware_epwm_app\src\sysbios\sysbios.aa8fg(a8_Cache_asm_gnu.o)
                0x80003234                ti_sysbios_family_arm_a8_Cache_enableBP__E
 .text          0x80003250        0x0 C:\Workspace\ws_drone_v10\.git\drone_bbb\example_starterware_epwm_app\src\sysbios\sysbios.aa8fg(a8_TimestampProvider_asm_gnu.o)
 .text.ti_sysbios_family_arm_a8_TimestampProvider_get32__E
                0x80003250        0x8 C:\Workspace\ws_drone_v10\.git\drone_bbb\example_starterware_epwm_app\src\sysbios\sysbios.aa8fg(a8_TimestampProvider_asm_gnu.o)
                0x80003250                ti_sysbios_family_arm_a8_TimestampProvider_get32__E
 .text.ti_sysbios_family_arm_a8_TimestampProvider_initCCNT__I
                0x80003258       0x1c C:\Workspace\ws_drone_v10\.git\drone_bbb\example_starterware_epwm_app\src\sysbios\sysbios.aa8fg(a8_TimestampProvider_asm_gnu.o)
                0x80003258                ti_sysbios_family_arm_a8_TimestampProvider_initCCNT(int0_t)
 .text          0x80003274        0x0 C:\Workspace\ws_drone_v10\.git\drone_bbb\example_starterware_epwm_app\src\sysbios\sysbios.aa8fg(intcps_Hwi_asm_gnu.o)
 .text.ti_sysbios_family_arm_a8_intcps_Hwi_dispatchIRQ__I
                0x80003274       0xbc C:\Workspace\ws_drone_v10\.git\drone_bbb\example_starterware_epwm_app\src\sysbios\sysbios.aa8fg(intcps_Hwi_asm_gnu.o)
                0x80003274                ti_sysbios_family_arm_a8_intcps_Hwi_dispatchIRQ(int0_t)
 .text.ti_sysbios_family_arm_a8_intcps_Hwi_init__I
                0x80003330       0x24 C:\Workspace\ws_drone_v10\.git\drone_bbb\example_starterware_epwm_app\src\sysbios\sysbios.aa8fg(intcps_Hwi_asm_gnu.o)
                0x80003330                ti_sysbios_family_arm_a8_intcps_Hwi_init(int0_t)
 .text.ti_sysbios_family_arm_a8_intcps_Hwi_initVbar__I
                0x80003354       0x10 C:\Workspace\ws_drone_v10\.git\drone_bbb\example_starterware_epwm_app\src\sysbios\sysbios.aa8fg(intcps_Hwi_asm_gnu.o)
                0x80003354                ti_sysbios_family_arm_a8_intcps_Hwi_initVbar(int0_t)
 .text          0x80003364        0x0 C:\Workspace\ws_drone_v10\.git\drone_bbb\example_starterware_epwm_app\src\sysbios\sysbios.aa8fg(exc_Exception_asm_gnu.o)
 .text.ti_sysbios_family_arm_exc_Exception_excHandlerAsm__I
                0x80003364       0x68 C:\Workspace\ws_drone_v10\.git\drone_bbb\example_starterware_epwm_app\src\sysbios\sysbios.aa8fg(exc_Exception_asm_gnu.o)
                0x80003364                ti_sysbios_family_arm_exc_Exception_excHandlerAsm(int0_t)
 .text.ti_sysbios_family_arm_exc_Exception_excHandlerDataAsm__I
                0x800033cc       0x6c C:\Workspace\ws_drone_v10\.git\drone_bbb\example_starterware_epwm_app\src\sysbios\sysbios.aa8fg(exc_Exception_asm_gnu.o)
                0x800033cc                ti_sysbios_family_arm_exc_Exception_excHandlerDataAsm(int0_t)
 .text.ti_sysbios_family_arm_exc_Exception_initCore0__I
                0x80003438       0x64 C:\Workspace\ws_drone_v10\.git\drone_bbb\example_starterware_epwm_app\src\sysbios\sysbios.aa8fg(exc_Exception_asm_gnu.o)
                0x80003438                ti_sysbios_family_arm_exc_Exception_initCore0(int0_t)
 .text          0x8000349c        0x0 C:\Workspace\ws_drone_v10\.git\drone_bbb\example_starterware_epwm_app\src\sysbios\sysbios.aa8fg(_BIOS.o)
 .text.ti_sysbios_BIOS_linkedWithIncorrectBootLibrary__E
                0x8000349c        0x4 C:\Workspace\ws_drone_v10\.git\drone_bbb\example_starterware_epwm_app\src\sysbios\sysbios.aa8fg(_BIOS.o)
                0x8000349c                ti_sysbios_BIOS_linkedWithIncorrectBootLibrary__E
 .text.ti_sysbios_BIOS_getThreadType__E
                0x800034a0       0x10 C:\Workspace\ws_drone_v10\.git\drone_bbb\example_starterware_epwm_app\src\sysbios\sysbios.aa8fg(_BIOS.o)
                0x800034a0                ti_sysbios_BIOS_getThreadType__E
 .text.ti_sysbios_BIOS_setThreadType__E
                0x800034b0       0x18 C:\Workspace\ws_drone_v10\.git\drone_bbb\example_starterware_epwm_app\src\sysbios\sysbios.aa8fg(_BIOS.o)
                0x800034b0                ti_sysbios_BIOS_setThreadType__E
 .text.ti_sysbios_BIOS_getCpuFreq__E
                0x800034c8       0x1c C:\Workspace\ws_drone_v10\.git\drone_bbb\example_starterware_epwm_app\src\sysbios\sysbios.aa8fg(_BIOS.o)
                0x800034c8                ti_sysbios_BIOS_getCpuFreq__E
 .text.ti_sysbios_BIOS_exit__E
                0x800034e4       0x10 C:\Workspace\ws_drone_v10\.git\drone_bbb\example_starterware_epwm_app\src\sysbios\sysbios.aa8fg(_BIOS.o)
                0x800034e4                ti_sysbios_BIOS_exit__E
 .text          0x800034f4        0x0 C:\Workspace\ws_drone_v10\.git\drone_bbb\example_starterware_epwm_app\src\sysbios\sysbios.aa8fg(arm_IntrinsicsSupport.o)
 .text.ti_sysbios_family_arm_IntrinsicsSupport_maxbit__E
                0x800034f4        0x4 C:\Workspace\ws_drone_v10\.git\drone_bbb\example_starterware_epwm_app\src\sysbios\sysbios.aa8fg(arm_IntrinsicsSupport.o)
                0x800034f4                ti_sysbios_family_arm_IntrinsicsSupport_maxbit__E
 .text          0x800034f8        0x0 C:\Workspace\ws_drone_v10\.git\drone_bbb\example_starterware_epwm_app\src\sysbios\sysbios.aa8fg(arm_TaskSupport.o)
 .text.ti_sysbios_family_arm_TaskSupport_start__E
                0x800034f8       0x3c C:\Workspace\ws_drone_v10\.git\drone_bbb\example_starterware_epwm_app\src\sysbios\sysbios.aa8fg(arm_TaskSupport.o)
                0x800034f8                ti_sysbios_family_arm_TaskSupport_start__E
 .text          0x80003534        0x0 C:\Workspace\ws_drone_v10\.git\drone_bbb\example_starterware_epwm_app\src\sysbios\sysbios.aa8fg(knl_Clock.o)
 .text.ti_sysbios_knl_Clock_Module_startup__E
                0x80003534       0x34 C:\Workspace\ws_drone_v10\.git\drone_bbb\example_starterware_epwm_app\src\sysbios\sysbios.aa8fg(knl_Clock.o)
                0x80003534                ti_sysbios_knl_Clock_Module_startup__E
 .text.ti_sysbios_knl_Clock_workFunc__E
                0x80003568       0xec C:\Workspace\ws_drone_v10\.git\drone_bbb\example_starterware_epwm_app\src\sysbios\sysbios.aa8fg(knl_Clock.o)
                0x80003568                ti_sysbios_knl_Clock_workFunc__E
 .text.ti_sysbios_knl_Clock_initI__E
                0x80003654       0x1c C:\Workspace\ws_drone_v10\.git\drone_bbb\example_starterware_epwm_app\src\sysbios\sysbios.aa8fg(knl_Clock.o)
                0x80003654                ti_sysbios_knl_Clock_initI__E
 .text.ti_sysbios_knl_Clock_enqueueI__E
                0x80003670       0x20 C:\Workspace\ws_drone_v10\.git\drone_bbb\example_starterware_epwm_app\src\sysbios\sysbios.aa8fg(knl_Clock.o)
                0x80003670                ti_sysbios_knl_Clock_enqueueI__E
 .text.ti_sysbios_knl_Clock_removeI__E
                0x80003690        0x4 C:\Workspace\ws_drone_v10\.git\drone_bbb\example_starterware_epwm_app\src\sysbios\sysbios.aa8fg(knl_Clock.o)
                0x80003690                ti_sysbios_knl_Clock_removeI__E
 .text.ti_sysbios_knl_Clock_startI__E
                0x80003694       0x24 C:\Workspace\ws_drone_v10\.git\drone_bbb\example_starterware_epwm_app\src\sysbios\sysbios.aa8fg(knl_Clock.o)
                0x80003694                ti_sysbios_knl_Clock_startI__E
 .text.ti_sysbios_knl_Clock_stop__E
                0x800036b8        0xc C:\Workspace\ws_drone_v10\.git\drone_bbb\example_starterware_epwm_app\src\sysbios\sysbios.aa8fg(knl_Clock.o)
                0x800036b8                ti_sysbios_knl_Clock_stop__E
 .text.ti_sysbios_knl_Clock_logTick__E
                0x800036c4        0x4 C:\Workspace\ws_drone_v10\.git\drone_bbb\example_starterware_epwm_app\src\sysbios\sysbios.aa8fg(knl_Clock.o)
                0x800036c4                ti_sysbios_knl_Clock_logTick__E
 .text          0x800036c8        0x0 C:\Workspace\ws_drone_v10\.git\drone_bbb\example_starterware_epwm_app\src\sysbios\sysbios.aa8fg(knl_Queue.o)
 .text.ti_sysbios_knl_Queue_Instance_init__E
                0x800036c8        0xc C:\Workspace\ws_drone_v10\.git\drone_bbb\example_starterware_epwm_app\src\sysbios\sysbios.aa8fg(knl_Queue.o)
                0x800036c8                ti_sysbios_knl_Queue_Instance_init__E
 .text.ti_sysbios_knl_Queue_dequeue__E
                0x800036d4       0x18 C:\Workspace\ws_drone_v10\.git\drone_bbb\example_starterware_epwm_app\src\sysbios\sysbios.aa8fg(knl_Queue.o)
                0x800036d4                ti_sysbios_knl_Queue_dequeue__E
 .text.ti_sysbios_knl_Queue_empty__E
                0x800036ec       0x14 C:\Workspace\ws_drone_v10\.git\drone_bbb\example_starterware_epwm_app\src\sysbios\sysbios.aa8fg(knl_Queue.o)
                0x800036ec                ti_sysbios_knl_Queue_empty__E
 .text.ti_sysbios_knl_Queue_enqueue__E
                0x80003700       0x18 C:\Workspace\ws_drone_v10\.git\drone_bbb\example_starterware_epwm_app\src\sysbios\sysbios.aa8fg(knl_Queue.o)
                0x80003700                ti_sysbios_knl_Queue_enqueue__E
 .text.ti_sysbios_knl_Queue_head__E
                0x80003718        0x8 C:\Workspace\ws_drone_v10\.git\drone_bbb\example_starterware_epwm_app\src\sysbios\sysbios.aa8fg(knl_Queue.o)
                0x80003718                ti_sysbios_knl_Queue_head__E
 .text.ti_sysbios_knl_Queue_elemClear__E
                0x80003720        0xc C:\Workspace\ws_drone_v10\.git\drone_bbb\example_starterware_epwm_app\src\sysbios\sysbios.aa8fg(knl_Queue.o)
                0x80003720                ti_sysbios_knl_Queue_elemClear__E
 .text.ti_sysbios_knl_Queue_insert__E
                0x8000372c       0x18 C:\Workspace\ws_drone_v10\.git\drone_bbb\example_starterware_epwm_app\src\sysbios\sysbios.aa8fg(knl_Queue.o)
                0x8000372c                ti_sysbios_knl_Queue_insert__E
 .text.ti_sysbios_knl_Queue_next__E
                0x80003744        0x8 C:\Workspace\ws_drone_v10\.git\drone_bbb\example_starterware_epwm_app\src\sysbios\sysbios.aa8fg(knl_Queue.o)
                0x80003744                ti_sysbios_knl_Queue_next__E
 .text.ti_sysbios_knl_Queue_prev__E
                0x8000374c        0x8 C:\Workspace\ws_drone_v10\.git\drone_bbb\example_starterware_epwm_app\src\sysbios\sysbios.aa8fg(knl_Queue.o)
                0x8000374c                ti_sysbios_knl_Queue_prev__E
 .text.ti_sysbios_knl_Queue_put__E
                0x80003754       0x38 C:\Workspace\ws_drone_v10\.git\drone_bbb\example_starterware_epwm_app\src\sysbios\sysbios.aa8fg(knl_Queue.o)
                0x80003754                ti_sysbios_knl_Queue_put__E
 .text.ti_sysbios_knl_Queue_remove__E
                0x8000378c       0x1c C:\Workspace\ws_drone_v10\.git\drone_bbb\example_starterware_epwm_app\src\sysbios\sysbios.aa8fg(knl_Queue.o)
                0x8000378c                ti_sysbios_knl_Queue_remove__E
 .text          0x800037a8        0x0 C:\Workspace\ws_drone_v10\.git\drone_bbb\example_starterware_epwm_app\src\sysbios\sysbios.aa8fg(knl_Semaphore.o)
 .text.ti_sysbios_knl_Semaphore_pendTimeout__I
                0x800037a8       0x50 C:\Workspace\ws_drone_v10\.git\drone_bbb\example_starterware_epwm_app\src\sysbios\sysbios.aa8fg(knl_Semaphore.o)
                0x800037a8                ti_sysbios_knl_Semaphore_pendTimeout(int0_t)
 .text.ti_sysbios_knl_Semaphore_Instance_init__E
                0x800037f8       0x40 C:\Workspace\ws_drone_v10\.git\drone_bbb\example_starterware_epwm_app\src\sysbios\sysbios.aa8fg(knl_Semaphore.o)
                0x800037f8                ti_sysbios_knl_Semaphore_Instance_init__E
 .text.ti_sysbios_knl_Semaphore_Instance_finalize__E
                0x80003838       0x14 C:\Workspace\ws_drone_v10\.git\drone_bbb\example_starterware_epwm_app\src\sysbios\sysbios.aa8fg(knl_Semaphore.o)
                0x80003838                ti_sysbios_knl_Semaphore_Instance_finalize__E
 .text.ti_sysbios_knl_Semaphore_pend__E
                0x8000384c      0x1f8 C:\Workspace\ws_drone_v10\.git\drone_bbb\example_starterware_epwm_app\src\sysbios\sysbios.aa8fg(knl_Semaphore.o)
                0x8000384c                ti_sysbios_knl_Semaphore_pend__E
 .text.ti_sysbios_knl_Semaphore_post__E
                0x80003a44       0xa8 C:\Workspace\ws_drone_v10\.git\drone_bbb\example_starterware_epwm_app\src\sysbios\sysbios.aa8fg(knl_Semaphore.o)
                0x80003a44                ti_sysbios_knl_Semaphore_post__E
 .text          0x80003aec        0x0 C:\Workspace\ws_drone_v10\.git\drone_bbb\example_starterware_epwm_app\src\sysbios\sysbios.aa8fg(knl_Swi.o)
 .text.ti_sysbios_knl_Swi_Module_startup__E
                0x80003aec        0x8 C:\Workspace\ws_drone_v10\.git\drone_bbb\example_starterware_epwm_app\src\sysbios\sysbios.aa8fg(knl_Swi.o)
                0x80003aec                ti_sysbios_knl_Swi_Module_startup__E
 .text.ti_sysbios_knl_Swi_disable__E
                0x80003af4       0x28 C:\Workspace\ws_drone_v10\.git\drone_bbb\example_starterware_epwm_app\src\sysbios\sysbios.aa8fg(knl_Swi.o)
                0x80003af4                ti_sysbios_knl_Swi_disable__E
 .text.ti_sysbios_knl_Swi_restoreHwi__E
                0x80003b1c      0x12c C:\Workspace\ws_drone_v10\.git\drone_bbb\example_starterware_epwm_app\src\sysbios\sysbios.aa8fg(knl_Swi.o)
                0x80003b1c                ti_sysbios_knl_Swi_restoreHwi__E
 .text          0x80003c48        0x0 C:\Workspace\ws_drone_v10\.git\drone_bbb\example_starterware_epwm_app\src\sysbios\sysbios.aa8fg(knl_Task.o)
 .text.ti_sysbios_knl_Task_schedule__I
                0x80003c48      0x120 C:\Workspace\ws_drone_v10\.git\drone_bbb\example_starterware_epwm_app\src\sysbios\sysbios.aa8fg(knl_Task.o)
                0x80003c48                ti_sysbios_knl_Task_schedule(int0_t)
 .text.ti_sysbios_knl_Task_enter__I
                0x80003d68       0x3c C:\Workspace\ws_drone_v10\.git\drone_bbb\example_starterware_epwm_app\src\sysbios\sysbios.aa8fg(knl_Task.o)
                0x80003d68                ti_sysbios_knl_Task_enter(int0_t)
 .text.ti_sysbios_knl_Task_exit__E
                0x80003da4      0x198 C:\Workspace\ws_drone_v10\.git\drone_bbb\example_starterware_epwm_app\src\sysbios\sysbios.aa8fg(knl_Task.o)
                0x80003da4                ti_sysbios_knl_Task_exit__E
 .text.ti_sysbios_knl_Task_startCore__E
                0x80003f3c      0x110 C:\Workspace\ws_drone_v10\.git\drone_bbb\example_starterware_epwm_app\src\sysbios\sysbios.aa8fg(knl_Task.o)
                0x80003f3c                ti_sysbios_knl_Task_startCore__E
 .text.ti_sysbios_knl_Task_startup__E
                0x8000404c        0x8 C:\Workspace\ws_drone_v10\.git\drone_bbb\example_starterware_epwm_app\src\sysbios\sysbios.aa8fg(knl_Task.o)
                0x8000404c                ti_sysbios_knl_Task_startup__E
 .text.ti_sysbios_knl_Task_disable__E
                0x80004054       0x28 C:\Workspace\ws_drone_v10\.git\drone_bbb\example_starterware_epwm_app\src\sysbios\sysbios.aa8fg(knl_Task.o)
                0x80004054                ti_sysbios_knl_Task_disable__E
 .text.ti_sysbios_knl_Task_restore__E
                0x8000407c       0x50 C:\Workspace\ws_drone_v10\.git\drone_bbb\example_starterware_epwm_app\src\sysbios\sysbios.aa8fg(knl_Task.o)
                0x8000407c                ti_sysbios_knl_Task_restore__E
 .text.ti_sysbios_knl_Task_restoreHwi__E
                0x800040cc       0x40 C:\Workspace\ws_drone_v10\.git\drone_bbb\example_starterware_epwm_app\src\sysbios\sysbios.aa8fg(knl_Task.o)
                0x800040cc                ti_sysbios_knl_Task_restoreHwi__E
 .text.ti_sysbios_knl_Task_self__E
                0x8000410c       0x10 C:\Workspace\ws_drone_v10\.git\drone_bbb\example_starterware_epwm_app\src\sysbios\sysbios.aa8fg(knl_Task.o)
                0x8000410c                ti_sysbios_knl_Task_self__E
 .text.ti_sysbios_knl_Task_postInit__I
                0x8000411c      0x230 C:\Workspace\ws_drone_v10\.git\drone_bbb\example_starterware_epwm_app\src\sysbios\sysbios.aa8fg(knl_Task.o)
                0x8000411c                ti_sysbios_knl_Task_postInit(int0_t)
 .text.ti_sysbios_knl_Task_Module_startup__E
                0x8000434c       0xcc C:\Workspace\ws_drone_v10\.git\drone_bbb\example_starterware_epwm_app\src\sysbios\sysbios.aa8fg(knl_Task.o)
                0x8000434c                ti_sysbios_knl_Task_Module_startup__E
 .text.ti_sysbios_knl_Task_getHookContext__E
                0x80004418        0xc C:\Workspace\ws_drone_v10\.git\drone_bbb\example_starterware_epwm_app\src\sysbios\sysbios.aa8fg(knl_Task.o)
                0x80004418                ti_sysbios_knl_Task_getHookContext__E
 .text.ti_sysbios_knl_Task_setHookContext__E
                0x80004424        0xc C:\Workspace\ws_drone_v10\.git\drone_bbb\example_starterware_epwm_app\src\sysbios\sysbios.aa8fg(knl_Task.o)
                0x80004424                ti_sysbios_knl_Task_setHookContext__E
 .text.ti_sysbios_knl_Task_getPri__E
                0x80004430        0x8 C:\Workspace\ws_drone_v10\.git\drone_bbb\example_starterware_epwm_app\src\sysbios\sysbios.aa8fg(knl_Task.o)
                0x80004430                ti_sysbios_knl_Task_getPri__E
 .text.ti_sysbios_knl_Task_blockI__E
                0x80004438       0x74 C:\Workspace\ws_drone_v10\.git\drone_bbb\example_starterware_epwm_app\src\sysbios\sysbios.aa8fg(knl_Task.o)
                0x80004438                ti_sysbios_knl_Task_blockI__E
 .text.ti_sysbios_knl_Task_unblockI__E
                0x800044ac       0x6c C:\Workspace\ws_drone_v10\.git\drone_bbb\example_starterware_epwm_app\src\sysbios\sysbios.aa8fg(knl_Task.o)
                0x800044ac                ti_sysbios_knl_Task_unblockI__E
 .text          0x80004518        0x0 C:\Workspace\ws_drone_v10\.git\drone_bbb\example_starterware_epwm_app\src\sysbios\sysbios.aa8fg(hal_Core.o)
 .text          0x80004518        0x0 C:\Workspace\ws_drone_v10\.git\drone_bbb\example_starterware_epwm_app\src\sysbios\sysbios.aa8fg(hal_CoreNull.o)
 .text          0x80004518        0x0 C:\Workspace\ws_drone_v10\.git\drone_bbb\example_starterware_epwm_app\src\sysbios\sysbios.aa8fg(hal_Hwi.o)
 .text.ti_sysbios_hal_Hwi_Module_startup__E
                0x80004518       0x18 C:\Workspace\ws_drone_v10\.git\drone_bbb\example_starterware_epwm_app\src\sysbios\sysbios.aa8fg(hal_Hwi.o)
                0x80004518                ti_sysbios_hal_Hwi_Module_startup__E
 .text.ti_sysbios_hal_Hwi_disableInterrupt__E
                0x80004530        0x4 C:\Workspace\ws_drone_v10\.git\drone_bbb\example_starterware_epwm_app\src\sysbios\sysbios.aa8fg(hal_Hwi.o)
                0x80004530                ti_sysbios_hal_Hwi_disableInterrupt__E
 .text.ti_sysbios_hal_Hwi_enableInterrupt__E
                0x80004534        0x4 C:\Workspace\ws_drone_v10\.git\drone_bbb\example_starterware_epwm_app\src\sysbios\sysbios.aa8fg(hal_Hwi.o)
                0x80004534                ti_sysbios_hal_Hwi_enableInterrupt__E
 .text.ti_sysbios_hal_Hwi_clearInterrupt__E
                0x80004538        0x4 C:\Workspace\ws_drone_v10\.git\drone_bbb\example_starterware_epwm_app\src\sysbios\sysbios.aa8fg(hal_Hwi.o)
                0x80004538                ti_sysbios_hal_Hwi_clearInterrupt__E
 .text.ti_sysbios_hal_Hwi_getStackInfo__E
                0x8000453c        0x4 C:\Workspace\ws_drone_v10\.git\drone_bbb\example_starterware_epwm_app\src\sysbios\sysbios.aa8fg(hal_Hwi.o)
                0x8000453c                ti_sysbios_hal_Hwi_getStackInfo__E
 .text.ti_sysbios_hal_Hwi_switchFromBootStack__E
                0x80004540        0x4 C:\Workspace\ws_drone_v10\.git\drone_bbb\example_starterware_epwm_app\src\sysbios\sysbios.aa8fg(hal_Hwi.o)
                0x80004540                ti_sysbios_hal_Hwi_switchFromBootStack__E
 .text          0x80004544        0x0 C:\Workspace\ws_drone_v10\.git\drone_bbb\example_starterware_epwm_app\src\sysbios\sysbios.aa8fg(hal_Hwi_stack.o)
 .text.ti_sysbios_hal_Hwi_initStack
                0x80004544       0x3c C:\Workspace\ws_drone_v10\.git\drone_bbb\example_starterware_epwm_app\src\sysbios\sysbios.aa8fg(hal_Hwi_stack.o)
                0x80004544                ti_sysbios_hal_Hwi_initStack
 .text.ti_sysbios_hal_Hwi_checkStack
                0x80004580       0x5c C:\Workspace\ws_drone_v10\.git\drone_bbb\example_starterware_epwm_app\src\sysbios\sysbios.aa8fg(hal_Hwi_stack.o)
                0x80004580                ti_sysbios_hal_Hwi_checkStack
 .text          0x800045dc        0x0 C:\Workspace\ws_drone_v10\.git\drone_bbb\example_starterware_epwm_app\src\sysbios\sysbios.aa8fg(hal_Hwi_startup.o)
 .text.ti_sysbios_hal_Hwi_startup__E
                0x800045dc        0x4 C:\Workspace\ws_drone_v10\.git\drone_bbb\example_starterware_epwm_app\src\sysbios\sysbios.aa8fg(hal_Hwi_startup.o)
                0x800045dc                ti_sysbios_hal_Hwi_startup__E
 .text          0x800045e0        0x0 C:\Workspace\ws_drone_v10\.git\drone_bbb\example_starterware_epwm_app\src\sysbios\sysbios.aa8fg(gnu_ReentSupport.o)
 .text.ti_sysbios_rts_gnu_ReentSupport_Module_startup__E
                0x800045e0       0x40 C:\Workspace\ws_drone_v10\.git\drone_bbb\example_starterware_epwm_app\src\sysbios\sysbios.aa8fg(gnu_ReentSupport.o)
                0x800045e0                ti_sysbios_rts_gnu_ReentSupport_Module_startup__E
 .text.ti_sysbios_rts_gnu_ReentSupport_taskRegHook__I
                0x80004620       0x10 C:\Workspace\ws_drone_v10\.git\drone_bbb\example_starterware_epwm_app\src\sysbios\sysbios.aa8fg(gnu_ReentSupport.o)
                0x80004620                ti_sysbios_rts_gnu_ReentSupport_taskRegHook(int0_t)
 .text.ti_sysbios_rts_gnu_ReentSupport_taskDeleteHook__I
                0x80004630       0x60 C:\Workspace\ws_drone_v10\.git\drone_bbb\example_starterware_epwm_app\src\sysbios\sysbios.aa8fg(gnu_ReentSupport.o)
                0x80004630                ti_sysbios_rts_gnu_ReentSupport_taskDeleteHook(int0_t)
 .text.ti_sysbios_rts_gnu_ReentSupport_getReent__I
                0x80004690       0xb0 C:\Workspace\ws_drone_v10\.git\drone_bbb\example_starterware_epwm_app\src\sysbios\sysbios.aa8fg(gnu_ReentSupport.o)
                0x80004690                ti_sysbios_rts_gnu_ReentSupport_getReent(int0_t)
 .text          0x80004740        0x0 C:\Workspace\ws_drone_v10\.git\drone_bbb\example_starterware_epwm_app\src\sysbios\sysbios.aa8fg(gnu_SemiHostSupport.o)
 .text.ti_sysbios_rts_gnu_SemiHostSupport_startup__I
                0x80004740        0x4 C:\Workspace\ws_drone_v10\.git\drone_bbb\example_starterware_epwm_app\src\sysbios\sysbios.aa8fg(gnu_SemiHostSupport.o)
                0x80004740                ti_sysbios_rts_gnu_SemiHostSupport_startup(int0_t)
 .text          0x80004744        0x0 C:\Workspace\ws_drone_v10\.git\drone_bbb\example_starterware_epwm_app\src\sysbios\sysbios.aa8fg(a8_Cache.o)
 .text.ti_sysbios_family_arm_a8_Cache_startup__I
                0x80004744      0x198 C:\Workspace\ws_drone_v10\.git\drone_bbb\example_starterware_epwm_app\src\sysbios\sysbios.aa8fg(a8_Cache.o)
                0x80004744                ti_sysbios_family_arm_a8_Cache_startup(int0_t)
 .text.ti_sysbios_family_arm_a8_Cache_disable__E
                0x800048dc       0xb4 C:\Workspace\ws_drone_v10\.git\drone_bbb\example_starterware_epwm_app\src\sysbios\sysbios.aa8fg(a8_Cache.o)
                0x800048dc                ti_sysbios_family_arm_a8_Cache_disable__E
 .text.ti_sysbios_family_arm_a8_Cache_enable__E
                0x80004990       0x48 C:\Workspace\ws_drone_v10\.git\drone_bbb\example_starterware_epwm_app\src\sysbios\sysbios.aa8fg(a8_Cache.o)
                0x80004990                ti_sysbios_family_arm_a8_Cache_enable__E
 .text          0x800049d8        0x0 C:\Workspace\ws_drone_v10\.git\drone_bbb\example_starterware_epwm_app\src\sysbios\sysbios.aa8fg(a8_Mmu.o)
 .text.ti_sysbios_family_arm_a8_Mmu_Module_startup__E
                0x800049d8       0xf0 C:\Workspace\ws_drone_v10\.git\drone_bbb\example_starterware_epwm_app\src\sysbios\sysbios.aa8fg(a8_Mmu.o)
                0x800049d8                ti_sysbios_family_arm_a8_Mmu_Module_startup__E
 .text.ti_sysbios_family_arm_a8_Mmu_disable__E
                0x80004ac8       0x48 C:\Workspace\ws_drone_v10\.git\drone_bbb\example_starterware_epwm_app\src\sysbios\sysbios.aa8fg(a8_Mmu.o)
                0x80004ac8                ti_sysbios_family_arm_a8_Mmu_disable__E
 .text          0x80004b10        0x0 C:\Workspace\ws_drone_v10\.git\drone_bbb\example_starterware_epwm_app\src\sysbios\sysbios.aa8fg(a8_TimestampProvider.o)
 .text.ti_sysbios_family_arm_a8_TimestampProvider_Module_startup__E
                0x80004b10       0x10 C:\Workspace\ws_drone_v10\.git\drone_bbb\example_starterware_epwm_app\src\sysbios\sysbios.aa8fg(a8_TimestampProvider.o)
                0x80004b10                ti_sysbios_family_arm_a8_TimestampProvider_Module_startup__E
 .text.ti_sysbios_family_arm_a8_TimestampProvider_get64__E
                0x80004b20       0x54 C:\Workspace\ws_drone_v10\.git\drone_bbb\example_starterware_epwm_app\src\sysbios\sysbios.aa8fg(a8_TimestampProvider.o)
                0x80004b20                ti_sysbios_family_arm_a8_TimestampProvider_get64__E
 .text.ti_sysbios_family_arm_a8_TimestampProvider_getFreq__E
                0x80004b74        0x4 C:\Workspace\ws_drone_v10\.git\drone_bbb\example_starterware_epwm_app\src\sysbios\sysbios.aa8fg(a8_TimestampProvider.o)
                0x80004b74                ti_sysbios_family_arm_a8_TimestampProvider_getFreq__E
 .text.ti_sysbios_family_arm_a8_TimestampProvider_autoRefreshFxn__I
                0x80004b78       0x48 C:\Workspace\ws_drone_v10\.git\drone_bbb\example_starterware_epwm_app\src\sysbios\sysbios.aa8fg(a8_TimestampProvider.o)
                0x80004b78                ti_sysbios_family_arm_a8_TimestampProvider_autoRefreshFxn(int0_t)
 .text          0x80004bc0        0x0 C:\Workspace\ws_drone_v10\.git\drone_bbb\example_starterware_epwm_app\src\sysbios\sysbios.aa8fg(intcps_Hwi.o)
 .text.ti_sysbios_family_arm_a8_intcps_Hwi_Module_startup__E
                0x80004bc0      0x198 C:\Workspace\ws_drone_v10\.git\drone_bbb\example_starterware_epwm_app\src\sysbios\sysbios.aa8fg(intcps_Hwi.o)
                0x80004bc0                ti_sysbios_family_arm_a8_intcps_Hwi_Module_startup__E
 .text.ti_sysbios_family_arm_a8_intcps_Hwi_startup__E
                0x80004d58       0x1c C:\Workspace\ws_drone_v10\.git\drone_bbb\example_starterware_epwm_app\src\sysbios\sysbios.aa8fg(intcps_Hwi.o)
                0x80004d58                ti_sysbios_family_arm_a8_intcps_Hwi_startup__E
 .text.ti_sysbios_family_xxx_Hwi_switchToIsrStack
                0x80004d74       0x20 C:\Workspace\ws_drone_v10\.git\drone_bbb\example_starterware_epwm_app\src\sysbios\sysbios.aa8fg(intcps_Hwi.o)
                0x80004d74                ti_sysbios_family_xxx_Hwi_switchToIsrStack
 .text.ti_sysbios_family_xxx_Hwi_switchToTaskStack
                0x80004d94       0x1c C:\Workspace\ws_drone_v10\.git\drone_bbb\example_starterware_epwm_app\src\sysbios\sysbios.aa8fg(intcps_Hwi.o)
                0x80004d94                ti_sysbios_family_xxx_Hwi_switchToTaskStack
 .text.ti_sysbios_family_arm_a8_intcps_Hwi_disableInterrupt__E
                0x80004db0      0x150 C:\Workspace\ws_drone_v10\.git\drone_bbb\example_starterware_epwm_app\src\sysbios\sysbios.aa8fg(intcps_Hwi.o)
                0x80004db0                ti_sysbios_family_arm_a8_intcps_Hwi_disableInterrupt__E
 .text.ti_sysbios_family_arm_a8_intcps_Hwi_enableInterrupt__E
                0x80004f00      0x154 C:\Workspace\ws_drone_v10\.git\drone_bbb\example_starterware_epwm_app\src\sysbios\sysbios.aa8fg(intcps_Hwi.o)
                0x80004f00                ti_sysbios_family_arm_a8_intcps_Hwi_enableInterrupt__E
 .text.ti_sysbios_family_arm_a8_intcps_Hwi_clearInterrupt__E
                0x80005054       0x14 C:\Workspace\ws_drone_v10\.git\drone_bbb\example_starterware_epwm_app\src\sysbios\sysbios.aa8fg(intcps_Hwi.o)
                0x80005054                ti_sysbios_family_arm_a8_intcps_Hwi_clearInterrupt__E
 .text.ti_sysbios_family_arm_a8_intcps_Hwi_switchFromBootStack__E
                0x80005068       0x20 C:\Workspace\ws_drone_v10\.git\drone_bbb\example_starterware_epwm_app\src\sysbios\sysbios.aa8fg(intcps_Hwi.o)
                0x80005068                ti_sysbios_family_arm_a8_intcps_Hwi_switchFromBootStack__E
 .text.ti_sysbios_family_arm_a8_intcps_Hwi_getStackInfo__E
                0x80005088       0x78 C:\Workspace\ws_drone_v10\.git\drone_bbb\example_starterware_epwm_app\src\sysbios\sysbios.aa8fg(intcps_Hwi.o)
                0x80005088                ti_sysbios_family_arm_a8_intcps_Hwi_getStackInfo__E
 .text.ti_sysbios_family_arm_a8_intcps_Hwi_nonPluggedHwiHandler__I
                0x80005100       0x5c C:\Workspace\ws_drone_v10\.git\drone_bbb\example_starterware_epwm_app\src\sysbios\sysbios.aa8fg(intcps_Hwi.o)
                0x80005100                ti_sysbios_family_arm_a8_intcps_Hwi_nonPluggedHwiHandler(int0_t)
 .text.ti_sysbios_family_arm_a8_intcps_Hwi_dispatchFIQC__I
                0x8000515c       0x40 C:\Workspace\ws_drone_v10\.git\drone_bbb\example_starterware_epwm_app\src\sysbios\sysbios.aa8fg(intcps_Hwi.o)
                0x8000515c                ti_sysbios_family_arm_a8_intcps_Hwi_dispatchFIQC(int0_t)
 .text.ti_sysbios_family_arm_a8_intcps_Hwi_dispatchIRQC__I
                0x8000519c       0xd8 C:\Workspace\ws_drone_v10\.git\drone_bbb\example_starterware_epwm_app\src\sysbios\sysbios.aa8fg(intcps_Hwi.o)
                0x8000519c                ti_sysbios_family_arm_a8_intcps_Hwi_dispatchIRQC(int0_t)
 .text          0x80005274        0x0 C:\Workspace\ws_drone_v10\.git\drone_bbb\example_starterware_epwm_app\src\sysbios\sysbios.aa8fg(exc_Exception.o)
 .text.ti_sysbios_family_arm_exc_Exception_Module_startup__E
                0x80005274       0x10 C:\Workspace\ws_drone_v10\.git\drone_bbb\example_starterware_epwm_app\src\sysbios\sysbios.aa8fg(exc_Exception.o)
                0x80005274                ti_sysbios_family_arm_exc_Exception_Module_startup__E
 .text.ti_sysbios_family_arm_exc_Exception_excDumpContext__I
                0x80005284      0x188 C:\Workspace\ws_drone_v10\.git\drone_bbb\example_starterware_epwm_app\src\sysbios\sysbios.aa8fg(exc_Exception.o)
                0x80005284                ti_sysbios_family_arm_exc_Exception_excDumpContext(int0_t)
 .text.ti_sysbios_family_arm_exc_Exception_excHandler__I
                0x8000540c      0x514 C:\Workspace\ws_drone_v10\.git\drone_bbb\example_starterware_epwm_app\src\sysbios\sysbios.aa8fg(exc_Exception.o)
                0x8000540c                ti_sysbios_family_arm_exc_Exception_excHandler(int0_t)
 .text          0x80005920        0x0 C:\Workspace\ws_drone_v10\.git\drone_bbb\example_starterware_epwm_app\src\sysbios\sysbios.aa8fg(gates_GateHwi.o)
 .text.ti_sysbios_gates_GateHwi_Instance_init__E
                0x80005920        0x4 C:\Workspace\ws_drone_v10\.git\drone_bbb\example_starterware_epwm_app\src\sysbios\sysbios.aa8fg(gates_GateHwi.o)
                0x80005920                ti_sysbios_gates_GateHwi_Instance_init__E
 .text.ti_sysbios_gates_GateHwi_enter__E
                0x80005924        0xc C:\Workspace\ws_drone_v10\.git\drone_bbb\example_starterware_epwm_app\src\sysbios\sysbios.aa8fg(gates_GateHwi.o)
                0x80005924                ti_sysbios_gates_GateHwi_enter__E
 .text.ti_sysbios_gates_GateHwi_leave__E
                0x80005930       0x18 C:\Workspace\ws_drone_v10\.git\drone_bbb\example_starterware_epwm_app\src\sysbios\sysbios.aa8fg(gates_GateHwi.o)
                0x80005930                ti_sysbios_gates_GateHwi_leave__E
 .text.ti_sysbios_gates_GateHwi_query__E
                0x80005948        0x8 C:\Workspace\ws_drone_v10\.git\drone_bbb\example_starterware_epwm_app\src\sysbios\sysbios.aa8fg(gates_GateHwi.o)
                0x80005948                ti_sysbios_gates_GateHwi_query__E
 .text          0x80005950        0x0 C:\Workspace\ws_drone_v10\.git\drone_bbb\example_starterware_epwm_app\src\sysbios\sysbios.aa8fg(gates_GateMutex.o)
 .text.ti_sysbios_gates_GateMutex_Instance_init__E
                0x80005950       0x30 C:\Workspace\ws_drone_v10\.git\drone_bbb\example_starterware_epwm_app\src\sysbios\sysbios.aa8fg(gates_GateMutex.o)
                0x80005950                ti_sysbios_gates_GateMutex_Instance_init__E
 .text.ti_sysbios_gates_GateMutex_Instance_finalize__E
                0x80005980       0x14 C:\Workspace\ws_drone_v10\.git\drone_bbb\example_starterware_epwm_app\src\sysbios\sysbios.aa8fg(gates_GateMutex.o)
                0x80005980                ti_sysbios_gates_GateMutex_Instance_finalize__E
 .text.ti_sysbios_gates_GateMutex_enter__E
                0x80005994       0x48 C:\Workspace\ws_drone_v10\.git\drone_bbb\example_starterware_epwm_app\src\sysbios\sysbios.aa8fg(gates_GateMutex.o)
                0x80005994                ti_sysbios_gates_GateMutex_enter__E
 .text.ti_sysbios_gates_GateMutex_leave__E
                0x800059dc       0x20 C:\Workspace\ws_drone_v10\.git\drone_bbb\example_starterware_epwm_app\src\sysbios\sysbios.aa8fg(gates_GateMutex.o)
                0x800059dc                ti_sysbios_gates_GateMutex_leave__E
 .text.ti_sysbios_gates_GateMutex_query__E
                0x800059fc        0x8 C:\Workspace\ws_drone_v10\.git\drone_bbb\example_starterware_epwm_app\src\sysbios\sysbios.aa8fg(gates_GateMutex.o)
                0x800059fc                ti_sysbios_gates_GateMutex_query__E
 .text          0x80005a04        0x0 C:\Workspace\ws_drone_v10\.git\drone_bbb\example_starterware_epwm_app\src\sysbios\sysbios.aa8fg(heaps_HeapMem.o)
 .text.ti_sysbios_heaps_HeapMem_init__I
                0x80005a04       0x68 C:\Workspace\ws_drone_v10\.git\drone_bbb\example_starterware_epwm_app\src\sysbios\sysbios.aa8fg(heaps_HeapMem.o)
                0x80005a04                ti_sysbios_heaps_HeapMem_init(int0_t)
 .text.ti_sysbios_heaps_HeapMem_Instance_init__E
                0x80005a6c       0x6c C:\Workspace\ws_drone_v10\.git\drone_bbb\example_starterware_epwm_app\src\sysbios\sysbios.aa8fg(heaps_HeapMem.o)
                0x80005a6c                ti_sysbios_heaps_HeapMem_Instance_init__E
 .text.ti_sysbios_heaps_HeapMem_alloc__E
                0x80005ad8      0x168 C:\Workspace\ws_drone_v10\.git\drone_bbb\example_starterware_epwm_app\src\sysbios\sysbios.aa8fg(heaps_HeapMem.o)
                0x80005ad8                ti_sysbios_heaps_HeapMem_alloc__E
 .text.ti_sysbios_heaps_HeapMem_free__E
                0x80005c40       0xec C:\Workspace\ws_drone_v10\.git\drone_bbb\example_starterware_epwm_app\src\sysbios\sysbios.aa8fg(heaps_HeapMem.o)
                0x80005c40                ti_sysbios_heaps_HeapMem_free__E
 .text.ti_sysbios_heaps_HeapMem_isBlocking__E
                0x80005d2c        0x8 C:\Workspace\ws_drone_v10\.git\drone_bbb\example_starterware_epwm_app\src\sysbios\sysbios.aa8fg(heaps_HeapMem.o)
                0x80005d2c                ti_sysbios_heaps_HeapMem_isBlocking__E
 .text.ti_sysbios_heaps_HeapMem_getStats__E
                0x80005d34       0x84 C:\Workspace\ws_drone_v10\.git\drone_bbb\example_starterware_epwm_app\src\sysbios\sysbios.aa8fg(heaps_HeapMem.o)
                0x80005d34                ti_sysbios_heaps_HeapMem_getStats__E
 .text          0x80005db8        0x0 C:\Workspace\ws_drone_v10\.git\drone_bbb\example_starterware_epwm_app\src\sysbios\sysbios.aa8fg(dmtimer_Timer.o)
 .text.ti_sysbios_timers_dmtimer_Timer_stub__E
                0x80005db8       0x38 C:\Workspace\ws_drone_v10\.git\drone_bbb\example_starterware_epwm_app\src\sysbios\sysbios.aa8fg(dmtimer_Timer.o)
                0x80005db8                ti_sysbios_timers_dmtimer_Timer_stub__E
 .text.ti_sysbios_timers_dmtimer_Timer_getMaxTicks__E
                0x80005df0       0x14 C:\Workspace\ws_drone_v10\.git\drone_bbb\example_starterware_epwm_app\src\sysbios\sysbios.aa8fg(dmtimer_Timer.o)
                0x80005df0                ti_sysbios_timers_dmtimer_Timer_getMaxTicks__E
 .text.ti_sysbios_timers_dmtimer_Timer_setPeriodMicroSecs__E
                0x80005e04      0x14c C:\Workspace\ws_drone_v10\.git\drone_bbb\example_starterware_epwm_app\src\sysbios\sysbios.aa8fg(dmtimer_Timer.o)
                0x80005e04                ti_sysbios_timers_dmtimer_Timer_setPeriodMicroSecs__E
 .text.ti_sysbios_timers_dmtimer_Timer_deviceConfig__I
                0x80005f50      0x278 C:\Workspace\ws_drone_v10\.git\drone_bbb\example_starterware_epwm_app\src\sysbios\sysbios.aa8fg(dmtimer_Timer.o)
                0x80005f50                ti_sysbios_timers_dmtimer_Timer_deviceConfig(int0_t)
 .text.ti_sysbios_timers_dmtimer_Timer_start__E
                0x800061c8      0x114 C:\Workspace\ws_drone_v10\.git\drone_bbb\example_starterware_epwm_app\src\sysbios\sysbios.aa8fg(dmtimer_Timer.o)
                0x800061c8                ti_sysbios_timers_dmtimer_Timer_start__E
 .text.ti_sysbios_timers_dmtimer_Timer_startup__E
                0x800062dc       0x80 C:\Workspace\ws_drone_v10\.git\drone_bbb\example_starterware_epwm_app\src\sysbios\sysbios.aa8fg(dmtimer_Timer.o)
                0x800062dc                ti_sysbios_timers_dmtimer_Timer_startup__E
 .text.ti_sysbios_timers_dmtimer_Timer_checkFreq__I
                0x8000635c      0x1c4 C:\Workspace\ws_drone_v10\.git\drone_bbb\example_starterware_epwm_app\src\sysbios\sysbios.aa8fg(dmtimer_Timer.o)
                0x8000635c                ti_sysbios_timers_dmtimer_Timer_checkFreq(int0_t)
 .text.ti_sysbios_timers_dmtimer_Timer_Module_startup__E
                0x80006520      0x12c C:\Workspace\ws_drone_v10\.git\drone_bbb\example_starterware_epwm_app\src\sysbios\sysbios.aa8fg(dmtimer_Timer.o)
                0x80006520                ti_sysbios_timers_dmtimer_Timer_Module_startup__E
 .text          0x8000664c        0x0 C:\Workspace\ws_drone_v10\.git\drone_bbb\example_starterware_epwm_app\src\sysbios\sysbios.aa8fg(ti81xx_TimerSupport.o)
 .text.ti_sysbios_family_arm_a8_ti81xx_TimerSupport_Module_startup__E
                0x8000664c        0x8 C:\Workspace\ws_drone_v10\.git\drone_bbb\example_starterware_epwm_app\src\sysbios\sysbios.aa8fg(ti81xx_TimerSupport.o)
                0x8000664c                ti_sysbios_family_arm_a8_ti81xx_TimerSupport_Module_startup__E
 .text.ti_sysbios_family_arm_a8_ti81xx_TimerSupport_enable__E
                0x80006654        0x4 C:\Workspace\ws_drone_v10\.git\drone_bbb\example_starterware_epwm_app\src\sysbios\sysbios.aa8fg(ti81xx_TimerSupport.o)
                0x80006654                ti_sysbios_family_arm_a8_ti81xx_TimerSupport_enable__E
 .text          0x80006658        0x0 C:\Workspace\ws_drone_v10\.git\drone_bbb\example_starterware_epwm_app\src\sysbios\sysbios.aa8fg(arm_IntrinsicsSupport_asm_gnu.o)
 .text.ti_sysbios_family_arm_IntrinsicsSupport_maxbitA__I
                0x80006658        0xc C:\Workspace\ws_drone_v10\.git\drone_bbb\example_starterware_epwm_app\src\sysbios\sysbios.aa8fg(arm_IntrinsicsSupport_asm_gnu.o)
                0x80006658                ti_sysbios_family_arm_IntrinsicsSupport_maxbitA(int0_t)
 .text          0x80006664        0x0 C:\Workspace\ws_drone_v10\.git\drone_bbb\example_starterware_epwm_app\src\sysbios\sysbios.aa8fg(a8_Mmu_asm_gnu.o)
 .text.ti_sysbios_family_arm_a8_Mmu_init__I
                0x80006664       0x14 C:\Workspace\ws_drone_v10\.git\drone_bbb\example_starterware_epwm_app\src\sysbios\sysbios.aa8fg(a8_Mmu_asm_gnu.o)
                0x80006664                ti_sysbios_family_arm_a8_Mmu_init(int0_t)
 .text.ti_sysbios_family_arm_a8_Mmu_disableAsm__I
                0x80006678       0x20 C:\Workspace\ws_drone_v10\.git\drone_bbb\example_starterware_epwm_app\src\sysbios\sysbios.aa8fg(a8_Mmu_asm_gnu.o)
                0x80006678                ti_sysbios_family_arm_a8_Mmu_disableAsm(int0_t)
 .text.ti_sysbios_family_arm_a8_Mmu_enableAsm__I
                0x80006698       0x30 C:\Workspace\ws_drone_v10\.git\drone_bbb\example_starterware_epwm_app\src\sysbios\sysbios.aa8fg(a8_Mmu_asm_gnu.o)
                0x80006698                ti_sysbios_family_arm_a8_Mmu_enableAsm(int0_t)
 .text.ti_sysbios_family_arm_a8_Mmu_isEnabled__E
                0x800066c8       0x14 C:\Workspace\ws_drone_v10\.git\drone_bbb\example_starterware_epwm_app\src\sysbios\sysbios.aa8fg(a8_Mmu_asm_gnu.o)
                0x800066c8                ti_sysbios_family_arm_a8_Mmu_isEnabled__E
 .text.ti_sysbios_family_arm_a8_Mmu_setDomainAccessCtrlReg__E
                0x800066dc        0x8 C:\Workspace\ws_drone_v10\.git\drone_bbb\example_starterware_epwm_app\src\sysbios\sysbios.aa8fg(a8_Mmu_asm_gnu.o)
                0x800066dc                ti_sysbios_family_arm_a8_Mmu_setDomainAccessCtrlReg__E
 .text          0x800066e4        0xc C:\Workspace\ws_drone_v10\.git\drone_bbb\example_starterware_epwm_app\src\sysbios\sysbios.aa8fg(dmtimer_Timer_asm_gnu.o)
                0x800066e4                ti_sysbios_timers_dmtimer_Timer_spinLoop(int0_t)
 .text          0x800066f0        0x0 C:\Workspace\ws_drone_v10\.git\drone_bbb\example_starterware_epwm_app\src\sysbios\sysbios.aa8fg(knl_Idle.o)
 .text.ti_sysbios_knl_Idle_run__E
                0x800066f0       0x34 C:\Workspace\ws_drone_v10\.git\drone_bbb\example_starterware_epwm_app\src\sysbios\sysbios.aa8fg(knl_Idle.o)
                0x800066f0                ti_sysbios_knl_Idle_run__E
 .text          0x80006724        0x0 C:\ti\pdk_am335x_1_0_17\packages\ti\starterware\binary\soc\lib\am335x-evm\a8\debug\gcc\libsoc.a(soc.o)
 .text.SOCGetSocFamilyId
                0x80006724       0x30 C:\ti\pdk_am335x_1_0_17\packages\ti\starterware\binary\soc\lib\am335x-evm\a8\debug\gcc\libsoc.a(soc.o)
                0x80006724                SOCGetSocFamilyId
 .text.SOCGetCoreId
                0x80006754       0x30 C:\ti\pdk_am335x_1_0_17\packages\ti\starterware\binary\soc\lib\am335x-evm\a8\debug\gcc\libsoc.a(soc.o)
                0x80006754                SOCGetCoreId
 .text.SOCGetSocFamilyName
                0x80006784       0xb8 C:\ti\pdk_am335x_1_0_17\packages\ti\starterware\binary\soc\lib\am335x-evm\a8\debug\gcc\libsoc.a(soc.o)
                0x80006784                SOCGetSocFamilyName
 .text.SOCGetCoreName
                0x8000683c       0xb8 C:\ti\pdk_am335x_1_0_17\packages\ti\starterware\binary\soc\lib\am335x-evm\a8\debug\gcc\libsoc.a(soc.o)
                0x8000683c                SOCGetCoreName
 .text.SOCPrintInfo
                0x800068f4       0x60 C:\ti\pdk_am335x_1_0_17\packages\ti\starterware\binary\soc\lib\am335x-evm\a8\debug\gcc\libsoc.a(soc.o)
                0x800068f4                SOCPrintInfo
 .text          0x80006954        0x0 C:\ti\pdk_am335x_1_0_17\packages\ti\starterware\binary\soc\lib\am335x-evm\a8\debug\gcc\libsoc.a(am335x_chipdb.o)
 .text.HW_RD_REG32
                0x80006954       0x34 C:\ti\pdk_am335x_1_0_17\packages\ti\starterware\binary\soc\lib\am335x-evm\a8\debug\gcc\libsoc.a(am335x_chipdb.o)
 .text.CHIPDBIsResourcePresent
                0x80006988      0x140 C:\ti\pdk_am335x_1_0_17\packages\ti\starterware\binary\soc\lib\am335x-evm\a8\debug\gcc\libsoc.a(am335x_chipdb.o)
                0x80006988                CHIPDBIsResourcePresent
 .text.CHIPDBSecurityLevel
                0x80006ac8       0x20 C:\ti\pdk_am335x_1_0_17\packages\ti\starterware\binary\soc\lib\am335x-evm\a8\debug\gcc\libsoc.a(am335x_chipdb.o)
                0x80006ac8                CHIPDBSecurityLevel
 .text.CHIPDBBaseAddress
                0x80006ae8       0x78 C:\ti\pdk_am335x_1_0_17\packages\ti\starterware\binary\soc\lib\am335x-evm\a8\debug\gcc\libsoc.a(am335x_chipdb.o)
                0x80006ae8                CHIPDBBaseAddress
 .text.ChipDBReadBasePNEncoding
                0x80006b60       0x1c C:\ti\pdk_am335x_1_0_17\packages\ti\starterware\binary\soc\lib\am335x-evm\a8\debug\gcc\libsoc.a(am335x_chipdb.o)
 .text.ChipDBReadSecurityLevel
                0x80006b7c       0xd0 C:\ti\pdk_am335x_1_0_17\packages\ti\starterware\binary\soc\lib\am335x-evm\a8\debug\gcc\libsoc.a(am335x_chipdb.o)
 .text          0x80006c4c        0x0 C:\ti\pdk_am335x_1_0_17\packages\ti\starterware\binary\soc\lib\am335x-evm\a8\debug\gcc\libsoc.a(hw_am335x_chipdb.o)
 .text.CHIPDBIsSecureModule
                0x80006c4c       0x64 C:\ti\pdk_am335x_1_0_17\packages\ti\starterware\binary\soc\lib\am335x-evm\a8\debug\gcc\libsoc.a(hw_am335x_chipdb.o)
                0x80006c4c                CHIPDBIsSecureModule
 .text          0x80006cb0        0x0 C:\ti\pdk_am335x_1_0_17\packages\ti\starterware\binary\soc\lib\am335x-evm\a8\debug\gcc\libsoc.a(hw_am335x_chipdb_baseaddr.o)
 .text          0x80006cb0        0x0 C:\ti\pdk_am335x_1_0_17\packages\ti\starterware\binary\soc\lib\am335x-evm\a8\debug\gcc\libsoc.a(hw_am335x_chipdb_interrupt.o)
 .text          0x80006cb0        0x0 C:\ti\pdk_am335x_1_0_17\packages\ti\starterware\binary\soc\lib\am335x-evm\a8\debug\gcc\libsoc.a(am335x_control.o)
 .text.HW_RD_REG32
                0x80006cb0       0x34 C:\ti\pdk_am335x_1_0_17\packages\ti\starterware\binary\soc\lib\am335x-evm\a8\debug\gcc\libsoc.a(am335x_control.o)
 .text.HW_WR_REG32
                0x80006ce4       0x34 C:\ti\pdk_am335x_1_0_17\packages\ti\starterware\binary\soc\lib\am335x-evm\a8\debug\gcc\libsoc.a(am335x_control.o)
 .text.SOCCtrlPwmssTimebaseClkEnable
                0x80006d18       0x9c C:\ti\pdk_am335x_1_0_17\packages\ti\starterware\binary\soc\lib\am335x-evm\a8\debug\gcc\libsoc.a(am335x_control.o)
                0x80006d18                SOCCtrlPwmssTimebaseClkEnable
 .text          0x80006db4        0x0 C:\ti\pdk_am335x_1_0_17\packages\ti\starterware\binary\soc\lib\am335x-evm\a8\debug\gcc\libsoc.a(am335x_prcm.o)
 .text.HW_RD_REG32
                0x80006db4       0x34 C:\ti\pdk_am335x_1_0_17\packages\ti\starterware\binary\soc\lib\am335x-evm\a8\debug\gcc\libsoc.a(am335x_prcm.o)
 .text.HW_WR_REG32
                0x80006de8       0x34 C:\ti\pdk_am335x_1_0_17\packages\ti\starterware\binary\soc\lib\am335x-evm\a8\debug\gcc\libsoc.a(am335x_prcm.o)
 .text.enableModule
                0x80006e1c       0xe0 C:\ti\pdk_am335x_1_0_17\packages\ti\starterware\binary\soc\lib\am335x-evm\a8\debug\gcc\libsoc.a(am335x_prcm.o)
                0x80006e1c                enableModule
 .text.PRCMModuleEnable
                0x80006efc      0x930 C:\ti\pdk_am335x_1_0_17\packages\ti\starterware\binary\soc\lib\am335x-evm\a8\debug\gcc\libsoc.a(am335x_prcm.o)
                0x80006efc                PRCMModuleEnable
 .text          0x8000782c        0x0 C:\ti\pdk_am335x_1_0_17\packages\ti\starterware\binary\board\lib\am335x-evm\a8\debug\gcc\libboard.a(board.o)
 .text.BOARDInit
                0x8000782c       0xf8 C:\ti\pdk_am335x_1_0_17\packages\ti\starterware\binary\board\lib\am335x-evm\a8\debug\gcc\libboard.a(board.o)
                0x8000782c                BOARDInit
 .text.BOARDGetId
                0x80007924       0x90 C:\ti\pdk_am335x_1_0_17\packages\ti\starterware\binary\board\lib\am335x-evm\a8\debug\gcc\libboard.a(board.o)
                0x80007924                BOARDGetId
 .text.BOARDGetBoardName
                0x800079b4       0xac C:\ti\pdk_am335x_1_0_17\packages\ti\starterware\binary\board\lib\am335x-evm\a8\debug\gcc\libboard.a(board.o)
                0x800079b4                BOARDGetBoardName
 .text.BOARDGetBaseBoardRevName
                0x80007a60       0x54 C:\ti\pdk_am335x_1_0_17\packages\ti\starterware\binary\board\lib\am335x-evm\a8\debug\gcc\libboard.a(board.o)
                0x80007a60                BOARDGetBaseBoardRevName
 .text.BOARDGetDcRevName
                0x80007ab4       0x54 C:\ti\pdk_am335x_1_0_17\packages\ti\starterware\binary\board\lib\am335x-evm\a8\debug\gcc\libboard.a(board.o)
                0x80007ab4                BOARDGetDcRevName
 .text.BOARDGetData
                0x80007b08       0x54 C:\ti\pdk_am335x_1_0_17\packages\ti\starterware\binary\board\lib\am335x-evm\a8\debug\gcc\libboard.a(board.o)
                0x80007b08                BOARDGetData
 .text.BOARDGetDeviceCtrlModId
                0x80007b5c      0x198 C:\ti\pdk_am335x_1_0_17\packages\ti\starterware\binary\board\lib\am335x-evm\a8\debug\gcc\libboard.a(board.o)
                0x80007b5c                BOARDGetDeviceCtrlModId
 .text.BOARDGetDeviceCtrlModInstNum
                0x80007cf4       0xdc C:\ti\pdk_am335x_1_0_17\packages\ti\starterware\binary\board\lib\am335x-evm\a8\debug\gcc\libboard.a(board.o)
                0x80007cf4                BOARDGetDeviceCtrlModInstNum
 .text.BOARDGetDeviceCtrlInfo
                0x80007dd0       0xbc C:\ti\pdk_am335x_1_0_17\packages\ti\starterware\binary\board\lib\am335x-evm\a8\debug\gcc\libboard.a(board.o)
                0x80007dd0                BOARDGetDeviceCtrlInfo
 .text.BOARDPrintInfo
                0x80007e8c       0x88 C:\ti\pdk_am335x_1_0_17\packages\ti\starterware\binary\board\lib\am335x-evm\a8\debug\gcc\libboard.a(board.o)
                0x80007e8c                BOARDPrintInfo
 .text          0x80007f14        0x0 C:\ti\pdk_am335x_1_0_17\packages\ti\starterware\binary\board\lib\am335x-evm\a8\debug\gcc\libboard.a(dcard.o)
 .text.DCARDGetDCardList
                0x80007f14       0x4c C:\ti\pdk_am335x_1_0_17\packages\ti\starterware\binary\board\lib\am335x-evm\a8\debug\gcc\libboard.a(dcard.o)
                0x80007f14                DCARDGetDCardList
 .text.DCARDIsDevPresent
                0x80007f60       0xb4 C:\ti\pdk_am335x_1_0_17\packages\ti\starterware\binary\board\lib\am335x-evm\a8\debug\gcc\libboard.a(dcard.o)
                0x80007f60                DCARDIsDevPresent
 .text.DCARDGetDeviceCtrlModId
                0x80008014       0xe4 C:\ti\pdk_am335x_1_0_17\packages\ti\starterware\binary\board\lib\am335x-evm\a8\debug\gcc\libboard.a(dcard.o)
                0x80008014                DCARDGetDeviceCtrlModId
 .text.DCARDGetRevStr
                0x800080f8       0x50 C:\ti\pdk_am335x_1_0_17\packages\ti\starterware\binary\board\lib\am335x-evm\a8\debug\gcc\libboard.a(dcard.o)
                0x800080f8                DCARDGetRevStr
 .text.DCARDGetData
                0x80008148       0x70 C:\ti\pdk_am335x_1_0_17\packages\ti\starterware\binary\board\lib\am335x-evm\a8\debug\gcc\libboard.a(dcard.o)
                0x80008148                DCARDGetData
 .text.DCARDGetRevTable
                0x800081b8       0x40 C:\ti\pdk_am335x_1_0_17\packages\ti\starterware\binary\board\lib\am335x-evm\a8\debug\gcc\libboard.a(dcard.o)
                0x800081b8                DCARDGetRevTable
 .text          0x800081f8        0x0 C:\ti\pdk_am335x_1_0_17\packages\ti\starterware\binary\board\lib\am335x-evm\a8\debug\gcc\libboard.a(platform.o)
 .text.PLATFORMGetId
                0x800081f8       0x30 C:\ti\pdk_am335x_1_0_17\packages\ti\starterware\binary\board\lib\am335x-evm\a8\debug\gcc\libboard.a(platform.o)
                0x800081f8                PLATFORMGetId
 .text          0x80008228        0x0 C:\ti\pdk_am335x_1_0_17\packages\ti\starterware\binary\board\lib\am335x-evm\a8\debug\gcc\libboard.a(pinmux.o)
 .text.HW_WR_REG32
                0x80008228       0x34 C:\ti\pdk_am335x_1_0_17\packages\ti\starterware\binary\board\lib\am335x-evm\a8\debug\gcc\libboard.a(pinmux.o)
 .text.PINMUXModuleConfig
                0x8000825c      0x30c C:\ti\pdk_am335x_1_0_17\packages\ti\starterware\binary\board\lib\am335x-evm\a8\debug\gcc\libboard.a(pinmux.o)
                0x8000825c                PINMUXModuleConfig
 .text          0x80008568        0x0 C:\ti\pdk_am335x_1_0_17\packages\ti\starterware\binary\board\lib\am335x-evm\a8\debug\gcc\libboard.a(board_am335x.o)
 .text.BoardAm335xInit
                0x80008568       0xd8 C:\ti\pdk_am335x_1_0_17\packages\ti\starterware\binary\board\lib\am335x-evm\a8\debug\gcc\libboard.a(board_am335x.o)
                0x80008568                BoardAm335xInit
 .text.BoardGetIdAm335x
                0x80008640      0x378 C:\ti\pdk_am335x_1_0_17\packages\ti\starterware\binary\board\lib\am335x-evm\a8\debug\gcc\libboard.a(board_am335x.o)
                0x80008640                BoardGetIdAm335x
 .text.BoardGetBaseBoardRevAm335x
                0x800089b8      0x110 C:\ti\pdk_am335x_1_0_17\packages\ti\starterware\binary\board\lib\am335x-evm\a8\debug\gcc\libboard.a(board_am335x.o)
                0x800089b8                BoardGetBaseBoardRevAm335x
 .text.BoardGetBaseBoardRevNameAm335x
                0x80008ac8       0x68 C:\ti\pdk_am335x_1_0_17\packages\ti\starterware\binary\board\lib\am335x-evm\a8\debug\gcc\libboard.a(board_am335x.o)
                0x80008ac8                BoardGetBaseBoardRevNameAm335x
 .text.BoardGetDcRevAm335x
                0x80008b30       0x68 C:\ti\pdk_am335x_1_0_17\packages\ti\starterware\binary\board\lib\am335x-evm\a8\debug\gcc\libboard.a(board_am335x.o)
                0x80008b30                BoardGetDcRevAm335x
 .text.BoardGetDcRevNameAm335x
                0x80008b98       0x70 C:\ti\pdk_am335x_1_0_17\packages\ti\starterware\binary\board\lib\am335x-evm\a8\debug\gcc\libboard.a(board_am335x.o)
                0x80008b98                BoardGetDcRevNameAm335x
 .text.BoardGetI2cDataAm335x
                0x80008c08       0x20 C:\ti\pdk_am335x_1_0_17\packages\ti\starterware\binary\board\lib\am335x-evm\a8\debug\gcc\libboard.a(board_am335x.o)
                0x80008c08                BoardGetI2cDataAm335x
 .text.BoardGetDataAm335x
                0x80008c28       0x4c C:\ti\pdk_am335x_1_0_17\packages\ti\starterware\binary\board\lib\am335x-evm\a8\debug\gcc\libboard.a(board_am335x.o)
                0x80008c28                BoardGetDataAm335x
 .text          0x80008c74        0x0 C:\ti\pdk_am335x_1_0_17\packages\ti\starterware\binary\board\lib\am335x-evm\a8\debug\gcc\libboard.a(dcard_am335x.o)
 .text.DCardAm335xGetDCardList
                0x80008c74       0x20 C:\ti\pdk_am335x_1_0_17\packages\ti\starterware\binary\board\lib\am335x-evm\a8\debug\gcc\libboard.a(dcard_am335x.o)
                0x80008c74                DCardAm335xGetDCardList
 .text          0x80008c94        0x0 C:\ti\pdk_am335x_1_0_17\packages\ti\starterware\binary\board\lib\am335x-evm\a8\debug\gcc\libboard.a(am335x_gpevm.o)
 .text.BoardAm335xGpevmLcdDevicePowerOn
                0x80008c94      0x164 C:\ti\pdk_am335x_1_0_17\packages\ti\starterware\binary\board\lib\am335x-evm\a8\debug\gcc\libboard.a(am335x_gpevm.o)
                0x80008c94                BoardAm335xGpevmLcdDevicePowerOn
 .text.BoardAm335xGpevmGetLcdDevData
                0x80008df8       0x64 C:\ti\pdk_am335x_1_0_17\packages\ti\starterware\binary\board\lib\am335x-evm\a8\debug\gcc\libboard.a(am335x_gpevm.o)
                0x80008df8                BoardAm335xGpevmGetLcdDevData
 .text.BoardAm335xGpevmLcdUpdnPinControl
                0x80008e5c      0x1e8 C:\ti\pdk_am335x_1_0_17\packages\ti\starterware\binary\board\lib\am335x-evm\a8\debug\gcc\libboard.a(am335x_gpevm.o)
                0x80008e5c                BoardAm335xGpevmLcdUpdnPinControl
 .text.BoardAm335xGpevmGpioCfg
                0x80009044       0xb8 C:\ti\pdk_am335x_1_0_17\packages\ti\starterware\binary\board\lib\am335x-evm\a8\debug\gcc\libboard.a(am335x_gpevm.o)
                0x80009044                BoardAm335xGpevmGpioCfg
 .text          0x800090fc        0x0 C:\ti\pdk_am335x_1_0_17\packages\ti\starterware\binary\board\lib\am335x-evm\a8\debug\gcc\libboard.a(am335x_evmsk.o)
 .text          0x800090fc        0x0 C:\ti\pdk_am335x_1_0_17\packages\ti\starterware\binary\board\lib\am335x-evm\a8\debug\gcc\libboard.a(am335x_beaglebone.o)
 .text          0x800090fc        0x0 C:\ti\pdk_am335x_1_0_17\packages\ti\starterware\binary\board\lib\am335x-evm\a8\debug\gcc\libboard.a(am335x_beagleboneblack.o)
 .text.BoardAm335xBBBPowerOnDCardDev
                0x800090fc      0x100 C:\ti\pdk_am335x_1_0_17\packages\ti\starterware\binary\board\lib\am335x-evm\a8\debug\gcc\libboard.a(am335x_beagleboneblack.o)
                0x800090fc                BoardAm335xBBBPowerOnDCardDev
 .text.BoardAm335xBBBGetLcdDevData
                0x800091fc       0x64 C:\ti\pdk_am335x_1_0_17\packages\ti\starterware\binary\board\lib\am335x-evm\a8\debug\gcc\libboard.a(am335x_beagleboneblack.o)
                0x800091fc                BoardAm335xBBBGetLcdDevData
 .text.BoardAm335xBBBLcdBacklightEnable
                0x80009260       0xe0 C:\ti\pdk_am335x_1_0_17\packages\ti\starterware\binary\board\lib\am335x-evm\a8\debug\gcc\libboard.a(am335x_beagleboneblack.o)
                0x80009260                BoardAm335xBBBLcdBacklightEnable
 .text.BoardAm335xBBBLcdAvddEnable
                0x80009340       0xe0 C:\ti\pdk_am335x_1_0_17\packages\ti\starterware\binary\board\lib\am335x-evm\a8\debug\gcc\libboard.a(am335x_beagleboneblack.o)
                0x80009340                BoardAm335xBBBLcdAvddEnable
 .text.BoardAm335xBBBGpioCfg
                0x80009420       0xb8 C:\ti\pdk_am335x_1_0_17\packages\ti\starterware\binary\board\lib\am335x-evm\a8\debug\gcc\libboard.a(am335x_beagleboneblack.o)
                0x80009420                BoardAm335xBBBGpioCfg
 .text          0x800094d8        0x0 C:\ti\pdk_am335x_1_0_17\packages\ti\starterware\binary\board\lib\am335x-evm\a8\debug\gcc\libboard.a(am335x_icev1.o)
 .text          0x800094d8        0x0 C:\ti\pdk_am335x_1_0_17\packages\ti\starterware\binary\board\lib\am335x-evm\a8\debug\gcc\libboard.a(am335x_icev2.o)
 .text.BoardAm335xIceV2PhySetupAndReset
                0x800094d8      0x394 C:\ti\pdk_am335x_1_0_17\packages\ti\starterware\binary\board\lib\am335x-evm\a8\debug\gcc\libboard.a(am335x_icev2.o)
                0x800094d8                BoardAm335xIceV2PhySetupAndReset
 .text          0x8000986c        0x0 C:\ti\pdk_am335x_1_0_17\packages\ti\starterware\binary\board\lib\am335x-evm\a8\debug\gcc\libboard.a(am335x_amic110.o)
 .text.BoardAm335xAMIC110PhySetupAndReset
                0x8000986c      0x394 C:\ti\pdk_am335x_1_0_17\packages\ti\starterware\binary\board\lib\am335x-evm\a8\debug\gcc\libboard.a(am335x_amic110.o)
                0x8000986c                BoardAm335xAMIC110PhySetupAndReset
 .text          0x80009c00        0x0 C:\ti\pdk_am335x_1_0_17\packages\ti\starterware\binary\board\lib\am335x-evm\a8\debug\gcc\libboard.a(am335x_custom.o)
 .text          0x80009c00        0x0 C:\ti\pdk_am335x_1_0_17\packages\ti\starterware\binary\board\lib\am335x-evm\a8\debug\gcc\libboard.a(am335x_gpevm_pinmux_data.o)
 .text          0x80009c00        0x0 C:\ti\pdk_am335x_1_0_17\packages\ti\starterware\binary\board\lib\am335x-evm\a8\debug\gcc\libboard.a(am335x_evmsk_pinmux_data.o)
 .text          0x80009c00        0x0 C:\ti\pdk_am335x_1_0_17\packages\ti\starterware\binary\board\lib\am335x-evm\a8\debug\gcc\libboard.a(am335x_beaglebone_pinmux_data.o)
 .text          0x80009c00        0x0 C:\ti\pdk_am335x_1_0_17\packages\ti\starterware\binary\board\lib\am335x-evm\a8\debug\gcc\libboard.a(am335x_beagleboneblack_pinmux_data.o)
 .text          0x80009c00        0x0 C:\ti\pdk_am335x_1_0_17\packages\ti\starterware\binary\board\lib\am335x-evm\a8\debug\gcc\libboard.a(am335x_icev1_pinmux_data.o)
 .text          0x80009c00        0x0 C:\ti\pdk_am335x_1_0_17\packages\ti\starterware\binary\board\lib\am335x-evm\a8\debug\gcc\libboard.a(am335x_icev2_pinmux_data.o)
 .text          0x80009c00        0x0 C:\ti\pdk_am335x_1_0_17\packages\ti\starterware\binary\board\lib\am335x-evm\a8\debug\gcc\libboard.a(am335x_amic11x_pinmux_data.o)
 .text          0x80009c00        0x0 C:\ti\pdk_am335x_1_0_17\packages\ti\starterware\binary\board\lib\am335x-evm\a8\debug\gcc\libboard.a(am335x_lcd4_dcard.o)
 .text.DCardAm335xLCD4GetEepromOffset
                0x80009c00       0x54 C:\ti\pdk_am335x_1_0_17\packages\ti\starterware\binary\board\lib\am335x-evm\a8\debug\gcc\libboard.a(am335x_lcd4_dcard.o)
                0x80009c00                DCardAm335xLCD4GetEepromOffset
 .text.DCardAm335xLCD4GetEepromOffsetSize
                0x80009c54       0x1c C:\ti\pdk_am335x_1_0_17\packages\ti\starterware\binary\board\lib\am335x-evm\a8\debug\gcc\libboard.a(am335x_lcd4_dcard.o)
                0x80009c54                DCardAm335xLCD4GetEepromOffsetSize
 .text          0x80009c70        0x0 C:\ti\pdk_am335x_1_0_17\packages\ti\starterware\binary\utils\lib\am335x-evm\a8\debug\gcc\libutils.a(console_utils.o)
 .text.CONSOLEUtilsInit
                0x80009c70       0x20 C:\ti\pdk_am335x_1_0_17\packages\ti\starterware\binary\utils\lib\am335x-evm\a8\debug\gcc\libutils.a(console_utils.o)
                0x80009c70                CONSOLEUtilsInit
 .text.CONSOLEUtilsSetType
                0x80009c90       0x68 C:\ti\pdk_am335x_1_0_17\packages\ti\starterware\binary\utils\lib\am335x-evm\a8\debug\gcc\libutils.a(console_utils.o)
                0x80009c90                CONSOLEUtilsSetType
 .text.CONSOLEUtilsPrintf
                0x80009cf8       0x7c C:\ti\pdk_am335x_1_0_17\packages\ti\starterware\binary\utils\lib\am335x-evm\a8\debug\gcc\libutils.a(console_utils.o)
                0x80009cf8                CONSOLEUtilsPrintf
 .text          0x80009d74        0x0 C:\ti\pdk_am335x_1_0_17\packages\ti\starterware\binary\utils\lib\am335x-evm\a8\debug\gcc\libutils.a(i2c_utils.o)
 .text.HW_RD_REG32
                0x80009d74       0x34 C:\ti\pdk_am335x_1_0_17\packages\ti\starterware\binary\utils\lib\am335x-evm\a8\debug\gcc\libutils.a(i2c_utils.o)
 .text.HW_WR_REG32
                0x80009da8       0x34 C:\ti\pdk_am335x_1_0_17\packages\ti\starterware\binary\utils\lib\am335x-evm\a8\debug\gcc\libutils.a(i2c_utils.o)
 .text.I2CUtilsInit
                0x80009ddc      0x21c C:\ti\pdk_am335x_1_0_17\packages\ti\starterware\binary\utils\lib\am335x-evm\a8\debug\gcc\libutils.a(i2c_utils.o)
                0x80009ddc                I2CUtilsInit
 .text.I2CUtilsWrite
                0x80009ff8      0x1c8 C:\ti\pdk_am335x_1_0_17\packages\ti\starterware\binary\utils\lib\am335x-evm\a8\debug\gcc\libutils.a(i2c_utils.o)
                0x80009ff8                I2CUtilsWrite
 .text.I2CUtilsRead
                0x8000a1c0      0x1cc C:\ti\pdk_am335x_1_0_17\packages\ti\starterware\binary\utils\lib\am335x-evm\a8\debug\gcc\libutils.a(i2c_utils.o)